Component: ARM Compiler 5.05 update 1 (build 106) Tool: armlink [4d0efa]

==============================================================================

Section Cross References

    system_py32f0xx.o(i.$Sub$$main) refers to main.o(i.main) for $Super$$main
    system_py32f0xx.o(i.$Sub$$main) refers to system_py32f0xx.o(.ARM.__at_0x20000000) for VECT_SRAM_TAB
    system_py32f0xx.o(i.SystemCoreClockUpdate) refers to uidiv.o(.text) for __aeabi_uidivmod
    system_py32f0xx.o(i.SystemCoreClockUpdate) refers to system_py32f0xx.o(.data) for SystemCoreClock
    system_py32f0xx.o(i.SystemCoreClockUpdate) refers to system_py32f0xx.o(.constdata) for HSIFreqTable
    startup_py32f002xx.o(RESET) refers to startup_py32f002xx.o(STACK) for __initial_sp
    startup_py32f002xx.o(RESET) refers to startup_py32f002xx.o(.text) for Reset_Handler
    startup_py32f002xx.o(RESET) refers to py32f0xx_it.o(i.NMI_Handler) for NMI_Handler
    startup_py32f002xx.o(RESET) refers to py32f0xx_it.o(i.HardFault_Handler) for HardFault_Handler
    startup_py32f002xx.o(RESET) refers to py32f0xx_it.o(i.SVC_Handler) for SVC_Handler
    startup_py32f002xx.o(RESET) refers to py32f0xx_it.o(i.PendSV_Handler) for PendSV_Handler
    startup_py32f002xx.o(RESET) refers to py32f0xx_it.o(i.SysTick_Handler) for SysTick_Handler
    startup_py32f002xx.o(.text) refers to system_py32f0xx.o(i.SystemInit) for SystemInit
    startup_py32f002xx.o(.text) refers to entry.o(.ARM.Collect$$$$00000000) for __main
    main.o(i.APP_FlashBlank) refers to main.o(i.Error_Handler) for Error_Handler
    main.o(i.APP_FlashErase) refers to py32f0xx_hal_flash.o(i.HAL_FLASH_Erase) for HAL_FLASH_Erase
    main.o(i.APP_FlashErase) refers to main.o(i.Error_Handler) for Error_Handler
    main.o(i.APP_FlashProgram) refers to py32f0xx_hal_flash.o(i.HAL_FLASH_Program) for HAL_FLASH_Program
    main.o(i.APP_FlashProgram) refers to main.o(.data) for DATA
    main.o(i.APP_FlashVerify) refers to main.o(i.Error_Handler) for Error_Handler
    main.o(i.APP_FlashVerify) refers to main.o(.data) for DATA
    main.o(i.APP_SystemClockConfig) refers to memseta.o(.text) for __aeabi_memclr4
    main.o(i.APP_SystemClockConfig) refers to py32f0xx_hal_rcc.o(i.HAL_RCC_OscConfig) for HAL_RCC_OscConfig
    main.o(i.APP_SystemClockConfig) refers to main.o(i.Error_Handler) for Error_Handler
    main.o(i.APP_SystemClockConfig) refers to py32f0xx_hal_rcc.o(i.HAL_RCC_ClockConfig) for HAL_RCC_ClockConfig
    main.o(i.main) refers to py32f0xx_hal.o(i.HAL_Init) for HAL_Init
    main.o(i.main) refers to py32f002xx_start_kit.o(i.BSP_PB_Init) for BSP_PB_Init
    main.o(i.main) refers to py32f002xx_start_kit.o(i.BSP_USART_Config) for BSP_USART_Config
    main.o(i.main) refers to py32f002xx_start_kit.o(i.BSP_PB_GetState) for BSP_PB_GetState
    main.o(i.main) refers to py32f002xx_start_kit.o(i.BSP_LED_Init) for BSP_LED_Init
    main.o(i.main) refers to main.o(i.APP_SystemClockConfig) for APP_SystemClockConfig
    main.o(i.main) refers to py32f0xx_hal_flash.o(i.HAL_FLASH_Unlock) for HAL_FLASH_Unlock
    main.o(i.main) refers to main.o(i.APP_FlashErase) for APP_FlashErase
    main.o(i.main) refers to main.o(i.APP_FlashBlank) for APP_FlashBlank
    main.o(i.main) refers to main.o(i.APP_FlashProgram) for APP_FlashProgram
    main.o(i.main) refers to py32f0xx_hal_flash.o(i.HAL_FLASH_Lock) for HAL_FLASH_Lock
    main.o(i.main) refers to main.o(i.APP_FlashVerify) for APP_FlashVerify
    main.o(i.main) refers to py32f002xx_start_kit.o(i.BSP_LED_Toggle) for BSP_LED_Toggle
    main.o(i.main) refers to py32f0xx_hal.o(i.HAL_Delay) for HAL_Delay
    main.o(i.main) refers to putc.o(i.putc) for putc
    main.o(i.main) refers to stdout.o(.data) for __stdout
    py32f0xx_hal_msp.o(i.HAL_MspInit) refers to py32f002xx_start_kit.o(i.BSP_LED_Init) for BSP_LED_Init
    py32f0xx_it.o(i.SysTick_Handler) refers to py32f0xx_hal.o(i.HAL_IncTick) for HAL_IncTick
    py32f002xx_start_kit.o(i.BSP_LED_DeInit) refers to py32f0xx_hal_gpio.o(i.HAL_GPIO_WritePin) for HAL_GPIO_WritePin
    py32f002xx_start_kit.o(i.BSP_LED_DeInit) refers to py32f0xx_hal_gpio.o(i.HAL_GPIO_DeInit) for HAL_GPIO_DeInit
    py32f002xx_start_kit.o(i.BSP_LED_DeInit) refers to py32f002xx_start_kit.o(.constdata) for LED_PIN
    py32f002xx_start_kit.o(i.BSP_LED_DeInit) refers to py32f002xx_start_kit.o(.data) for LED_PORT
    py32f002xx_start_kit.o(i.BSP_LED_Init) refers to py32f0xx_hal_gpio.o(i.HAL_GPIO_Init) for HAL_GPIO_Init
    py32f002xx_start_kit.o(i.BSP_LED_Init) refers to py32f0xx_hal_gpio.o(i.HAL_GPIO_WritePin) for HAL_GPIO_WritePin
    py32f002xx_start_kit.o(i.BSP_LED_Init) refers to py32f002xx_start_kit.o(.constdata) for LED_PIN
    py32f002xx_start_kit.o(i.BSP_LED_Init) refers to py32f002xx_start_kit.o(.data) for LED_PORT
    py32f002xx_start_kit.o(i.BSP_LED_Off) refers to py32f0xx_hal_gpio.o(i.HAL_GPIO_WritePin) for HAL_GPIO_WritePin
    py32f002xx_start_kit.o(i.BSP_LED_Off) refers to py32f002xx_start_kit.o(.constdata) for LED_PIN
    py32f002xx_start_kit.o(i.BSP_LED_Off) refers to py32f002xx_start_kit.o(.data) for LED_PORT
    py32f002xx_start_kit.o(i.BSP_LED_On) refers to py32f0xx_hal_gpio.o(i.HAL_GPIO_WritePin) for HAL_GPIO_WritePin
    py32f002xx_start_kit.o(i.BSP_LED_On) refers to py32f002xx_start_kit.o(.constdata) for LED_PIN
    py32f002xx_start_kit.o(i.BSP_LED_On) refers to py32f002xx_start_kit.o(.data) for LED_PORT
    py32f002xx_start_kit.o(i.BSP_LED_Toggle) refers to py32f0xx_hal_gpio.o(i.HAL_GPIO_TogglePin) for HAL_GPIO_TogglePin
    py32f002xx_start_kit.o(i.BSP_LED_Toggle) refers to py32f002xx_start_kit.o(.constdata) for LED_PIN
    py32f002xx_start_kit.o(i.BSP_LED_Toggle) refers to py32f002xx_start_kit.o(.data) for LED_PORT
    py32f002xx_start_kit.o(i.BSP_PB_DeInit) refers to py32f0xx_hal_cortex.o(i.HAL_NVIC_DisableIRQ) for HAL_NVIC_DisableIRQ
    py32f002xx_start_kit.o(i.BSP_PB_DeInit) refers to py32f0xx_hal_gpio.o(i.HAL_GPIO_DeInit) for HAL_GPIO_DeInit
    py32f002xx_start_kit.o(i.BSP_PB_DeInit) refers to py32f002xx_start_kit.o(.constdata) for BUTTON_PIN
    py32f002xx_start_kit.o(i.BSP_PB_DeInit) refers to py32f002xx_start_kit.o(.data) for BUTTON_PORT
    py32f002xx_start_kit.o(i.BSP_PB_GetState) refers to py32f0xx_hal_gpio.o(i.HAL_GPIO_ReadPin) for HAL_GPIO_ReadPin
    py32f002xx_start_kit.o(i.BSP_PB_GetState) refers to py32f002xx_start_kit.o(.constdata) for BUTTON_PIN
    py32f002xx_start_kit.o(i.BSP_PB_GetState) refers to py32f002xx_start_kit.o(.data) for BUTTON_PORT
    py32f002xx_start_kit.o(i.BSP_PB_Init) refers to py32f0xx_hal_gpio.o(i.HAL_GPIO_Init) for HAL_GPIO_Init
    py32f002xx_start_kit.o(i.BSP_PB_Init) refers to py32f0xx_hal_cortex.o(i.HAL_NVIC_SetPriority) for HAL_NVIC_SetPriority
    py32f002xx_start_kit.o(i.BSP_PB_Init) refers to py32f0xx_hal_cortex.o(i.HAL_NVIC_EnableIRQ) for HAL_NVIC_EnableIRQ
    py32f002xx_start_kit.o(i.BSP_PB_Init) refers to py32f002xx_start_kit.o(.constdata) for BUTTON_PIN
    py32f002xx_start_kit.o(i.BSP_PB_Init) refers to py32f002xx_start_kit.o(.data) for BUTTON_PORT
    py32f002xx_start_kit.o(i.BSP_USART_Config) refers to py32f0xx_hal_uart.o(i.HAL_UART_Init) for HAL_UART_Init
    py32f002xx_start_kit.o(i.BSP_USART_Config) refers to py32f0xx_hal_gpio.o(i.HAL_GPIO_Init) for HAL_GPIO_Init
    py32f002xx_start_kit.o(i.BSP_USART_Config) refers to py32f0xx_hal_cortex.o(i.HAL_NVIC_SetPriority) for HAL_NVIC_SetPriority
    py32f002xx_start_kit.o(i.BSP_USART_Config) refers to py32f0xx_hal_cortex.o(i.HAL_NVIC_EnableIRQ) for HAL_NVIC_EnableIRQ
    py32f002xx_start_kit.o(i.BSP_USART_Config) refers to py32f002xx_start_kit.o(.bss) for DebugUartHandle
    py32f002xx_start_kit.o(i.fgetc) refers to py32f0xx_hal_uart.o(i.HAL_UART_Receive) for HAL_UART_Receive
    py32f002xx_start_kit.o(i.fgetc) refers to py32f002xx_start_kit.o(.bss) for DebugUartHandle
    py32f002xx_start_kit.o(i.fputc) refers to py32f0xx_hal_uart.o(i.HAL_UART_Transmit) for HAL_UART_Transmit
    py32f002xx_start_kit.o(i.fputc) refers to py32f002xx_start_kit.o(.bss) for DebugUartHandle
    py32f0xx_hal.o(i.HAL_DeInit) refers to py32f0xx_hal.o(i.HAL_MspDeInit) for HAL_MspDeInit
    py32f0xx_hal.o(i.HAL_Delay) refers to py32f0xx_hal.o(i.HAL_GetTick) for HAL_GetTick
    py32f0xx_hal.o(i.HAL_Delay) refers to py32f0xx_hal.o(.data) for uwTickFreq
    py32f0xx_hal.o(i.HAL_GetTick) refers to py32f0xx_hal.o(.data) for uwTick
    py32f0xx_hal.o(i.HAL_GetTickFreq) refers to py32f0xx_hal.o(.data) for uwTickFreq
    py32f0xx_hal.o(i.HAL_GetTickPrio) refers to py32f0xx_hal.o(.data) for uwTickPrio
    py32f0xx_hal.o(i.HAL_IncTick) refers to py32f0xx_hal.o(.data) for uwTick
    py32f0xx_hal.o(i.HAL_Init) refers to py32f0xx_hal.o(i.HAL_InitTick) for HAL_InitTick
    py32f0xx_hal.o(i.HAL_Init) refers to py32f0xx_hal_msp.o(i.HAL_MspInit) for HAL_MspInit
    py32f0xx_hal.o(i.HAL_InitTick) refers to uidiv.o(.text) for __aeabi_uidivmod
    py32f0xx_hal.o(i.HAL_InitTick) refers to py32f0xx_hal_cortex.o(i.HAL_SYSTICK_Config) for HAL_SYSTICK_Config
    py32f0xx_hal.o(i.HAL_InitTick) refers to py32f0xx_hal_cortex.o(i.HAL_NVIC_SetPriority) for HAL_NVIC_SetPriority
    py32f0xx_hal.o(i.HAL_InitTick) refers to py32f0xx_hal.o(.data) for uwTickFreq
    py32f0xx_hal.o(i.HAL_InitTick) refers to system_py32f0xx.o(.data) for SystemCoreClock
    py32f0xx_hal.o(i.HAL_SetTickFreq) refers to py32f0xx_hal.o(i.HAL_InitTick) for HAL_InitTick
    py32f0xx_hal.o(i.HAL_SetTickFreq) refers to py32f0xx_hal.o(.data) for uwTickFreq
    py32f0xx_hal_rcc.o(i.HAL_RCC_ClockConfig) refers to py32f0xx_hal.o(i.HAL_GetTick) for HAL_GetTick
    py32f0xx_hal_rcc.o(i.HAL_RCC_ClockConfig) refers to py32f0xx_hal_rcc.o(i.HAL_RCC_GetSysClockFreq) for HAL_RCC_GetSysClockFreq
    py32f0xx_hal_rcc.o(i.HAL_RCC_ClockConfig) refers to py32f0xx_hal.o(i.HAL_InitTick) for HAL_InitTick
    py32f0xx_hal_rcc.o(i.HAL_RCC_ClockConfig) refers to system_py32f0xx.o(.constdata) for AHBPrescTable
    py32f0xx_hal_rcc.o(i.HAL_RCC_ClockConfig) refers to system_py32f0xx.o(.data) for SystemCoreClock
    py32f0xx_hal_rcc.o(i.HAL_RCC_ClockConfig) refers to py32f0xx_hal.o(.data) for uwTickPrio
    py32f0xx_hal_rcc.o(i.HAL_RCC_DeInit) refers to py32f0xx_hal.o(i.HAL_GetTick) for HAL_GetTick
    py32f0xx_hal_rcc.o(i.HAL_RCC_DeInit) refers to py32f0xx_hal.o(i.HAL_InitTick) for HAL_InitTick
    py32f0xx_hal_rcc.o(i.HAL_RCC_DeInit) refers to system_py32f0xx.o(.data) for SystemCoreClock
    py32f0xx_hal_rcc.o(i.HAL_RCC_DeInit) refers to py32f0xx_hal.o(.data) for uwTickPrio
    py32f0xx_hal_rcc.o(i.HAL_RCC_GetHCLKFreq) refers to system_py32f0xx.o(.data) for SystemCoreClock
    py32f0xx_hal_rcc.o(i.HAL_RCC_GetPCLK1Freq) refers to py32f0xx_hal_rcc.o(i.HAL_RCC_GetHCLKFreq) for HAL_RCC_GetHCLKFreq
    py32f0xx_hal_rcc.o(i.HAL_RCC_GetPCLK1Freq) refers to system_py32f0xx.o(.constdata) for APBPrescTable
    py32f0xx_hal_rcc.o(i.HAL_RCC_GetSysClockFreq) refers to memcpya.o(.text) for __aeabi_memcpy4
    py32f0xx_hal_rcc.o(i.HAL_RCC_GetSysClockFreq) refers to uidiv.o(.text) for __aeabi_uidivmod
    py32f0xx_hal_rcc.o(i.HAL_RCC_GetSysClockFreq) refers to py32f0xx_hal_rcc.o(.constdata) for .constdata
    py32f0xx_hal_rcc.o(i.HAL_RCC_MCOConfig) refers to py32f0xx_hal_rcc.o(i.__ARM_common_switch8) for __ARM_common_switch8
    py32f0xx_hal_rcc.o(i.HAL_RCC_MCOConfig) refers to py32f0xx_hal_gpio.o(i.HAL_GPIO_Init) for HAL_GPIO_Init
    py32f0xx_hal_rcc.o(i.HAL_RCC_NMI_IRQHandler) refers to py32f0xx_hal_rcc.o(i.HAL_RCC_CSSCallback) for HAL_RCC_CSSCallback
    py32f0xx_hal_rcc.o(i.HAL_RCC_OscConfig) refers to py32f0xx_hal.o(i.HAL_GetTick) for HAL_GetTick
    py32f0xx_hal_rcc.o(i.HAL_RCC_OscConfig) refers to py32f0xx_hal_rcc.o(i.HAL_RCC_GetSysClockFreq) for HAL_RCC_GetSysClockFreq
    py32f0xx_hal_rcc.o(i.HAL_RCC_OscConfig) refers to py32f0xx_hal.o(i.HAL_InitTick) for HAL_InitTick
    py32f0xx_hal_rcc.o(i.HAL_RCC_OscConfig) refers to system_py32f0xx.o(.constdata) for AHBPrescTable
    py32f0xx_hal_rcc.o(i.HAL_RCC_OscConfig) refers to system_py32f0xx.o(.data) for SystemCoreClock
    py32f0xx_hal_rcc.o(i.HAL_RCC_OscConfig) refers to py32f0xx_hal.o(.data) for uwTickPrio
    py32f0xx_hal_gpio.o(i.HAL_GPIO_EXTI_IRQHandler) refers to py32f0xx_hal_gpio.o(i.HAL_GPIO_EXTI_Callback) for HAL_GPIO_EXTI_Callback
    py32f0xx_hal_uart.o(i.HAL_HalfDuplex_Init) refers to py32f0xx_hal_uart.o(i.HAL_UART_MspInit) for HAL_UART_MspInit
    py32f0xx_hal_uart.o(i.HAL_HalfDuplex_Init) refers to py32f0xx_hal_uart.o(i.UART_SetConfig) for UART_SetConfig
    py32f0xx_hal_uart.o(i.HAL_MultiProcessor_Init) refers to py32f0xx_hal_uart.o(i.HAL_UART_MspInit) for HAL_UART_MspInit
    py32f0xx_hal_uart.o(i.HAL_MultiProcessor_Init) refers to py32f0xx_hal_uart.o(i.UART_SetConfig) for UART_SetConfig
    py32f0xx_hal_uart.o(i.HAL_UART_AbortReceive_IT) refers to py32f0xx_hal_uart.o(i.HAL_UART_AbortReceiveCpltCallback) for HAL_UART_AbortReceiveCpltCallback
    py32f0xx_hal_uart.o(i.HAL_UART_AbortTransmit_IT) refers to py32f0xx_hal_uart.o(i.HAL_UART_AbortTransmitCpltCallback) for HAL_UART_AbortTransmitCpltCallback
    py32f0xx_hal_uart.o(i.HAL_UART_Abort_IT) refers to py32f0xx_hal_uart.o(i.HAL_UART_AbortCpltCallback) for HAL_UART_AbortCpltCallback
    py32f0xx_hal_uart.o(i.HAL_UART_DeInit) refers to py32f0xx_hal_uart.o(i.HAL_UART_MspDeInit) for HAL_UART_MspDeInit
    py32f0xx_hal_uart.o(i.HAL_UART_IRQHandler) refers to py32f0xx_hal_uart.o(i.UART_Receive_IT) for UART_Receive_IT
    py32f0xx_hal_uart.o(i.HAL_UART_IRQHandler) refers to py32f0xx_hal_uart.o(i.UART_EndRxTransfer) for UART_EndRxTransfer
    py32f0xx_hal_uart.o(i.HAL_UART_IRQHandler) refers to py32f0xx_hal_uart.o(i.HAL_UART_ErrorCallback) for HAL_UART_ErrorCallback
    py32f0xx_hal_uart.o(i.HAL_UART_IRQHandler) refers to py32f0xx_hal_uart.o(i.UART_Transmit_IT) for UART_Transmit_IT
    py32f0xx_hal_uart.o(i.HAL_UART_IRQHandler) refers to py32f0xx_hal_uart.o(i.UART_EndTransmit_IT) for UART_EndTransmit_IT
    py32f0xx_hal_uart.o(i.HAL_UART_Init) refers to py32f0xx_hal_uart.o(i.HAL_UART_MspInit) for HAL_UART_MspInit
    py32f0xx_hal_uart.o(i.HAL_UART_Init) refers to py32f0xx_hal_uart.o(i.UART_SetConfig) for UART_SetConfig
    py32f0xx_hal_uart.o(i.HAL_UART_Init) refers to py32f0xx_hal_uart.o(i.UART_AdvFeatureConfig) for UART_AdvFeatureConfig
    py32f0xx_hal_uart.o(i.HAL_UART_Receive) refers to py32f0xx_hal.o(i.HAL_GetTick) for HAL_GetTick
    py32f0xx_hal_uart.o(i.HAL_UART_Receive) refers to py32f0xx_hal_uart.o(i.UART_WaitOnFlagUntilTimeout) for UART_WaitOnFlagUntilTimeout
    py32f0xx_hal_uart.o(i.HAL_UART_Transmit) refers to py32f0xx_hal.o(i.HAL_GetTick) for HAL_GetTick
    py32f0xx_hal_uart.o(i.HAL_UART_Transmit) refers to py32f0xx_hal_uart.o(i.UART_WaitOnFlagUntilTimeout) for UART_WaitOnFlagUntilTimeout
    py32f0xx_hal_uart.o(i.UART_EndTransmit_IT) refers to py32f0xx_hal_uart.o(i.HAL_UART_TxCpltCallback) for HAL_UART_TxCpltCallback
    py32f0xx_hal_uart.o(i.UART_Receive_IT) refers to py32f0xx_hal_uart.o(i.HAL_UART_RxCpltCallback) for HAL_UART_RxCpltCallback
    py32f0xx_hal_uart.o(i.UART_SetConfig) refers to py32f0xx_hal_rcc.o(i.HAL_RCC_GetPCLK1Freq) for HAL_RCC_GetPCLK1Freq
    py32f0xx_hal_uart.o(i.UART_SetConfig) refers to uidiv.o(.text) for __aeabi_uidivmod
    py32f0xx_hal_uart.o(i.UART_WaitOnFlagUntilTimeout) refers to py32f0xx_hal.o(i.HAL_GetTick) for HAL_GetTick
    py32f0xx_hal_cortex.o(i.HAL_NVIC_SetPriority) refers to py32f0xx_hal_cortex.o(i.NVIC_SetPriority) for NVIC_SetPriority
    py32f0xx_hal_cortex.o(i.HAL_SYSTICK_Config) refers to py32f0xx_hal_cortex.o(i.NVIC_SetPriority) for NVIC_SetPriority
    py32f0xx_hal_cortex.o(i.HAL_SYSTICK_IRQHandler) refers to py32f0xx_hal_cortex.o(i.HAL_SYSTICK_Callback) for HAL_SYSTICK_Callback
    py32f0xx_hal_flash.o(i.FLASH_MassErase) refers to py32f0xx_hal_flash.o(.bss) for pFlash
    py32f0xx_hal_flash.o(i.FLASH_PageErase) refers to py32f0xx_hal_flash.o(.bss) for pFlash
    py32f0xx_hal_flash.o(i.FLASH_WaitForLastOperation) refers to py32f0xx_hal.o(i.HAL_GetTick) for HAL_GetTick
    py32f0xx_hal_flash.o(i.HAL_FLASH_Erase) refers to py32f0xx_hal_flash.o(i.FLASH_WaitForLastOperation) for FLASH_WaitForLastOperation
    py32f0xx_hal_flash.o(i.HAL_FLASH_Erase) refers to py32f0xx_hal_flash.o(i.FLASH_MassErase) for FLASH_MassErase
    py32f0xx_hal_flash.o(i.HAL_FLASH_Erase) refers to py32f0xx_hal_flash.o(i.FLASH_PageErase) for FLASH_PageErase
    py32f0xx_hal_flash.o(i.HAL_FLASH_Erase) refers to py32f0xx_hal_flash.o(i.FLASH_SectorErase) for FLASH_SectorErase
    py32f0xx_hal_flash.o(i.HAL_FLASH_Erase) refers to py32f0xx_hal_flash.o(.bss) for pFlash
    py32f0xx_hal_flash.o(i.HAL_FLASH_Erase) refers to py32f0xx_hal_flash.o(.constdata) for _FlashTimmingParam
    py32f0xx_hal_flash.o(i.HAL_FLASH_Erase_IT) refers to py32f0xx_hal_flash.o(i.FLASH_WaitForLastOperation) for FLASH_WaitForLastOperation
    py32f0xx_hal_flash.o(i.HAL_FLASH_Erase_IT) refers to py32f0xx_hal_flash.o(i.FLASH_MassErase) for FLASH_MassErase
    py32f0xx_hal_flash.o(i.HAL_FLASH_Erase_IT) refers to py32f0xx_hal_flash.o(i.FLASH_PageErase) for FLASH_PageErase
    py32f0xx_hal_flash.o(i.HAL_FLASH_Erase_IT) refers to py32f0xx_hal_flash.o(i.FLASH_SectorErase) for FLASH_SectorErase
    py32f0xx_hal_flash.o(i.HAL_FLASH_Erase_IT) refers to py32f0xx_hal_flash.o(.bss) for pFlash
    py32f0xx_hal_flash.o(i.HAL_FLASH_Erase_IT) refers to py32f0xx_hal_flash.o(.constdata) for _FlashTimmingParam
    py32f0xx_hal_flash.o(i.HAL_FLASH_GetError) refers to py32f0xx_hal_flash.o(.bss) for pFlash
    py32f0xx_hal_flash.o(i.HAL_FLASH_IRQHandler) refers to py32f0xx_hal_flash.o(i.HAL_FLASH_OperationErrorCallback) for HAL_FLASH_OperationErrorCallback
    py32f0xx_hal_flash.o(i.HAL_FLASH_IRQHandler) refers to py32f0xx_hal_flash.o(i.FLASH_PageErase) for FLASH_PageErase
    py32f0xx_hal_flash.o(i.HAL_FLASH_IRQHandler) refers to py32f0xx_hal_flash.o(i.FLASH_SectorErase) for FLASH_SectorErase
    py32f0xx_hal_flash.o(i.HAL_FLASH_IRQHandler) refers to py32f0xx_hal_flash.o(i.HAL_FLASH_EndOfOperationCallback) for HAL_FLASH_EndOfOperationCallback
    py32f0xx_hal_flash.o(i.HAL_FLASH_IRQHandler) refers to py32f0xx_hal_flash.o(.bss) for pFlash
    py32f0xx_hal_flash.o(i.HAL_FLASH_OBProgram) refers to py32f0xx_hal_flash.o(i.FLASH_OB_OptrConfig) for FLASH_OB_OptrConfig
    py32f0xx_hal_flash.o(i.HAL_FLASH_OBProgram) refers to py32f0xx_hal_flash.o(i.FLASH_OB_GetUser) for FLASH_OB_GetUser
    py32f0xx_hal_flash.o(i.HAL_FLASH_OBProgram) refers to py32f0xx_hal_flash.o(i.FLASH_OB_GetRDP) for FLASH_OB_GetRDP
    py32f0xx_hal_flash.o(i.HAL_FLASH_OBProgram) refers to py32f0xx_hal_flash.o(i.FLASH_WaitForLastOperation) for FLASH_WaitForLastOperation
    py32f0xx_hal_flash.o(i.HAL_FLASH_OBProgram) refers to py32f0xx_hal_flash.o(.bss) for pFlash
    py32f0xx_hal_flash.o(i.HAL_FLASH_OBProgram) refers to py32f0xx_hal_flash.o(.constdata) for _FlashTimmingParam
    py32f0xx_hal_flash.o(i.HAL_FLASH_OB_RDP_LevelConfig) refers to py32f0xx_hal_flash.o(i.FLASH_WaitForLastOperation) for FLASH_WaitForLastOperation
    py32f0xx_hal_flash.o(i.HAL_FLASH_OB_RDP_LevelConfig) refers to py32f0xx_hal_flash.o(.bss) for pFlash
    py32f0xx_hal_flash.o(i.HAL_FLASH_PageProgram) refers to py32f0xx_hal_flash.o(i.HAL_FLASH_Program) for HAL_FLASH_Program
    py32f0xx_hal_flash.o(i.HAL_FLASH_PageProgram_IT) refers to py32f0xx_hal_flash.o(i.HAL_FLASH_Program_IT) for HAL_FLASH_Program_IT
    py32f0xx_hal_flash.o(i.HAL_FLASH_Program) refers to py32f0xx_hal_flash.o(i.FLASH_WaitForLastOperation) for FLASH_WaitForLastOperation
    py32f0xx_hal_flash.o(i.HAL_FLASH_Program) refers to py32f0xx_hal_flash.o(i.FLASH_Program_Page) for FLASH_Program_Page
    py32f0xx_hal_flash.o(i.HAL_FLASH_Program) refers to py32f0xx_hal_flash.o(.bss) for pFlash
    py32f0xx_hal_flash.o(i.HAL_FLASH_Program) refers to py32f0xx_hal_flash.o(.constdata) for _FlashTimmingParam
    py32f0xx_hal_flash.o(i.HAL_FLASH_Program_IT) refers to py32f0xx_hal_flash.o(i.FLASH_WaitForLastOperation) for FLASH_WaitForLastOperation
    py32f0xx_hal_flash.o(i.HAL_FLASH_Program_IT) refers to py32f0xx_hal_flash.o(i.FLASH_Program_Page) for FLASH_Program_Page
    py32f0xx_hal_flash.o(i.HAL_FLASH_Program_IT) refers to py32f0xx_hal_flash.o(.bss) for pFlash
    py32f0xx_hal_flash.o(i.HAL_FLASH_Program_IT) refers to py32f0xx_hal_flash.o(.constdata) for _FlashTimmingParam
    entry.o(.ARM.Collect$$$$00000000) refers (Special) to entry10a.o(.ARM.Collect$$$$0000000D) for __rt_final_cpp
    entry.o(.ARM.Collect$$$$00000000) refers (Special) to entry11a.o(.ARM.Collect$$$$0000000F) for __rt_final_exit
    entry.o(.ARM.Collect$$$$00000000) refers (Special) to entry7b.o(.ARM.Collect$$$$00000008) for _main_clock
    entry.o(.ARM.Collect$$$$00000000) refers (Special) to entry8b.o(.ARM.Collect$$$$0000000A) for _main_cpp_init
    entry.o(.ARM.Collect$$$$00000000) refers (Special) to entry9a.o(.ARM.Collect$$$$0000000B) for _main_init
    entry.o(.ARM.Collect$$$$00000000) refers (Special) to entry5.o(.ARM.Collect$$$$00000004) for _main_scatterload
    entry.o(.ARM.Collect$$$$00000000) refers (Special) to entry2.o(.ARM.Collect$$$$00000001) for _main_stk
    putc.o(i.putc) refers to py32f002xx_start_kit.o(i.fputc) for fputc
    entry2.o(.ARM.Collect$$$$00000001) refers to entry2.o(.ARM.Collect$$$$00002712) for __lit__00000000
    entry2.o(.ARM.Collect$$$$00002712) refers to startup_py32f002xx.o(STACK) for __initial_sp
    entry2.o(__vectab_stack_and_reset_area) refers to startup_py32f002xx.o(STACK) for __initial_sp
    entry2.o(__vectab_stack_and_reset_area) refers to entry.o(.ARM.Collect$$$$00000000) for __main
    entry5.o(.ARM.Collect$$$$00000004) refers to init.o(.text) for __scatterload
    entry9a.o(.ARM.Collect$$$$0000000B) refers to system_py32f0xx.o(i.$Sub$$main) for main
    entry9b.o(.ARM.Collect$$$$0000000C) refers to system_py32f0xx.o(i.$Sub$$main) for main
    init.o(.text) refers to entry5.o(.ARM.Collect$$$$00000004) for __main_after_scatterload


==============================================================================

Removing Unused input sections from the image.

    Removing system_py32f0xx.o(.rev16_text), (4 bytes).
    Removing system_py32f0xx.o(.revsh_text), (4 bytes).
    Removing system_py32f0xx.o(i.SystemCoreClockUpdate), (140 bytes).
    Removing startup_py32f002xx.o(HEAP), (0 bytes).
    Removing main.o(.rev16_text), (4 bytes).
    Removing main.o(.revsh_text), (4 bytes).
    Removing main.o(.bss), (40 bytes).
    Removing py32f0xx_hal_msp.o(.rev16_text), (4 bytes).
    Removing py32f0xx_hal_msp.o(.revsh_text), (4 bytes).
    Removing py32f0xx_it.o(.rev16_text), (4 bytes).
    Removing py32f0xx_it.o(.revsh_text), (4 bytes).
    Removing py32f002xx_start_kit.o(.rev16_text), (4 bytes).
    Removing py32f002xx_start_kit.o(.revsh_text), (4 bytes).
    Removing py32f002xx_start_kit.o(i.BSP_GetVersion), (6 bytes).
    Removing py32f002xx_start_kit.o(i.BSP_LED_DeInit), (56 bytes).
    Removing py32f002xx_start_kit.o(i.BSP_LED_Off), (32 bytes).
    Removing py32f002xx_start_kit.o(i.BSP_LED_On), (32 bytes).
    Removing py32f002xx_start_kit.o(i.BSP_PB_DeInit), (52 bytes).
    Removing py32f002xx_start_kit.o(i.fgetc), (28 bytes).
    Removing py32f0xx_hal.o(.rev16_text), (4 bytes).
    Removing py32f0xx_hal.o(.revsh_text), (4 bytes).
    Removing py32f0xx_hal.o(i.HAL_DBGMCU_DisableDBGMCUStopMode), (20 bytes).
    Removing py32f0xx_hal.o(i.HAL_DBGMCU_EnableDBGMCUStopMode), (20 bytes).
    Removing py32f0xx_hal.o(i.HAL_DeInit), (52 bytes).
    Removing py32f0xx_hal.o(i.HAL_GetDEVID), (16 bytes).
    Removing py32f0xx_hal.o(i.HAL_GetHalVersion), (8 bytes).
    Removing py32f0xx_hal.o(i.HAL_GetREVID), (12 bytes).
    Removing py32f0xx_hal.o(i.HAL_GetTickFreq), (12 bytes).
    Removing py32f0xx_hal.o(i.HAL_GetTickPrio), (12 bytes).
    Removing py32f0xx_hal.o(i.HAL_GetUIDw0), (12 bytes).
    Removing py32f0xx_hal.o(i.HAL_GetUIDw1), (12 bytes).
    Removing py32f0xx_hal.o(i.HAL_GetUIDw2), (12 bytes).
    Removing py32f0xx_hal.o(i.HAL_MspDeInit), (2 bytes).
    Removing py32f0xx_hal.o(i.HAL_MspInit), (2 bytes).
    Removing py32f0xx_hal.o(i.HAL_ResumeTick), (20 bytes).
    Removing py32f0xx_hal.o(i.HAL_SetTickFreq), (44 bytes).
    Removing py32f0xx_hal.o(i.HAL_SuspendTick), (20 bytes).
    Removing py32f0xx_hal_rcc.o(.rev16_text), (4 bytes).
    Removing py32f0xx_hal_rcc.o(.revsh_text), (4 bytes).
    Removing py32f0xx_hal_rcc.o(i.HAL_RCC_CSSCallback), (2 bytes).
    Removing py32f0xx_hal_rcc.o(i.HAL_RCC_DeInit), (168 bytes).
    Removing py32f0xx_hal_rcc.o(i.HAL_RCC_EnableCSS), (20 bytes).
    Removing py32f0xx_hal_rcc.o(i.HAL_RCC_GetClockConfig), (60 bytes).
    Removing py32f0xx_hal_rcc.o(i.HAL_RCC_GetOscConfig), (132 bytes).
    Removing py32f0xx_hal_rcc.o(i.HAL_RCC_MCOConfig), (408 bytes).
    Removing py32f0xx_hal_rcc.o(i.HAL_RCC_NMI_IRQHandler), (32 bytes).
    Removing py32f0xx_hal_gpio.o(.rev16_text), (4 bytes).
    Removing py32f0xx_hal_gpio.o(.revsh_text), (4 bytes).
    Removing py32f0xx_hal_gpio.o(i.HAL_GPIO_DeInit), (244 bytes).
    Removing py32f0xx_hal_gpio.o(i.HAL_GPIO_EXTI_Callback), (2 bytes).
    Removing py32f0xx_hal_gpio.o(i.HAL_GPIO_EXTI_IRQHandler), (32 bytes).
    Removing py32f0xx_hal_gpio.o(i.HAL_GPIO_LockPin), (50 bytes).
    Removing py32f0xx_hal_pwr.o(.rev16_text), (4 bytes).
    Removing py32f0xx_hal_pwr.o(.revsh_text), (4 bytes).
    Removing py32f0xx_hal_pwr.o(i.HAL_PWR_ConfigBIAS), (60 bytes).
    Removing py32f0xx_hal_pwr.o(i.HAL_PWR_ConfigStopMode), (44 bytes).
    Removing py32f0xx_hal_pwr.o(i.HAL_PWR_DeInit), (32 bytes).
    Removing py32f0xx_hal_pwr.o(i.HAL_PWR_DisableBkUpAccess), (20 bytes).
    Removing py32f0xx_hal_pwr.o(i.HAL_PWR_DisableSEVOnPend), (20 bytes).
    Removing py32f0xx_hal_pwr.o(i.HAL_PWR_DisableSleepOnExit), (20 bytes).
    Removing py32f0xx_hal_pwr.o(i.HAL_PWR_EnableBkUpAccess), (20 bytes).
    Removing py32f0xx_hal_pwr.o(i.HAL_PWR_EnableSEVOnPend), (20 bytes).
    Removing py32f0xx_hal_pwr.o(i.HAL_PWR_EnableSleepOnExit), (20 bytes).
    Removing py32f0xx_hal_pwr.o(i.HAL_PWR_EnterSLEEPMode), (32 bytes).
    Removing py32f0xx_hal_pwr.o(i.HAL_PWR_EnterSTOPMode), (84 bytes).
    Removing py32f0xx_hal_uart.o(.rev16_text), (4 bytes).
    Removing py32f0xx_hal_uart.o(.revsh_text), (4 bytes).
    Removing py32f0xx_hal_uart.o(i.HAL_HalfDuplex_EnableReceiver), (72 bytes).
    Removing py32f0xx_hal_uart.o(i.HAL_HalfDuplex_EnableTransmitter), (72 bytes).
    Removing py32f0xx_hal_uart.o(i.HAL_HalfDuplex_Init), (116 bytes).
    Removing py32f0xx_hal_uart.o(i.HAL_MultiProcessor_EnterMuteMode), (62 bytes).
    Removing py32f0xx_hal_uart.o(i.HAL_MultiProcessor_ExitMuteMode), (62 bytes).
    Removing py32f0xx_hal_uart.o(i.HAL_MultiProcessor_Init), (166 bytes).
    Removing py32f0xx_hal_uart.o(i.HAL_UART_Abort), (50 bytes).
    Removing py32f0xx_hal_uart.o(i.HAL_UART_AbortCpltCallback), (2 bytes).
    Removing py32f0xx_hal_uart.o(i.HAL_UART_AbortReceive), (42 bytes).
    Removing py32f0xx_hal_uart.o(i.HAL_UART_AbortReceiveCpltCallback), (2 bytes).
    Removing py32f0xx_hal_uart.o(i.HAL_UART_AbortReceive_IT), (50 bytes).
    Removing py32f0xx_hal_uart.o(i.HAL_UART_AbortTransmit), (28 bytes).
    Removing py32f0xx_hal_uart.o(i.HAL_UART_AbortTransmitCpltCallback), (2 bytes).
    Removing py32f0xx_hal_uart.o(i.HAL_UART_AbortTransmit_IT), (36 bytes).
    Removing py32f0xx_hal_uart.o(i.HAL_UART_Abort_IT), (62 bytes).
    Removing py32f0xx_hal_uart.o(i.HAL_UART_DeInit), (64 bytes).
    Removing py32f0xx_hal_uart.o(i.HAL_UART_ErrorCallback), (2 bytes).
    Removing py32f0xx_hal_uart.o(i.HAL_UART_GetError), (6 bytes).
    Removing py32f0xx_hal_uart.o(i.HAL_UART_GetState), (20 bytes).
    Removing py32f0xx_hal_uart.o(i.HAL_UART_IRQHandler), (294 bytes).
    Removing py32f0xx_hal_uart.o(i.HAL_UART_MspDeInit), (2 bytes).
    Removing py32f0xx_hal_uart.o(i.HAL_UART_Receive), (228 bytes).
    Removing py32f0xx_hal_uart.o(i.HAL_UART_Receive_IT), (118 bytes).
    Removing py32f0xx_hal_uart.o(i.HAL_UART_RxCpltCallback), (2 bytes).
    Removing py32f0xx_hal_uart.o(i.HAL_UART_RxHalfCpltCallback), (2 bytes).
    Removing py32f0xx_hal_uart.o(i.HAL_UART_SendBreak), (62 bytes).
    Removing py32f0xx_hal_uart.o(i.HAL_UART_Transmit_IT), (92 bytes).
    Removing py32f0xx_hal_uart.o(i.HAL_UART_TxCpltCallback), (2 bytes).
    Removing py32f0xx_hal_uart.o(i.HAL_UART_TxHalfCpltCallback), (2 bytes).
    Removing py32f0xx_hal_uart.o(i.UART_EndRxTransfer), (34 bytes).
    Removing py32f0xx_hal_uart.o(i.UART_EndTransmit_IT), (32 bytes).
    Removing py32f0xx_hal_uart.o(i.UART_Receive_IT), (136 bytes).
    Removing py32f0xx_hal_uart.o(i.UART_Transmit_IT), (106 bytes).
    Removing py32f0xx_hal_cortex.o(.rev16_text), (4 bytes).
    Removing py32f0xx_hal_cortex.o(.revsh_text), (4 bytes).
    Removing py32f0xx_hal_cortex.o(i.HAL_NVIC_ClearPendingIRQ), (24 bytes).
    Removing py32f0xx_hal_cortex.o(i.HAL_NVIC_DisableIRQ), (24 bytes).
    Removing py32f0xx_hal_cortex.o(i.HAL_NVIC_GetPendingIRQ), (40 bytes).
    Removing py32f0xx_hal_cortex.o(i.HAL_NVIC_GetPriority), (72 bytes).
    Removing py32f0xx_hal_cortex.o(i.HAL_NVIC_SetPendingIRQ), (24 bytes).
    Removing py32f0xx_hal_cortex.o(i.HAL_NVIC_SystemReset), (56 bytes).
    Removing py32f0xx_hal_cortex.o(i.HAL_SYSTICK_CLKSourceConfig), (36 bytes).
    Removing py32f0xx_hal_cortex.o(i.HAL_SYSTICK_Callback), (2 bytes).
    Removing py32f0xx_hal_cortex.o(i.HAL_SYSTICK_IRQHandler), (8 bytes).
    Removing py32f0xx_hal_flash.o(.rev16_text), (4 bytes).
    Removing py32f0xx_hal_flash.o(.revsh_text), (4 bytes).
    Removing py32f0xx_hal_flash.o(i.FLASH_OB_GetRDP), (24 bytes).
    Removing py32f0xx_hal_flash.o(i.FLASH_OB_GetUser), (24 bytes).
    Removing py32f0xx_hal_flash.o(i.FLASH_OB_OptrConfig), (32 bytes).
    Removing py32f0xx_hal_flash.o(i.HAL_FLASH_EndOfOperationCallback), (2 bytes).
    Removing py32f0xx_hal_flash.o(i.HAL_FLASH_Erase_IT), (472 bytes).
    Removing py32f0xx_hal_flash.o(i.HAL_FLASH_GetError), (12 bytes).
    Removing py32f0xx_hal_flash.o(i.HAL_FLASH_IRQHandler), (288 bytes).
    Removing py32f0xx_hal_flash.o(i.HAL_FLASH_OBGetConfig), (80 bytes).
    Removing py32f0xx_hal_flash.o(i.HAL_FLASH_OBProgram), (536 bytes).
    Removing py32f0xx_hal_flash.o(i.HAL_FLASH_OB_Launch), (24 bytes).
    Removing py32f0xx_hal_flash.o(i.HAL_FLASH_OB_Lock), (36 bytes).
    Removing py32f0xx_hal_flash.o(i.HAL_FLASH_OB_RDP_LevelConfig), (124 bytes).
    Removing py32f0xx_hal_flash.o(i.HAL_FLASH_OB_Unlock), (52 bytes).
    Removing py32f0xx_hal_flash.o(i.HAL_FLASH_OperationErrorCallback), (2 bytes).
    Removing py32f0xx_hal_flash.o(i.HAL_FLASH_PageProgram), (18 bytes).
    Removing py32f0xx_hal_flash.o(i.HAL_FLASH_PageProgram_IT), (18 bytes).
    Removing py32f0xx_hal_flash.o(i.HAL_FLASH_Program_IT), (420 bytes).
    Removing py32f0xx_hal_rcc.o(i.__ARM_common_switch8), (28 bytes).

131 unused section(s) (total 6786 bytes) removed from the image.

==============================================================================

Image Symbol Table

    Local Symbols

    Symbol Name                              Value     Ov Type        Size  Object(Section)

    ../clib/../cmprslib/zerorunl2.c          0x00000000   Number         0  __dczerorl2.o ABSOLUTE
    ../clib/microlib/division.c              0x00000000   Number         0  uidiv.o ABSOLUTE
    ../clib/microlib/init/entry.s            0x00000000   Number         0  entry2.o ABSOLUTE
    ../clib/microlib/init/entry.s            0x00000000   Number         0  entry7a.o ABSOLUTE
    ../clib/microlib/init/entry.s            0x00000000   Number         0  entry5.o ABSOLUTE
    ../clib/microlib/init/entry.s            0x00000000   Number         0  entry.o ABSOLUTE
    ../clib/microlib/init/entry.s            0x00000000   Number         0  entry8b.o ABSOLUTE
    ../clib/microlib/init/entry.s            0x00000000   Number         0  entry10a.o ABSOLUTE
    ../clib/microlib/init/entry.s            0x00000000   Number         0  entry9b.o ABSOLUTE
    ../clib/microlib/init/entry.s            0x00000000   Number         0  entry9a.o ABSOLUTE
    ../clib/microlib/init/entry.s            0x00000000   Number         0  entry8a.o ABSOLUTE
    ../clib/microlib/init/entry.s            0x00000000   Number         0  entry10b.o ABSOLUTE
    ../clib/microlib/init/entry.s            0x00000000   Number         0  entry11a.o ABSOLUTE
    ../clib/microlib/init/entry.s            0x00000000   Number         0  entry11b.o ABSOLUTE
    ../clib/microlib/init/entry.s            0x00000000   Number         0  entry7b.o ABSOLUTE
    ../clib/microlib/stdio/putc.c            0x00000000   Number         0  putc.o ABSOLUTE
    ../clib/microlib/stdio/streams.c         0x00000000   Number         0  stdout.o ABSOLUTE
    ../clib/microlib/string/memcpy.c         0x00000000   Number         0  memcpyb.o ABSOLUTE
    ../clib/microlib/string/memcpy.c         0x00000000   Number         0  memcpya.o ABSOLUTE
    ../clib/microlib/string/memset.c         0x00000000   Number         0  memseta.o ABSOLUTE
    ..\..\..\..\..\..\Drivers\BSP\PY32F002xx_Start_Kit\py32f002xx_Start_Kit.c 0x00000000   Number         0  py32f002xx_start_kit.o ABSOLUTE
    ..\..\..\..\..\..\Drivers\PY32F0xx_HAL_Driver\Src\py32f0xx_hal.c 0x00000000   Number         0  py32f0xx_hal.o ABSOLUTE
    ..\..\..\..\..\..\Drivers\PY32F0xx_HAL_Driver\Src\py32f0xx_hal_flash.c 0x00000000   Number         0  py32f0xx_hal_flash.o ABSOLUTE
    ..\..\..\..\..\..\drivers\PY32F0xx_HAL_Driver\src\py32f0xx_hal_cortex.c 0x00000000   Number         0  py32f0xx_hal_cortex.o ABSOLUTE
    ..\..\..\..\..\..\drivers\PY32F0xx_HAL_Driver\src\py32f0xx_hal_gpio.c 0x00000000   Number         0  py32f0xx_hal_gpio.o ABSOLUTE
    ..\..\..\..\..\..\drivers\PY32F0xx_HAL_Driver\src\py32f0xx_hal_pwr.c 0x00000000   Number         0  py32f0xx_hal_pwr.o ABSOLUTE
    ..\..\..\..\..\..\drivers\PY32F0xx_HAL_Driver\src\py32f0xx_hal_rcc.c 0x00000000   Number         0  py32f0xx_hal_rcc.o ABSOLUTE
    ..\..\..\..\..\..\drivers\PY32F0xx_HAL_Driver\src\py32f0xx_hal_uart.c 0x00000000   Number         0  py32f0xx_hal_uart.o ABSOLUTE
    ..\Src\main.c                            0x00000000   Number         0  main.o ABSOLUTE
    ..\Src\py32f0xx_hal_msp.c                0x00000000   Number         0  py32f0xx_hal_msp.o ABSOLUTE
    ..\Src\py32f0xx_hal_opt.c                0x00000000   Number         0  py32f0xx_hal_opt.o ABSOLUTE
    ..\Src\py32f0xx_it.c                     0x00000000   Number         0  py32f0xx_it.o ABSOLUTE
    ..\Src\system_py32f0xx.c                 0x00000000   Number         0  system_py32f0xx.o ABSOLUTE
    ..\\..\\..\\..\\..\\..\\Drivers\\BSP\\PY32F002xx_Start_Kit\\py32f002xx_Start_Kit.c 0x00000000   Number         0  py32f002xx_start_kit.o ABSOLUTE
    ..\\..\\..\\..\\..\\..\\Drivers\\PY32F0xx_HAL_Driver\\Src\\py32f0xx_hal.c 0x00000000   Number         0  py32f0xx_hal.o ABSOLUTE
    ..\\..\\..\\..\\..\\..\\Drivers\\PY32F0xx_HAL_Driver\\Src\\py32f0xx_hal_flash.c 0x00000000   Number         0  py32f0xx_hal_flash.o ABSOLUTE
    ..\\..\\..\\..\\..\\..\\drivers\\PY32F0xx_HAL_Driver\\src\\py32f0xx_hal_cortex.c 0x00000000   Number         0  py32f0xx_hal_cortex.o ABSOLUTE
    ..\\..\\..\\..\\..\\..\\drivers\\PY32F0xx_HAL_Driver\\src\\py32f0xx_hal_gpio.c 0x00000000   Number         0  py32f0xx_hal_gpio.o ABSOLUTE
    ..\\..\\..\\..\\..\\..\\drivers\\PY32F0xx_HAL_Driver\\src\\py32f0xx_hal_pwr.c 0x00000000   Number         0  py32f0xx_hal_pwr.o ABSOLUTE
    ..\\..\\..\\..\\..\\..\\drivers\\PY32F0xx_HAL_Driver\\src\\py32f0xx_hal_rcc.c 0x00000000   Number         0  py32f0xx_hal_rcc.o ABSOLUTE
    ..\\..\\..\\..\\..\\..\\drivers\\PY32F0xx_HAL_Driver\\src\\py32f0xx_hal_uart.c 0x00000000   Number         0  py32f0xx_hal_uart.o ABSOLUTE
    ..\\Src\\main.c                          0x00000000   Number         0  main.o ABSOLUTE
    ..\\Src\\py32f0xx_hal_msp.c              0x00000000   Number         0  py32f0xx_hal_msp.o ABSOLUTE
    ..\\Src\\py32f0xx_it.c                   0x00000000   Number         0  py32f0xx_it.o ABSOLUTE
    ..\\Src\\system_py32f0xx.c               0x00000000   Number         0  system_py32f0xx.o ABSOLUTE
    dc.s                                     0x00000000   Number         0  dc.o ABSOLUTE
    handlers.s                               0x00000000   Number         0  handlers.o ABSOLUTE
    init.s                                   0x00000000   Number         0  init.o ABSOLUTE
    startup_py32f002xx.s                     0x00000000   Number         0  startup_py32f002xx.o ABSOLUTE
    RESET                                    0x08000000   Section      192  startup_py32f002xx.o(RESET)
    .ARM.Collect$$$$00000000                 0x080000c0   Section        0  entry.o(.ARM.Collect$$$$00000000)
    .ARM.Collect$$$$00000001                 0x080000c0   Section        4  entry2.o(.ARM.Collect$$$$00000001)
    .ARM.Collect$$$$00000004                 0x080000c4   Section        4  entry5.o(.ARM.Collect$$$$00000004)
    .ARM.Collect$$$$00000008                 0x080000c8   Section        0  entry7b.o(.ARM.Collect$$$$00000008)
    .ARM.Collect$$$$0000000A                 0x080000c8   Section        0  entry8b.o(.ARM.Collect$$$$0000000A)
    .ARM.Collect$$$$0000000B                 0x080000c8   Section        8  entry9a.o(.ARM.Collect$$$$0000000B)
    .ARM.Collect$$$$0000000D                 0x080000d0   Section        0  entry10a.o(.ARM.Collect$$$$0000000D)
    .ARM.Collect$$$$0000000F                 0x080000d0   Section        0  entry11a.o(.ARM.Collect$$$$0000000F)
    .ARM.Collect$$$$00002712                 0x080000d0   Section        4  entry2.o(.ARM.Collect$$$$00002712)
    __lit__00000000                          0x080000d0   Data           4  entry2.o(.ARM.Collect$$$$00002712)
    .text                                    0x080000d4   Section       28  startup_py32f002xx.o(.text)
    .text                                    0x080000f0   Section        0  uidiv.o(.text)
    .text                                    0x0800011c   Section        0  memcpya.o(.text)
    .text                                    0x08000140   Section        0  memseta.o(.text)
    .text                                    0x08000164   Section       36  init.o(.text)
    .text                                    0x08000188   Section        0  __dczerorl2.o(.text)
    i.$Sub$$main                             0x080001e0   Section        0  system_py32f0xx.o(i.$Sub$$main)
    i.APP_FlashBlank                         0x08000214   Section        0  main.o(i.APP_FlashBlank)
    APP_FlashBlank                           0x08000215   Thumb Code    32  main.o(i.APP_FlashBlank)
    i.APP_FlashErase                         0x08000238   Section        0  main.o(i.APP_FlashErase)
    APP_FlashErase                           0x08000239   Thumb Code    40  main.o(i.APP_FlashErase)
    i.APP_FlashProgram                       0x08000264   Section        0  main.o(i.APP_FlashProgram)
    APP_FlashProgram                         0x08000265   Thumb Code    36  main.o(i.APP_FlashProgram)
    i.APP_FlashVerify                        0x08000290   Section        0  main.o(i.APP_FlashVerify)
    APP_FlashVerify                          0x08000291   Thumb Code    36  main.o(i.APP_FlashVerify)
    i.APP_SystemClockConfig                  0x080002bc   Section        0  main.o(i.APP_SystemClockConfig)
    APP_SystemClockConfig                    0x080002bd   Thumb Code   104  main.o(i.APP_SystemClockConfig)
    i.BSP_LED_Init                           0x08000328   Section        0  py32f002xx_start_kit.o(i.BSP_LED_Init)
    i.BSP_LED_Toggle                         0x08000390   Section        0  py32f002xx_start_kit.o(i.BSP_LED_Toggle)
    i.BSP_PB_GetState                        0x080003b0   Section        0  py32f002xx_start_kit.o(i.BSP_PB_GetState)
    i.BSP_PB_Init                            0x080003d0   Section        0  py32f002xx_start_kit.o(i.BSP_PB_Init)
    i.BSP_USART_Config                       0x08000464   Section        0  py32f002xx_start_kit.o(i.BSP_USART_Config)
    i.Error_Handler                          0x0800053c   Section        0  main.o(i.Error_Handler)
    i.FLASH_MassErase                        0x08000540   Section        0  py32f0xx_hal_flash.o(i.FLASH_MassErase)
    FLASH_MassErase                          0x08000541   Thumb Code    26  py32f0xx_hal_flash.o(i.FLASH_MassErase)
    i.FLASH_PageErase                        0x08000568   Section        0  py32f0xx_hal_flash.o(i.FLASH_PageErase)
    FLASH_PageErase                          0x08000569   Thumb Code    24  py32f0xx_hal_flash.o(i.FLASH_PageErase)
    i.FLASH_Program_Page                     0x08000588   Section        0  py32f0xx_hal_flash.o(i.FLASH_Program_Page)
    FLASH_Program_Page                       0x08000589   Thumb Code    80  py32f0xx_hal_flash.o(i.FLASH_Program_Page)
    i.FLASH_SectorErase                      0x080005dc   Section        0  py32f0xx_hal_flash.o(i.FLASH_SectorErase)
    FLASH_SectorErase                        0x080005dd   Thumb Code    20  py32f0xx_hal_flash.o(i.FLASH_SectorErase)
    i.FLASH_WaitForLastOperation             0x080005f4   Section        0  py32f0xx_hal_flash.o(i.FLASH_WaitForLastOperation)
    i.HAL_Delay                              0x08000630   Section        0  py32f0xx_hal.o(i.HAL_Delay)
    i.HAL_FLASH_Erase                        0x0800065c   Section        0  py32f0xx_hal_flash.o(i.HAL_FLASH_Erase)
    i.HAL_FLASH_Lock                         0x080008a4   Section        0  py32f0xx_hal_flash.o(i.HAL_FLASH_Lock)
    i.HAL_FLASH_Program                      0x080008c8   Section        0  py32f0xx_hal_flash.o(i.HAL_FLASH_Program)
    i.HAL_FLASH_Unlock                       0x08000a80   Section        0  py32f0xx_hal_flash.o(i.HAL_FLASH_Unlock)
    i.HAL_GPIO_Init                          0x08000ab4   Section        0  py32f0xx_hal_gpio.o(i.HAL_GPIO_Init)
    i.HAL_GPIO_ReadPin                       0x08000c68   Section        0  py32f0xx_hal_gpio.o(i.HAL_GPIO_ReadPin)
    i.HAL_GPIO_TogglePin                     0x08000c7a   Section        0  py32f0xx_hal_gpio.o(i.HAL_GPIO_TogglePin)
    i.HAL_GPIO_WritePin                      0x08000c8a   Section        0  py32f0xx_hal_gpio.o(i.HAL_GPIO_WritePin)
    i.HAL_GetTick                            0x08000c98   Section        0  py32f0xx_hal.o(i.HAL_GetTick)
    i.HAL_IncTick                            0x08000ca4   Section        0  py32f0xx_hal.o(i.HAL_IncTick)
    i.HAL_Init                               0x08000cbc   Section        0  py32f0xx_hal.o(i.HAL_Init)
    i.HAL_InitTick                           0x08000cd8   Section        0  py32f0xx_hal.o(i.HAL_InitTick)
    i.HAL_MspInit                            0x08000d38   Section        0  py32f0xx_hal_msp.o(i.HAL_MspInit)
    i.HAL_NVIC_EnableIRQ                     0x08000d44   Section        0  py32f0xx_hal_cortex.o(i.HAL_NVIC_EnableIRQ)
    i.HAL_NVIC_SetPriority                   0x08000d5c   Section        0  py32f0xx_hal_cortex.o(i.HAL_NVIC_SetPriority)
    i.HAL_RCC_ClockConfig                    0x08000d70   Section        0  py32f0xx_hal_rcc.o(i.HAL_RCC_ClockConfig)
    i.HAL_RCC_GetHCLKFreq                    0x08000f14   Section        0  py32f0xx_hal_rcc.o(i.HAL_RCC_GetHCLKFreq)
    i.HAL_RCC_GetPCLK1Freq                   0x08000f20   Section        0  py32f0xx_hal_rcc.o(i.HAL_RCC_GetPCLK1Freq)
    i.HAL_RCC_GetSysClockFreq                0x08000f48   Section        0  py32f0xx_hal_rcc.o(i.HAL_RCC_GetSysClockFreq)
    i.HAL_RCC_OscConfig                      0x08000fc8   Section        0  py32f0xx_hal_rcc.o(i.HAL_RCC_OscConfig)
    i.HAL_SYSTICK_Config                     0x080012b8   Section        0  py32f0xx_hal_cortex.o(i.HAL_SYSTICK_Config)
    i.HAL_UART_Init                          0x080012f0   Section        0  py32f0xx_hal_uart.o(i.HAL_UART_Init)
    i.HAL_UART_MspInit                       0x0800137a   Section        0  py32f0xx_hal_uart.o(i.HAL_UART_MspInit)
    i.HAL_UART_Transmit                      0x0800137c   Section        0  py32f0xx_hal_uart.o(i.HAL_UART_Transmit)
    i.HardFault_Handler                      0x0800147a   Section        0  py32f0xx_it.o(i.HardFault_Handler)
    i.NMI_Handler                            0x0800147e   Section        0  py32f0xx_it.o(i.NMI_Handler)
    i.NVIC_SetPriority                       0x08001480   Section        0  py32f0xx_hal_cortex.o(i.NVIC_SetPriority)
    NVIC_SetPriority                         0x08001481   Thumb Code   110  py32f0xx_hal_cortex.o(i.NVIC_SetPriority)
    i.PendSV_Handler                         0x080014f8   Section        0  py32f0xx_it.o(i.PendSV_Handler)
    i.SVC_Handler                            0x080014fa   Section        0  py32f0xx_it.o(i.SVC_Handler)
    i.SysTick_Handler                        0x080014fc   Section        0  py32f0xx_it.o(i.SysTick_Handler)
    i.SystemInit                             0x08001504   Section        0  system_py32f0xx.o(i.SystemInit)
    i.UART_AdvFeatureConfig                  0x08001530   Section        0  py32f0xx_hal_uart.o(i.UART_AdvFeatureConfig)
    UART_AdvFeatureConfig                    0x08001531   Thumb Code    56  py32f0xx_hal_uart.o(i.UART_AdvFeatureConfig)
    i.UART_SetConfig                         0x08001568   Section        0  py32f0xx_hal_uart.o(i.UART_SetConfig)
    UART_SetConfig                           0x08001569   Thumb Code   414  py32f0xx_hal_uart.o(i.UART_SetConfig)
    i.UART_WaitOnFlagUntilTimeout            0x0800170c   Section        0  py32f0xx_hal_uart.o(i.UART_WaitOnFlagUntilTimeout)
    UART_WaitOnFlagUntilTimeout              0x0800170d   Thumb Code   112  py32f0xx_hal_uart.o(i.UART_WaitOnFlagUntilTimeout)
    i.__scatterload_copy                     0x0800177c   Section       14  handlers.o(i.__scatterload_copy)
    i.__scatterload_null                     0x0800178a   Section        2  handlers.o(i.__scatterload_null)
    i.__scatterload_zeroinit                 0x0800178c   Section       14  handlers.o(i.__scatterload_zeroinit)
    i.fputc                                  0x0800179c   Section        0  py32f002xx_start_kit.o(i.fputc)
    i.main                                   0x080017b8   Section        0  main.o(i.main)
    i.putc                                   0x08001828   Section        0  putc.o(i.putc)
    .constdata                               0x08001830   Section      128  system_py32f0xx.o(.constdata)
    .constdata                               0x080018b0   Section        5  py32f002xx_start_kit.o(.constdata)
    .constdata                               0x080018b8   Section       20  py32f0xx_hal_rcc.o(.constdata)
    .constdata                               0x080018cc   Section       32  py32f0xx_hal_flash.o(.constdata)
    .ARM.__at_0x20000000                     0x20000000   Section      192  system_py32f0xx.o(.ARM.__at_0x20000000)
    .data                                    0x200000c0   Section        4  system_py32f0xx.o(.data)
    .data                                    0x200000c4   Section      128  main.o(.data)
    .data                                    0x20000144   Section        8  py32f002xx_start_kit.o(.data)
    .data                                    0x2000014c   Section       12  py32f0xx_hal.o(.data)
    .data                                    0x20000158   Section        4  stdout.o(.data)
    .bss                                     0x2000015c   Section       68  py32f002xx_start_kit.o(.bss)
    .bss                                     0x200001a0   Section       24  py32f0xx_hal_flash.o(.bss)
    STACK                                    0x200001b8   Section     1024  startup_py32f002xx.o(STACK)

    Global Symbols

    Symbol Name                              Value     Ov Type        Size  Object(Section)

    BuildAttributes$$THM_ISAv3M$S$PE$A:L22$X:L11$S22$IEEE1$IW$USESV6$~STKCKD$USESV7$~SHL$OSPACE$EBA8$MICROLIB$REQ8$PRES8$EABIv2 0x00000000   Number         0  anon$$obj.o ABSOLUTE
    __ARM_use_no_argv                        0x00000000   Number         0  main.o ABSOLUTE
    __cpp_initialize__aeabi_                  - Undefined Weak Reference
    __cxa_finalize                            - Undefined Weak Reference
    _clock_init                               - Undefined Weak Reference
    _microlib_exit                            - Undefined Weak Reference
    __Vectors_Size                           0x000000c0   Number         0  startup_py32f002xx.o ABSOLUTE
    __Vectors                                0x08000000   Data           4  startup_py32f002xx.o(RESET)
    __Vectors_End                            0x080000c0   Data           0  startup_py32f002xx.o(RESET)
    __main                                   0x080000c1   Thumb Code     0  entry.o(.ARM.Collect$$$$00000000)
    _main_stk                                0x080000c1   Thumb Code     0  entry2.o(.ARM.Collect$$$$00000001)
    _main_scatterload                        0x080000c5   Thumb Code     0  entry5.o(.ARM.Collect$$$$00000004)
    __main_after_scatterload                 0x080000c9   Thumb Code     0  entry5.o(.ARM.Collect$$$$00000004)
    _main_clock                              0x080000c9   Thumb Code     0  entry7b.o(.ARM.Collect$$$$00000008)
    _main_cpp_init                           0x080000c9   Thumb Code     0  entry8b.o(.ARM.Collect$$$$0000000A)
    _main_init                               0x080000c9   Thumb Code     0  entry9a.o(.ARM.Collect$$$$0000000B)
    __rt_final_cpp                           0x080000d1   Thumb Code     0  entry10a.o(.ARM.Collect$$$$0000000D)
    __rt_final_exit                          0x080000d1   Thumb Code     0  entry11a.o(.ARM.Collect$$$$0000000F)
    Reset_Handler                            0x080000d5   Thumb Code     8  startup_py32f002xx.o(.text)
    ADC_COMP_IRQHandler                      0x080000e7   Thumb Code     0  startup_py32f002xx.o(.text)
    EXTI0_1_IRQHandler                       0x080000e7   Thumb Code     0  startup_py32f002xx.o(.text)
    EXTI2_3_IRQHandler                       0x080000e7   Thumb Code     0  startup_py32f002xx.o(.text)
    EXTI4_15_IRQHandler                      0x080000e7   Thumb Code     0  startup_py32f002xx.o(.text)
    FLASH_IRQHandler                         0x080000e7   Thumb Code     0  startup_py32f002xx.o(.text)
    I2C1_IRQHandler                          0x080000e7   Thumb Code     0  startup_py32f002xx.o(.text)
    LPTIM1_IRQHandler                        0x080000e7   Thumb Code     0  startup_py32f002xx.o(.text)
    RCC_IRQHandler                           0x080000e7   Thumb Code     0  startup_py32f002xx.o(.text)
    SPI1_IRQHandler                          0x080000e7   Thumb Code     0  startup_py32f002xx.o(.text)
    TIM16_IRQHandler                         0x080000e7   Thumb Code     0  startup_py32f002xx.o(.text)
    TIM1_BRK_UP_TRG_COM_IRQHandler           0x080000e7   Thumb Code     0  startup_py32f002xx.o(.text)
    TIM1_CC_IRQHandler                       0x080000e7   Thumb Code     0  startup_py32f002xx.o(.text)
    USART1_IRQHandler                        0x080000e7   Thumb Code     0  startup_py32f002xx.o(.text)
    __aeabi_uidiv                            0x080000f1   Thumb Code     0  uidiv.o(.text)
    __aeabi_uidivmod                         0x080000f1   Thumb Code    44  uidiv.o(.text)
    __aeabi_memcpy                           0x0800011d   Thumb Code    36  memcpya.o(.text)
    __aeabi_memcpy4                          0x0800011d   Thumb Code     0  memcpya.o(.text)
    __aeabi_memcpy8                          0x0800011d   Thumb Code     0  memcpya.o(.text)
    __aeabi_memset                           0x08000141   Thumb Code    14  memseta.o(.text)
    __aeabi_memset4                          0x08000141   Thumb Code     0  memseta.o(.text)
    __aeabi_memset8                          0x08000141   Thumb Code     0  memseta.o(.text)
    __aeabi_memclr                           0x0800014f   Thumb Code     4  memseta.o(.text)
    __aeabi_memclr4                          0x0800014f   Thumb Code     0  memseta.o(.text)
    __aeabi_memclr8                          0x0800014f   Thumb Code     0  memseta.o(.text)
    _memset$wrapper                          0x08000153   Thumb Code    18  memseta.o(.text)
    __scatterload                            0x08000165   Thumb Code    28  init.o(.text)
    __scatterload_rt2                        0x08000165   Thumb Code     0  init.o(.text)
    __decompress                             0x08000189   Thumb Code     0  __dczerorl2.o(.text)
    __decompress1                            0x08000189   Thumb Code    86  __dczerorl2.o(.text)
    main                                     0x080001e1   Thumb Code    44  system_py32f0xx.o(i.$Sub$$main)
    BSP_LED_Init                             0x08000329   Thumb Code    92  py32f002xx_start_kit.o(i.BSP_LED_Init)
    BSP_LED_Toggle                           0x08000391   Thumb Code    22  py32f002xx_start_kit.o(i.BSP_LED_Toggle)
    BSP_PB_GetState                          0x080003b1   Thumb Code    22  py32f002xx_start_kit.o(i.BSP_PB_GetState)
    BSP_PB_Init                              0x080003d1   Thumb Code   128  py32f002xx_start_kit.o(i.BSP_PB_Init)
    BSP_USART_Config                         0x08000465   Thumb Code   202  py32f002xx_start_kit.o(i.BSP_USART_Config)
    Error_Handler                            0x0800053d   Thumb Code     4  main.o(i.Error_Handler)
    FLASH_WaitForLastOperation               0x080005f5   Thumb Code    50  py32f0xx_hal_flash.o(i.FLASH_WaitForLastOperation)
    HAL_Delay                                0x08000631   Thumb Code    38  py32f0xx_hal.o(i.HAL_Delay)
    HAL_FLASH_Erase                          0x0800065d   Thumb Code   562  py32f0xx_hal_flash.o(i.HAL_FLASH_Erase)
    HAL_FLASH_Lock                           0x080008a5   Thumb Code    30  py32f0xx_hal_flash.o(i.HAL_FLASH_Lock)
    HAL_FLASH_Program                        0x080008c9   Thumb Code   418  py32f0xx_hal_flash.o(i.HAL_FLASH_Program)
    HAL_FLASH_Unlock                         0x08000a81   Thumb Code    40  py32f0xx_hal_flash.o(i.HAL_FLASH_Unlock)
    HAL_GPIO_Init                            0x08000ab5   Thumb Code   428  py32f0xx_hal_gpio.o(i.HAL_GPIO_Init)
    HAL_GPIO_ReadPin                         0x08000c69   Thumb Code    18  py32f0xx_hal_gpio.o(i.HAL_GPIO_ReadPin)
    HAL_GPIO_TogglePin                       0x08000c7b   Thumb Code    16  py32f0xx_hal_gpio.o(i.HAL_GPIO_TogglePin)
    HAL_GPIO_WritePin                        0x08000c8b   Thumb Code    12  py32f0xx_hal_gpio.o(i.HAL_GPIO_WritePin)
    HAL_GetTick                              0x08000c99   Thumb Code     6  py32f0xx_hal.o(i.HAL_GetTick)
    HAL_IncTick                              0x08000ca5   Thumb Code    16  py32f0xx_hal.o(i.HAL_IncTick)
    HAL_Init                                 0x08000cbd   Thumb Code    26  py32f0xx_hal.o(i.HAL_Init)
    HAL_InitTick                             0x08000cd9   Thumb Code    82  py32f0xx_hal.o(i.HAL_InitTick)
    HAL_MspInit                              0x08000d39   Thumb Code    10  py32f0xx_hal_msp.o(i.HAL_MspInit)
    HAL_NVIC_EnableIRQ                       0x08000d45   Thumb Code    18  py32f0xx_hal_cortex.o(i.HAL_NVIC_EnableIRQ)
    HAL_NVIC_SetPriority                     0x08000d5d   Thumb Code    18  py32f0xx_hal_cortex.o(i.HAL_NVIC_SetPriority)
    HAL_RCC_ClockConfig                      0x08000d71   Thumb Code   394  py32f0xx_hal_rcc.o(i.HAL_RCC_ClockConfig)
    HAL_RCC_GetHCLKFreq                      0x08000f15   Thumb Code     6  py32f0xx_hal_rcc.o(i.HAL_RCC_GetHCLKFreq)
    HAL_RCC_GetPCLK1Freq                     0x08000f21   Thumb Code    32  py32f0xx_hal_rcc.o(i.HAL_RCC_GetPCLK1Freq)
    HAL_RCC_GetSysClockFreq                  0x08000f49   Thumb Code   116  py32f0xx_hal_rcc.o(i.HAL_RCC_GetSysClockFreq)
    HAL_RCC_OscConfig                        0x08000fc9   Thumb Code   734  py32f0xx_hal_rcc.o(i.HAL_RCC_OscConfig)
    HAL_SYSTICK_Config                       0x080012b9   Thumb Code    46  py32f0xx_hal_cortex.o(i.HAL_SYSTICK_Config)
    HAL_UART_Init                            0x080012f1   Thumb Code   138  py32f0xx_hal_uart.o(i.HAL_UART_Init)
    HAL_UART_MspInit                         0x0800137b   Thumb Code     2  py32f0xx_hal_uart.o(i.HAL_UART_MspInit)
    HAL_UART_Transmit                        0x0800137d   Thumb Code   254  py32f0xx_hal_uart.o(i.HAL_UART_Transmit)
    HardFault_Handler                        0x0800147b   Thumb Code     4  py32f0xx_it.o(i.HardFault_Handler)
    NMI_Handler                              0x0800147f   Thumb Code     2  py32f0xx_it.o(i.NMI_Handler)
    PendSV_Handler                           0x080014f9   Thumb Code     2  py32f0xx_it.o(i.PendSV_Handler)
    SVC_Handler                              0x080014fb   Thumb Code     2  py32f0xx_it.o(i.SVC_Handler)
    SysTick_Handler                          0x080014fd   Thumb Code     8  py32f0xx_it.o(i.SysTick_Handler)
    SystemInit                               0x08001505   Thumb Code    32  system_py32f0xx.o(i.SystemInit)
    __scatterload_copy                       0x0800177d   Thumb Code    14  handlers.o(i.__scatterload_copy)
    __scatterload_null                       0x0800178b   Thumb Code     2  handlers.o(i.__scatterload_null)
    __scatterload_zeroinit                   0x0800178d   Thumb Code    14  handlers.o(i.__scatterload_zeroinit)
    fputc                                    0x0800179d   Thumb Code    22  py32f002xx_start_kit.o(i.fputc)
    $Super$$main                             0x080017b9   Thumb Code   104  main.o(i.main)
    putc                                     0x08001829   Thumb Code     8  putc.o(i.putc)
    AHBPrescTable                            0x08001830   Data          64  system_py32f0xx.o(.constdata)
    APBPrescTable                            0x08001870   Data          32  system_py32f0xx.o(.constdata)
    HSIFreqTable                             0x08001890   Data          32  system_py32f0xx.o(.constdata)
    LED_PIN                                  0x080018b0   Data           2  py32f002xx_start_kit.o(.constdata)
    BUTTON_PIN                               0x080018b2   Data           2  py32f002xx_start_kit.o(.constdata)
    BUTTON_IRQn                              0x080018b4   Data           1  py32f002xx_start_kit.o(.constdata)
    _FlashTimmingParam                       0x080018cc   Data          32  py32f0xx_hal_flash.o(.constdata)
    Region$$Table$$Base                      0x080018ec   Number         0  anon$$obj.o(Region$$Table)
    Region$$Table$$Limit                     0x0800190c   Number         0  anon$$obj.o(Region$$Table)
    VECT_SRAM_TAB                            0x20000000   Data         192  system_py32f0xx.o(.ARM.__at_0x20000000)
    SystemCoreClock                          0x200000c0   Data           4  system_py32f0xx.o(.data)
    DATA                                     0x200000c4   Data         128  main.o(.data)
    LED_PORT                                 0x20000144   Data           4  py32f002xx_start_kit.o(.data)
    BUTTON_PORT                              0x20000148   Data           4  py32f002xx_start_kit.o(.data)
    uwTick                                   0x2000014c   Data           4  py32f0xx_hal.o(.data)
    uwTickPrio                               0x20000150   Data           4  py32f0xx_hal.o(.data)
    uwTickFreq                               0x20000154   Data           4  py32f0xx_hal.o(.data)
    __stdout                                 0x20000158   Data           4  stdout.o(.data)
    DebugUartHandle                          0x2000015c   Data          68  py32f002xx_start_kit.o(.bss)
    pFlash                                   0x200001a0   Data          24  py32f0xx_hal_flash.o(.bss)
    __initial_sp                             0x200005b8   Data           0  startup_py32f002xx.o(STACK)



==============================================================================

Memory Map of the image

  Image Entry point : 0x080000c1

  Load Region LR_IROM1 (Base: 0x08000000, Size: 0x00001a68, Max: 0x00005000, ABSOLUTE, COMPRESSED[0x00001954])

    Execution Region ER_IROM1 (Base: 0x08000000, Size: 0x0000190c, Max: 0x00005000, ABSOLUTE)

    Base Addr    Size         Type   Attr      Idx    E Section Name        Object

    0x08000000   0x000000c0   Data   RO          112    RESET               startup_py32f002xx.o
    0x080000c0   0x00000000   Code   RO         1238  * .ARM.Collect$$$$00000000  mc_p.l(entry.o)
    0x080000c0   0x00000004   Code   RO         1252    .ARM.Collect$$$$00000001  mc_p.l(entry2.o)
    0x080000c4   0x00000004   Code   RO         1255    .ARM.Collect$$$$00000004  mc_p.l(entry5.o)
    0x080000c8   0x00000000   Code   RO         1257    .ARM.Collect$$$$00000008  mc_p.l(entry7b.o)
    0x080000c8   0x00000000   Code   RO         1259    .ARM.Collect$$$$0000000A  mc_p.l(entry8b.o)
    0x080000c8   0x00000008   Code   RO         1260    .ARM.Collect$$$$0000000B  mc_p.l(entry9a.o)
    0x080000d0   0x00000000   Code   RO         1262    .ARM.Collect$$$$0000000D  mc_p.l(entry10a.o)
    0x080000d0   0x00000000   Code   RO         1264    .ARM.Collect$$$$0000000F  mc_p.l(entry11a.o)
    0x080000d0   0x00000004   Code   RO         1253    .ARM.Collect$$$$00002712  mc_p.l(entry2.o)
    0x080000d4   0x0000001c   Code   RO          113    .text               startup_py32f002xx.o
    0x080000f0   0x0000002c   Code   RO         1244    .text               mc_p.l(uidiv.o)
    0x0800011c   0x00000024   Code   RO         1246    .text               mc_p.l(memcpya.o)
    0x08000140   0x00000024   Code   RO         1248    .text               mc_p.l(memseta.o)
    0x08000164   0x00000024   Code   RO         1266    .text               mc_p.l(init.o)
    0x08000188   0x00000056   Code   RO         1276    .text               mc_p.l(__dczerorl2.o)
    0x080001de   0x00000002   PAD
    0x080001e0   0x00000034   Code   RO            3    i.$Sub$$main        system_py32f0xx.o
    0x08000214   0x00000024   Code   RO          119    i.APP_FlashBlank    main.o
    0x08000238   0x0000002c   Code   RO          120    i.APP_FlashErase    main.o
    0x08000264   0x0000002c   Code   RO          121    i.APP_FlashProgram  main.o
    0x08000290   0x0000002c   Code   RO          122    i.APP_FlashVerify   main.o
    0x080002bc   0x0000006c   Code   RO          123    i.APP_SystemClockConfig  main.o
    0x08000328   0x00000068   Code   RO          263    i.BSP_LED_Init      py32f002xx_start_kit.o
    0x08000390   0x00000020   Code   RO          266    i.BSP_LED_Toggle    py32f002xx_start_kit.o
    0x080003b0   0x00000020   Code   RO          268    i.BSP_PB_GetState   py32f002xx_start_kit.o
    0x080003d0   0x00000094   Code   RO          269    i.BSP_PB_Init       py32f002xx_start_kit.o
    0x08000464   0x000000d8   Code   RO          270    i.BSP_USART_Config  py32f002xx_start_kit.o
    0x0800053c   0x00000004   Code   RO          124    i.Error_Handler     main.o
    0x08000540   0x00000028   Code   RO         1067    i.FLASH_MassErase   py32f0xx_hal_flash.o
    0x08000568   0x00000020   Code   RO         1071    i.FLASH_PageErase   py32f0xx_hal_flash.o
    0x08000588   0x00000054   Code   RO         1072    i.FLASH_Program_Page  py32f0xx_hal_flash.o
    0x080005dc   0x00000018   Code   RO         1073    i.FLASH_SectorErase  py32f0xx_hal_flash.o
    0x080005f4   0x0000003c   Code   RO         1074    i.FLASH_WaitForLastOperation  py32f0xx_hal_flash.o
    0x08000630   0x0000002c   Code   RO          358    i.HAL_Delay         py32f0xx_hal.o
    0x0800065c   0x00000248   Code   RO         1076    i.HAL_FLASH_Erase   py32f0xx_hal_flash.o
    0x080008a4   0x00000024   Code   RO         1080    i.HAL_FLASH_Lock    py32f0xx_hal_flash.o
    0x080008c8   0x000001b8   Code   RO         1090    i.HAL_FLASH_Program  py32f0xx_hal_flash.o
    0x08000a80   0x00000034   Code   RO         1092    i.HAL_FLASH_Unlock  py32f0xx_hal_flash.o
    0x08000ab4   0x000001b4   Code   RO          593    i.HAL_GPIO_Init     py32f0xx_hal_gpio.o
    0x08000c68   0x00000012   Code   RO          595    i.HAL_GPIO_ReadPin  py32f0xx_hal_gpio.o
    0x08000c7a   0x00000010   Code   RO          596    i.HAL_GPIO_TogglePin  py32f0xx_hal_gpio.o
    0x08000c8a   0x0000000c   Code   RO          597    i.HAL_GPIO_WritePin  py32f0xx_hal_gpio.o
    0x08000c96   0x00000002   PAD
    0x08000c98   0x0000000c   Code   RO          362    i.HAL_GetTick       py32f0xx_hal.o
    0x08000ca4   0x00000018   Code   RO          368    i.HAL_IncTick       py32f0xx_hal.o
    0x08000cbc   0x0000001a   Code   RO          369    i.HAL_Init          py32f0xx_hal.o
    0x08000cd6   0x00000002   PAD
    0x08000cd8   0x00000060   Code   RO          370    i.HAL_InitTick      py32f0xx_hal.o
    0x08000d38   0x0000000a   Code   RO          185    i.HAL_MspInit       py32f0xx_hal_msp.o
    0x08000d42   0x00000002   PAD
    0x08000d44   0x00000018   Code   RO          975    i.HAL_NVIC_EnableIRQ  py32f0xx_hal_cortex.o
    0x08000d5c   0x00000012   Code   RO          979    i.HAL_NVIC_SetPriority  py32f0xx_hal_cortex.o
    0x08000d6e   0x00000002   PAD
    0x08000d70   0x000001a4   Code   RO          502    i.HAL_RCC_ClockConfig  py32f0xx_hal_rcc.o
    0x08000f14   0x0000000c   Code   RO          506    i.HAL_RCC_GetHCLKFreq  py32f0xx_hal_rcc.o
    0x08000f20   0x00000028   Code   RO          508    i.HAL_RCC_GetPCLK1Freq  py32f0xx_hal_rcc.o
    0x08000f48   0x00000080   Code   RO          509    i.HAL_RCC_GetSysClockFreq  py32f0xx_hal_rcc.o
    0x08000fc8   0x000002f0   Code   RO          512    i.HAL_RCC_OscConfig  py32f0xx_hal_rcc.o
    0x080012b8   0x00000038   Code   RO          983    i.HAL_SYSTICK_Config  py32f0xx_hal_cortex.o
    0x080012f0   0x0000008a   Code   RO          752    i.HAL_UART_Init     py32f0xx_hal_uart.o
    0x0800137a   0x00000002   Code   RO          754    i.HAL_UART_MspInit  py32f0xx_hal_uart.o
    0x0800137c   0x000000fe   Code   RO          760    i.HAL_UART_Transmit  py32f0xx_hal_uart.o
    0x0800147a   0x00000004   Code   RO          205    i.HardFault_Handler  py32f0xx_it.o
    0x0800147e   0x00000002   Code   RO          206    i.NMI_Handler       py32f0xx_it.o
    0x08001480   0x00000078   Code   RO          985    i.NVIC_SetPriority  py32f0xx_hal_cortex.o
    0x080014f8   0x00000002   Code   RO          207    i.PendSV_Handler    py32f0xx_it.o
    0x080014fa   0x00000002   Code   RO          208    i.SVC_Handler       py32f0xx_it.o
    0x080014fc   0x00000008   Code   RO          209    i.SysTick_Handler   py32f0xx_it.o
    0x08001504   0x0000002c   Code   RO            5    i.SystemInit        system_py32f0xx.o
    0x08001530   0x00000038   Code   RO          764    i.UART_AdvFeatureConfig  py32f0xx_hal_uart.o
    0x08001568   0x000001a4   Code   RO          768    i.UART_SetConfig    py32f0xx_hal_uart.o
    0x0800170c   0x00000070   Code   RO          770    i.UART_WaitOnFlagUntilTimeout  py32f0xx_hal_uart.o
    0x0800177c   0x0000000e   Code   RO         1270    i.__scatterload_copy  mc_p.l(handlers.o)
    0x0800178a   0x00000002   Code   RO         1271    i.__scatterload_null  mc_p.l(handlers.o)
    0x0800178c   0x0000000e   Code   RO         1272    i.__scatterload_zeroinit  mc_p.l(handlers.o)
    0x0800179a   0x00000002   PAD
    0x0800179c   0x0000001c   Code   RO          272    i.fputc             py32f002xx_start_kit.o
    0x080017b8   0x00000070   Code   RO          125    i.main              main.o
    0x08001828   0x00000008   Code   RO         1241    i.putc              mc_p.l(putc.o)
    0x08001830   0x00000080   Data   RO            7    .constdata          system_py32f0xx.o
    0x080018b0   0x00000005   Data   RO          274    .constdata          py32f002xx_start_kit.o
    0x080018b5   0x00000003   PAD
    0x080018b8   0x00000014   Data   RO          513    .constdata          py32f0xx_hal_rcc.o
    0x080018cc   0x00000020   Data   RO         1094    .constdata          py32f0xx_hal_flash.o
    0x080018ec   0x00000020   Data   RO         1268    Region$$Table       anon$$obj.o


    Execution Region RW_IRAM1 (Base: 0x20000000, Size: 0x000005b8, Max: 0x00000c00, ABSOLUTE, COMPRESSED[0x00000048])

    Base Addr    Size         Type   Attr      Idx    E Section Name        Object

    0x20000000   0x000000c0   Data   RW            6    .ARM.__at_0x20000000  system_py32f0xx.o
    0x200000c0   0x00000004   Data   RW            8    .data               system_py32f0xx.o
    0x200000c4   0x00000080   Data   RW          127    .data               main.o
    0x20000144   0x00000008   Data   RW          275    .data               py32f002xx_start_kit.o
    0x2000014c   0x0000000c   Data   RW          376    .data               py32f0xx_hal.o
    0x20000158   0x00000004   Data   RW         1243    .data               mc_p.l(stdout.o)
    0x2000015c   0x00000044   Zero   RW          273    .bss                py32f002xx_start_kit.o
    0x200001a0   0x00000018   Zero   RW         1093    .bss                py32f0xx_hal_flash.o
    0x200001b8   0x00000400   Zero   RW          110    STACK               startup_py32f002xx.o


==============================================================================

Image component sizes


      Code (inc. data)   RO Data    RW Data    ZI Data      Debug   Object Name

       392         36          0        128          0       4635   main.o
       560         72          5          8         68       8489   py32f002xx_start_kit.o
       202         34          0         12          0       4461   py32f0xx_hal.o
       218         26          0          0          0       9629   py32f0xx_hal_cortex.o
      1352        102         32          0         24      19099   py32f0xx_hal_flash.o
       482          8          0          0          0       3888   py32f0xx_hal_gpio.o
        10          0          0          0          0        518   py32f0xx_hal_msp.o
      1352         70         20          0          0       5173   py32f0xx_hal_rcc.o
       982          6          0          0          0       5387   py32f0xx_hal_uart.o
        18          0          0          0          0       2435   py32f0xx_it.o
        28          8        192          0       1024        672   startup_py32f002xx.o
        96         20        128        196          0     186232   system_py32f0xx.o

    ----------------------------------------------------------------------
      5700        382        412        344       1116     250618   Object Totals
         0          0         32          0          0          0   (incl. Generated)
         8          0          3          0          0          0   (incl. Padding)

    ----------------------------------------------------------------------

      Code (inc. data)   RO Data    RW Data    ZI Data      Debug   Library Member Name

        86          0          0          0          0          0   __dczerorl2.o
         0          0          0          0          0          0   entry.o
         0          0          0          0          0          0   entry10a.o
         0          0          0          0          0          0   entry11a.o
         8          4          0          0          0          0   entry2.o
         4          0          0          0          0          0   entry5.o
         0          0          0          0          0          0   entry7b.o
         0          0          0          0          0          0   entry8b.o
         8          4          0          0          0          0   entry9a.o
        30          0          0          0          0          0   handlers.o
        36          8          0          0          0         68   init.o
        36          0          0          0          0         60   memcpya.o
        36          0          0          0          0        100   memseta.o
         8          0          0          0          0         68   putc.o
         0          0          0          4          0          0   stdout.o
        44          0          0          0          0         72   uidiv.o

    ----------------------------------------------------------------------
       300         16          0          4          0        368   Library Totals
         4          0          0          0          0          0   (incl. Padding)

    ----------------------------------------------------------------------

      Code (inc. data)   RO Data    RW Data    ZI Data      Debug   Library Name

       296         16          0          4          0        368   mc_p.l

    ----------------------------------------------------------------------
       300         16          0          4          0        368   Library Totals

    ----------------------------------------------------------------------

==============================================================================


      Code (inc. data)   RO Data    RW Data    ZI Data      Debug   

      6000        398        412        348       1116     248922   Grand Totals
      6000        398        412         72       1116     248922   ELF Image Totals (compressed)
      6000        398        412         72          0          0   ROM Totals

==============================================================================

    Total RO  Size (Code + RO Data)                 6412 (   6.26kB)
    Total RW  Size (RW Data + ZI Data)              1464 (   1.43kB)
    Total ROM Size (Code + RO Data + RW Data)       6484 (   6.33kB)

==============================================================================

