Component: ARM Compiler 5.05 update 1 (build 106) Tool: armlink [4d0efa]

==============================================================================

Section Cross References

    system_py32f0xx.o(i.$Sub$$main) refers to main.o(i.main) for $Super$$main
    system_py32f0xx.o(i.$Sub$$main) refers to system_py32f0xx.o(.ARM.__at_0x20000000) for VECT_SRAM_TAB
    system_py32f0xx.o(i.SystemCoreClockUpdate) refers to uidiv.o(.text) for __aeabi_uidivmod
    system_py32f0xx.o(i.SystemCoreClockUpdate) refers to system_py32f0xx.o(.data) for SystemCoreClock
    system_py32f0xx.o(i.SystemCoreClockUpdate) refers to system_py32f0xx.o(.constdata) for HSIFreqTable
    startup_py32f002xx.o(RESET) refers to startup_py32f002xx.o(STACK) for __initial_sp
    startup_py32f002xx.o(RESET) refers to startup_py32f002xx.o(.text) for Reset_Handler
    startup_py32f002xx.o(RESET) refers to py32f0xx_it.o(i.NMI_Handler) for NMI_Handler
    startup_py32f002xx.o(RESET) refers to py32f0xx_it.o(i.HardFault_Handler) for HardFault_Handler
    startup_py32f002xx.o(RESET) refers to py32f0xx_it.o(i.SVC_Handler) for SVC_Handler
    startup_py32f002xx.o(RESET) refers to py32f0xx_it.o(i.PendSV_Handler) for PendSV_Handler
    startup_py32f002xx.o(RESET) refers to py32f0xx_it.o(i.SysTick_Handler) for SysTick_Handler
    startup_py32f002xx.o(RESET) refers to main.o(i.EXTI2_3_IRQHandler) for EXTI2_3_IRQHandler
    startup_py32f002xx.o(RESET) refers to main.o(i.EXTI4_15_IRQHandler) for EXTI4_15_IRQHandler
    startup_py32f002xx.o(RESET) refers to py32f0xx_it.o(i.ADC_COMP_IRQHandler) for ADC_COMP_IRQHandler
    startup_py32f002xx.o(RESET) refers to py32f0xx_it.o(i.TIM1_BRK_UP_TRG_COM_IRQHandler) for TIM1_BRK_UP_TRG_COM_IRQHandler
    startup_py32f002xx.o(RESET) refers to py32f0xx_it.o(i.TIM16_IRQHandler) for TIM16_IRQHandler
    startup_py32f002xx.o(.text) refers to system_py32f0xx.o(i.SystemInit) for SystemInit
    startup_py32f002xx.o(.text) refers to entry.o(.ARM.Collect$$$$00000000) for __main
    main.o(i.APP_ADCConfig) refers to py32f0xx_hal_adc.o(i.HAL_ADC_Calibration_Start) for HAL_ADC_Calibration_Start
    main.o(i.APP_ADCConfig) refers to main.o(i.Error_Handler) for Error_Handler
    main.o(i.APP_ADCConfig) refers to py32f0xx_hal_adc.o(i.HAL_ADC_Init) for HAL_ADC_Init
    main.o(i.APP_ADCConfig) refers to py32f0xx_hal_adc.o(i.HAL_ADC_ConfigChannel) for HAL_ADC_ConfigChannel
    main.o(i.APP_ADCConfig) refers to user_gpio.o(.bss) for AdcHandle
    main.o(i.APP_ADCConfig) refers to main.o(.bss) for sConfig
    main.o(i.APP_SystemClockConfig) refers to memseta.o(.text) for __aeabi_memclr4
    main.o(i.APP_SystemClockConfig) refers to py32f0xx_hal_rcc.o(i.HAL_RCC_OscConfig) for HAL_RCC_OscConfig
    main.o(i.APP_SystemClockConfig) refers to main.o(i.Error_Handler) for Error_Handler
    main.o(i.APP_SystemClockConfig) refers to py32f0xx_hal_rcc.o(i.HAL_RCC_ClockConfig) for HAL_RCC_ClockConfig
    main.o(i.EXTI2_3_IRQHandler) refers to py32f0xx_hal_gpio.o(i.HAL_GPIO_EXTI_IRQHandler) for HAL_GPIO_EXTI_IRQHandler
    main.o(i.EXTI4_15_IRQHandler) refers to py32f0xx_hal_gpio.o(i.HAL_GPIO_EXTI_IRQHandler) for HAL_GPIO_EXTI_IRQHandler
    main.o(i.HAL_ADC_ConvCpltCallback) refers to temperature.o(.data) for aADCxConvertedData
    main.o(i.HAL_TIMEx_BreakCallback) refers to printfb.o(i.__0printf$bare) for __2printf
    main.o(i.HAL_TIMEx_CommutCallback) refers to printfb.o(i.__0printf$bare) for __2printf
    main.o(i.HAL_TIM_PeriodElapsedCallback) refers to py32f0xx_hal_iwdg.o(i.HAL_IWDG_Refresh) for HAL_IWDG_Refresh
    main.o(i.HAL_TIM_PeriodElapsedCallback) refers to main.o(i.Error_Handler) for Error_Handler
    main.o(i.HAL_TIM_PeriodElapsedCallback) refers to main.o(.data) for sendCnt
    main.o(i.HAL_TIM_PeriodElapsedCallback) refers to temperature.o(.data) for secFlag
    main.o(i.HAL_TIM_PeriodElapsedCallback) refers to led2_digital_tube.o(.data) for display_second
    main.o(i.HAL_TIM_PeriodElapsedCallback) refers to main.o(.bss) for IwdgHandle
    main.o(i.Tim16_Configure) refers to py32f0xx_hal_tim.o(i.HAL_TIM_Base_Init) for HAL_TIM_Base_Init
    main.o(i.Tim16_Configure) refers to main.o(i.Error_Handler) for Error_Handler
    main.o(i.Tim16_Configure) refers to py32f0xx_hal_tim.o(i.HAL_TIM_Base_Start_IT) for HAL_TIM_Base_Start_IT
    main.o(i.Tim16_Configure) refers to main.o(.bss) for Tim16Handle
    main.o(i.Tim1_Configure) refers to py32f0xx_hal_tim.o(i.HAL_TIM_Base_Init) for HAL_TIM_Base_Init
    main.o(i.Tim1_Configure) refers to main.o(i.Error_Handler) for Error_Handler
    main.o(i.Tim1_Configure) refers to py32f0xx_hal_tim.o(i.HAL_TIM_Base_Start_IT) for HAL_TIM_Base_Start_IT
    main.o(i.Tim1_Configure) refers to main.o(.bss) for Tim1Handle
    main.o(i.iwdg_init) refers to py32f0xx_hal_iwdg.o(i.HAL_IWDG_Init) for HAL_IWDG_Init
    main.o(i.iwdg_init) refers to main.o(i.Error_Handler) for Error_Handler
    main.o(i.iwdg_init) refers to main.o(.bss) for IwdgHandle
    main.o(i.main) refers to py32f0xx_hal.o(i.HAL_Init) for HAL_Init
[...]
    entry2.o(.ARM.Collect$$$$00000001) refers to entry2.o(.ARM.Collect$$$$00002712) for __lit__00000000
    entry2.o(.ARM.Collect$$$$00002712) refers to startup_py32f002xx.o(STACK) for __initial_sp
    entry2.o(__vectab_stack_and_reset_area) refers to startup_py32f002xx.o(STACK) for __initial_sp
    entry2.o(__vectab_stack_and_reset_area) refers to entry.o(.ARM.Collect$$$$00000000) for __main
    entry5.o(.ARM.Collect$$$$00000004) refers to init.o(.text) for __scatterload
    entry9a.o(.ARM.Collect$$$$0000000B) refers to system_py32f0xx.o(i.$Sub$$main) for main
    entry9b.o(.ARM.Collect$$$$0000000C) refers to system_py32f0xx.o(i.$Sub$$main) for main
    uldiv.o(.text) refers to llushr.o(.text) for __aeabi_llsr
    uldiv.o(.text) refers to llshl.o(.text) for __aeabi_llsl
    dadd.o(.text) refers to llshl.o(.text) for __aeabi_llsl
    dadd.o(.text) refers to llsshr.o(.text) for __aeabi_lasr
    dadd.o(.text) refers to depilogue.o(.text) for _double_epilogue
    dmul.o(.text) refers to depilogue.o(.text) for _double_epilogue
    ddiv.o(.text) refers to depilogue.o(.text) for _double_round
    dfixul.o(.text) refers to llushr.o(.text) for __aeabi_llsr
    dfixul.o(.text) refers to llshl.o(.text) for __aeabi_llsl
    init.o(.text) refers to entry5.o(.ARM.Collect$$$$00000004) for __main_after_scatterload
    depilogue.o(.text) refers to depilogue.o(i.__ARM_clz) for __ARM_clz
    depilogue.o(.text) refers to llshl.o(.text) for __aeabi_llsl
    depilogue.o(.text) refers to llushr.o(.text) for __aeabi_llsr


==============================================================================

Removing Unused input sections from the image.

    Removing system_py32f0xx.o(.rev16_text), (4 bytes).
    Removing system_py32f0xx.o(.revsh_text), (4 bytes).
    Removing system_py32f0xx.o(i.SystemCoreClockUpdate), (140 bytes).
    Removing startup_py32f002xx.o(HEAP), (0 bytes).
    Removing main.o(.rev16_text), (4 bytes).
    Removing main.o(.revsh_text), (4 bytes).
    Removing main.o(i.Tim16_Configure), (68 bytes).
    Removing py32f0xx_hal_msp.o(.rev16_text), (4 bytes).
    Removing py32f0xx_hal_msp.o(.revsh_text), (4 bytes).
    Removing py32f0xx_it.o(.rev16_text), (4 bytes).
    Removing py32f0xx_it.o(.revsh_text), (4 bytes).
    Removing user_gpio.o(.rev16_text), (4 bytes).
    Removing user_gpio.o(.revsh_text), (4 bytes).
    Removing encryptiondecryption.o(.rev16_text), (4 bytes).
    Removing encryptiondecryption.o(.revsh_text), (4 bytes).
    Removing temperature.o(.rev16_text), (4 bytes).
    Removing temperature.o(.revsh_text), (4 bytes).
    Removing led2_digital_tube.o(.rev16_text), (4 bytes).
    Removing led2_digital_tube.o(.revsh_text), (4 bytes).
    Removing user_flash.o(.rev16_text), (4 bytes).
    Removing user_flash.o(.revsh_text), (4 bytes).
    Removing led.o(.rev16_text), (4 bytes).
    Removing led.o(.revsh_text), (4 bytes).
    Removing reset_io_pin.o(.rev16_text), (4 bytes).
    Removing reset_io_pin.o(.revsh_text), (4 bytes).
    Removing py32f002xx_start_kit.o(.rev16_text), (4 bytes).
    Removing py32f002xx_start_kit.o(.revsh_text), (4 bytes).
    Removing py32f002xx_start_kit.o(i.BSP_GetVersion), (6 bytes).
    Removing py32f002xx_start_kit.o(i.BSP_LED_DeInit), (56 bytes).
    Removing py32f002xx_start_kit.o(i.BSP_LED_Init), (104 bytes).
    Removing py32f002xx_start_kit.o(i.BSP_LED_Off), (32 bytes).
    Removing py32f002xx_start_kit.o(i.BSP_LED_On), (32 bytes).
    Removing py32f002xx_start_kit.o(i.BSP_LED_Toggle), (32 bytes).
    Removing py32f002xx_start_kit.o(i.BSP_PB_DeInit), (52 bytes).
    Removing py32f002xx_start_kit.o(i.BSP_PB_GetState), (32 bytes).
    Removing py32f002xx_start_kit.o(i.BSP_PB_Init), (148 bytes).
    Removing py32f002xx_start_kit.o(i.BSP_USART_Config), (216 bytes).
    Removing py32f002xx_start_kit.o(i.fgetc), (28 bytes).
    Removing py32f002xx_start_kit.o(.constdata), (5 bytes).
    Removing py32f002xx_start_kit.o(.data), (8 bytes).
    Removing py32f0xx_hal.o(.rev16_text), (4 bytes).
    Removing py32f0xx_hal.o(.revsh_text), (4 bytes).
    Removing py32f0xx_hal.o(i.HAL_DBGMCU_DisableDBGMCUStopMode), (20 bytes).
    Removing py32f0xx_hal.o(i.HAL_DBGMCU_EnableDBGMCUStopMode), (20 bytes).
    Removing py32f0xx_hal.o(i.HAL_DeInit), (52 bytes).
    Removing py32f0xx_hal.o(i.HAL_GetDEVID), (16 bytes).
    Removing py32f0xx_hal.o(i.HAL_GetHalVersion), (8 bytes).
    Removing py32f0xx_hal.o(i.HAL_GetREVID), (12 bytes).
    Removing py32f0xx_hal.o(i.HAL_GetTickFreq), (12 bytes).
    Removing py32f0xx_hal.o(i.HAL_GetTickPrio), (12 bytes).
    Removing py32f0xx_hal.o(i.HAL_MspDeInit), (2 bytes).
    Removing py32f0xx_hal.o(i.HAL_MspInit), (2 bytes).
    Removing py32f0xx_hal.o(i.HAL_ResumeTick), (20 bytes).
    Removing py32f0xx_hal.o(i.HAL_SetTickFreq), (44 bytes).
    Removing py32f0xx_hal.o(i.HAL_SuspendTick), (20 bytes).
    Removing py32f0xx_hal_rcc.o(.rev16_text), (4 bytes).
    Removing py32f0xx_hal_rcc.o(.revsh_text), (4 bytes).
    Removing py32f0xx_hal_rcc.o(i.HAL_RCC_CSSCallback), (2 bytes).
    Removing py32f0xx_hal_rcc.o(i.HAL_RCC_DeInit), (168 bytes).
    Removing py32f0xx_hal_rcc.o(i.HAL_RCC_EnableCSS), (20 bytes).
    Removing py32f0xx_hal_rcc.o(i.HAL_RCC_GetClockConfig), (60 bytes).
    Removing py32f0xx_hal_rcc.o(i.HAL_RCC_GetHCLKFreq), (12 bytes).
    Removing py32f0xx_hal_rcc.o(i.HAL_RCC_GetOscConfig), (132 bytes).
    Removing py32f0xx_hal_rcc.o(i.HAL_RCC_GetPCLK1Freq), (40 bytes).
    Removing py32f0xx_hal_rcc.o(i.HAL_RCC_MCOConfig), (408 bytes).
    Removing py32f0xx_hal_rcc.o(i.HAL_RCC_NMI_IRQHandler), (32 bytes).
    Removing py32f0xx_hal_gpio.o(.rev16_text), (4 bytes).
    Removing py32f0xx_hal_gpio.o(.revsh_text), (4 bytes).
    Removing py32f0xx_hal_gpio.o(i.HAL_GPIO_DeInit), (244 bytes).
    Removing py32f0xx_hal_gpio.o(i.HAL_GPIO_EXTI_Callback), (2 bytes).
    Removing py32f0xx_hal_gpio.o(i.HAL_GPIO_LockPin), (50 bytes).
    Removing py32f0xx_hal_gpio.o(i.HAL_GPIO_ReadPin), (18 bytes).
    Removing py32f0xx_hal_gpio.o(i.HAL_GPIO_TogglePin), (16 bytes).
    Removing py32f0xx_hal_pwr.o(.rev16_text), (4 bytes).
    Removing py32f0xx_hal_pwr.o(.revsh_text), (4 bytes).
    Removing py32f0xx_hal_pwr.o(i.HAL_PWR_ConfigBIAS), (60 bytes).
    Removing py32f0xx_hal_pwr.o(i.HAL_PWR_ConfigStopMode), (44 bytes).
    Removing py32f0xx_hal_pwr.o(i.HAL_PWR_DeInit), (32 bytes).
    Removing py32f0xx_hal_pwr.o(i.HAL_PWR_DisableBkUpAccess), (20 bytes).
    Removing py32f0xx_hal_pwr.o(i.HAL_PWR_DisableSEVOnPend), (20 bytes).
    Removing py32f0xx_hal_pwr.o(i.HAL_PWR_DisableSleepOnExit), (20 bytes).
    Removing py32f0xx_hal_pwr.o(i.HAL_PWR_EnableBkUpAccess), (20 bytes).
    Removing py32f0xx_hal_pwr.o(i.HAL_PWR_EnableSEVOnPend), (20 bytes).
    Removing py32f0xx_hal_pwr.o(i.HAL_PWR_EnableSleepOnExit), (20 bytes).
    Removing py32f0xx_hal_pwr.o(i.HAL_PWR_EnterSLEEPMode), (32 bytes).
    Removing py32f0xx_hal_pwr.o(i.HAL_PWR_EnterSTOPMode), (84 bytes).
    Removing py32f0xx_hal_uart.o(.rev16_text), (4 bytes).
    Removing py32f0xx_hal_uart.o(.revsh_text), (4 bytes).
    Removing py32f0xx_hal_uart.o(i.HAL_HalfDuplex_EnableReceiver), (72 bytes).
    Removing py32f0xx_hal_uart.o(i.HAL_HalfDuplex_EnableTransmitter), (72 bytes).
    Removing py32f0xx_hal_uart.o(i.HAL_HalfDuplex_Init), (116 bytes).
    Removing py32f0xx_hal_uart.o(i.HAL_MultiProcessor_EnterMuteMode), (62 bytes).
    Removing py32f0xx_hal_uart.o(i.HAL_MultiProcessor_ExitMuteMode), (62 bytes).
    Removing py32f0xx_hal_uart.o(i.HAL_MultiProcessor_Init), (166 bytes).
    Removing py32f0xx_hal_uart.o(i.HAL_UART_Abort), (50 bytes).
    Removing py32f0xx_hal_uart.o(i.HAL_UART_AbortCpltCallback), (2 bytes).
    Removing py32f0xx_hal_uart.o(i.HAL_UART_AbortReceive), (42 bytes).
    Removing py32f0xx_hal_uart.o(i.HAL_UART_AbortReceiveCpltCallback), (2 bytes).
    Removing py32f0xx_hal_uart.o(i.HAL_UART_AbortReceive_IT), (50 bytes).
    Removing py32f0xx_hal_uart.o(i.HAL_UART_AbortTransmit), (28 bytes).
    Removing py32f0xx_hal_uart.o(i.HAL_UART_AbortTransmitCpltCallback), (2 bytes).
    Removing py32f0xx_hal_uart.o(i.HAL_UART_AbortTransmit_IT), (36 bytes).
    Removing py32f0xx_hal_uart.o(i.HAL_UART_Abort_IT), (62 bytes).
    Removing py32f0xx_hal_uart.o(i.HAL_UART_DeInit), (64 bytes).
    Removing py32f0xx_hal_uart.o(i.HAL_UART_ErrorCallback), (2 bytes).
    Removing py32f0xx_hal_uart.o(i.HAL_UART_GetError), (6 bytes).
    Removing py32f0xx_hal_uart.o(i.HAL_UART_GetState), (20 bytes).
    Removing py32f0xx_hal_uart.o(i.HAL_UART_IRQHandler), (294 bytes).
    Removing py32f0xx_hal_uart.o(i.HAL_UART_Init), (138 bytes).
    Removing py32f0xx_hal_uart.o(i.HAL_UART_MspDeInit), (2 bytes).
    Removing py32f0xx_hal_uart.o(i.HAL_UART_MspInit), (2 bytes).
    Removing py32f0xx_hal_uart.o(i.HAL_UART_Receive), (228 bytes).
    Removing py32f0xx_hal_uart.o(i.HAL_UART_Receive_IT), (118 bytes).
    Removing py32f0xx_hal_uart.o(i.HAL_UART_RxCpltCallback), (2 bytes).
    Removing py32f0xx_hal_uart.o(i.HAL_UART_RxHalfCpltCallback), (2 bytes).
    Removing py32f0xx_hal_uart.o(i.HAL_UART_SendBreak), (62 bytes).
    Removing py32f0xx_hal_uart.o(i.HAL_UART_Transmit_IT), (92 bytes).
    Removing py32f0xx_hal_uart.o(i.HAL_UART_TxCpltCallback), (2 bytes).
    Removing py32f0xx_hal_uart.o(i.HAL_UART_TxHalfCpltCallback), (2 bytes).
    Removing py32f0xx_hal_uart.o(i.UART_AdvFeatureConfig), (56 bytes).
    Removing py32f0xx_hal_uart.o(i.UART_EndRxTransfer), (34 bytes).
    Removing py32f0xx_hal_uart.o(i.UART_EndTransmit_IT), (32 bytes).
    Removing py32f0xx_hal_uart.o(i.UART_Receive_IT), (136 bytes).
    Removing py32f0xx_hal_uart.o(i.UART_SetConfig), (420 bytes).
    Removing py32f0xx_hal_uart.o(i.UART_Transmit_IT), (106 bytes).
    Removing py32f0xx_hal_cortex.o(.rev16_text), (4 bytes).
    Removing py32f0xx_hal_cortex.o(.revsh_text), (4 bytes).
    Removing py32f0xx_hal_cortex.o(i.HAL_NVIC_ClearPendingIRQ), (24 bytes).
    Removing py32f0xx_hal_cortex.o(i.HAL_NVIC_DisableIRQ), (24 bytes).
    Removing py32f0xx_hal_cortex.o(i.HAL_NVIC_GetPendingIRQ), (40 bytes).
    Removing py32f0xx_hal_cortex.o(i.HAL_NVIC_GetPriority), (72 bytes).
    Removing py32f0xx_hal_cortex.o(i.HAL_NVIC_SetPendingIRQ), (24 bytes).
    Removing py32f0xx_hal_cortex.o(i.HAL_NVIC_SystemReset), (56 bytes).
    Removing py32f0xx_hal_cortex.o(i.HAL_SYSTICK_CLKSourceConfig), (36 bytes).
    Removing py32f0xx_hal_cortex.o(i.HAL_SYSTICK_Callback), (2 bytes).
    Removing py32f0xx_hal_cortex.o(i.HAL_SYSTICK_IRQHandler), (8 bytes).
    Removing py32f0xx_hal_adc.o(.rev16_text), (4 bytes).
    Removing py32f0xx_hal_adc.o(.revsh_text), (4 bytes).
    Removing py32f0xx_hal_adc.o(i.ADC_ConversionStop), (108 bytes).
    Removing py32f0xx_hal_adc.o(i.ADC_Disable), (140 bytes).
    Removing py32f0xx_hal_adc.o(i.HAL_ADC_AnalogWDGConfig), (212 bytes).
    Removing py32f0xx_hal_adc.o(i.HAL_ADC_ConvCpltCallback), (2 bytes).
    Removing py32f0xx_hal_adc.o(i.HAL_ADC_ConvHalfCpltCallback), (2 bytes).
    Removing py32f0xx_hal_adc.o(i.HAL_ADC_DeInit), (220 bytes).
    Removing py32f0xx_hal_adc.o(i.HAL_ADC_GetCalibStatus), (48 bytes).
    Removing py32f0xx_hal_adc.o(i.HAL_ADC_GetError), (6 bytes).
    Removing py32f0xx_hal_adc.o(i.HAL_ADC_GetState), (6 bytes).
    Removing py32f0xx_hal_adc.o(i.HAL_ADC_GetValue), (8 bytes).
    Removing py32f0xx_hal_adc.o(i.HAL_ADC_MspDeInit), (2 bytes).
    Removing py32f0xx_hal_adc.o(i.HAL_ADC_MspInit), (2 bytes).
    Removing py32f0xx_hal_adc.o(i.HAL_ADC_PollForConversion), (194 bytes).
    Removing py32f0xx_hal_adc.o(i.HAL_ADC_PollForEvent), (138 bytes).
    Removing py32f0xx_hal_adc.o(i.HAL_ADC_SetCalibration), (96 bytes).
    Removing py32f0xx_hal_adc.o(i.HAL_ADC_Start), (112 bytes).
    Removing py32f0xx_hal_adc.o(i.HAL_ADC_Stop), (80 bytes).
    Removing py32f0xx_hal_adc.o(i.HAL_ADC_Stop_IT), (92 bytes).
    Removing py32f0xx_hal_adc_ex.o(.rev16_text), (4 bytes).
    Removing py32f0xx_hal_adc_ex.o(.revsh_text), (4 bytes).
    Removing py32f0xx_hal_usart.o(.rev16_text), (4 bytes).
    Removing py32f0xx_hal_usart.o(.revsh_text), (4 bytes).
    Removing py32f0xx_hal_exti.o(.rev16_text), (4 bytes).
    Removing py32f0xx_hal_exti.o(.revsh_text), (4 bytes).
    Removing py32f0xx_hal_exti.o(i.HAL_EXTI_ClearConfigLine), (128 bytes).
    Removing py32f0xx_hal_exti.o(i.HAL_EXTI_ClearPending), (24 bytes).
    Removing py32f0xx_hal_exti.o(i.HAL_EXTI_GenerateSWI), (24 bytes).
    Removing py32f0xx_hal_exti.o(i.HAL_EXTI_GetConfigLine), (184 bytes).
    Removing py32f0xx_hal_exti.o(i.HAL_EXTI_GetHandle), (16 bytes).
    Removing py32f0xx_hal_exti.o(i.HAL_EXTI_GetPending), (36 bytes).
    Removing py32f0xx_hal_exti.o(i.HAL_EXTI_IRQHandler), (48 bytes).
    Removing py32f0xx_hal_exti.o(i.HAL_EXTI_RegisterCallback), (22 bytes).
    Removing py32f0xx_hal_exti.o(i.HAL_EXTI_SetConfigLine), (252 bytes).
    Removing py32f0xx_hal_tim.o(.rev16_text), (4 bytes).
    Removing py32f0xx_hal_tim.o(.revsh_text), (4 bytes).
    Removing py32f0xx_hal_tim.o(i.HAL_TIM_Base_DeInit), (72 bytes).
    Removing py32f0xx_hal_tim.o(i.HAL_TIM_Base_GetState), (6 bytes).
    Removing py32f0xx_hal_tim.o(i.HAL_TIM_Base_MspDeInit), (2 bytes).
    Removing py32f0xx_hal_tim.o(i.HAL_TIM_Base_MspInit), (2 bytes).
    Removing py32f0xx_hal_tim.o(i.HAL_TIM_Base_Start), (38 bytes).
    Removing py32f0xx_hal_tim.o(i.HAL_TIM_Base_Stop), (60 bytes).
    Removing py32f0xx_hal_tim.o(i.HAL_TIM_Base_Stop_IT), (64 bytes).
    Removing py32f0xx_hal_tim.o(i.HAL_TIM_ConfigClockSource), (262 bytes).
    Removing py32f0xx_hal_tim.o(i.HAL_TIM_ConfigOCrefClear), (312 bytes).
    Removing py32f0xx_hal_tim.o(i.HAL_TIM_ConfigTI1Input), (32 bytes).
    Removing py32f0xx_hal_tim.o(i.HAL_TIM_Encoder_DeInit), (72 bytes).
    Removing py32f0xx_hal_tim.o(i.HAL_TIM_Encoder_GetState), (6 bytes).
    Removing py32f0xx_hal_tim.o(i.HAL_TIM_Encoder_Init), (184 bytes).
    Removing py32f0xx_hal_tim.o(i.HAL_TIM_Encoder_MspDeInit), (2 bytes).
    Removing py32f0xx_hal_tim.o(i.HAL_TIM_Encoder_MspInit), (2 bytes).
    Removing py32f0xx_hal_tim.o(i.HAL_TIM_Encoder_Start), (80 bytes).
    Removing py32f0xx_hal_tim.o(i.HAL_TIM_Encoder_Start_IT), (128 bytes).
    Removing py32f0xx_hal_tim.o(i.HAL_TIM_Encoder_Stop), (112 bytes).
    Removing py32f0xx_hal_tim.o(i.HAL_TIM_Encoder_Stop_IT), (160 bytes).
    Removing py32f0xx_hal_tim.o(i.HAL_TIM_ErrorCallback), (2 bytes).
    Removing py32f0xx_hal_tim.o(i.HAL_TIM_GenerateEvent), (44 bytes).
    Removing py32f0xx_hal_tim.o(i.HAL_TIM_IC_CaptureHalfCpltCallback), (2 bytes).
    Removing py32f0xx_hal_tim.o(i.HAL_TIM_IC_ConfigChannel), (216 bytes).
    Removing py32f0xx_hal_tim.o(i.HAL_TIM_IC_DeInit), (72 bytes).
    Removing py32f0xx_hal_tim.o(i.HAL_TIM_IC_GetState), (6 bytes).
    Removing py32f0xx_hal_tim.o(i.HAL_TIM_IC_Init), (46 bytes).
    Removing py32f0xx_hal_tim.o(i.HAL_TIM_IC_MspDeInit), (2 bytes).
    Removing py32f0xx_hal_tim.o(i.HAL_TIM_IC_MspInit), (2 bytes).
    Removing py32f0xx_hal_tim.o(i.HAL_TIM_IC_Start), (44 bytes).
    Removing py32f0xx_hal_tim.o(i.HAL_TIM_IC_Start_IT), (122 bytes).
    Removing py32f0xx_hal_tim.o(i.HAL_TIM_IC_Stop), (64 bytes).
    Removing py32f0xx_hal_tim.o(i.HAL_TIM_IC_Stop_IT), (144 bytes).
    Removing py32f0xx_hal_tim.o(i.HAL_TIM_OC_ConfigChannel), (108 bytes).
    Removing py32f0xx_hal_tim.o(i.HAL_TIM_OC_DeInit), (72 bytes).
    Removing py32f0xx_hal_tim.o(i.HAL_TIM_OC_GetState), (6 bytes).
    Removing py32f0xx_hal_tim.o(i.HAL_TIM_OC_Init), (46 bytes).
    Removing py32f0xx_hal_tim.o(i.HAL_TIM_OC_MspDeInit), (2 bytes).
    Removing py32f0xx_hal_tim.o(i.HAL_TIM_OC_MspInit), (2 bytes).
    Removing py32f0xx_hal_tim.o(i.HAL_TIM_OC_Start), (92 bytes).
    Removing py32f0xx_hal_tim.o(i.HAL_TIM_OC_Start_IT), (172 bytes).
    Removing py32f0xx_hal_tim.o(i.HAL_TIM_OC_Stop), (140 bytes).
    Removing py32f0xx_hal_tim.o(i.HAL_TIM_OC_Stop_IT), (220 bytes).
    Removing py32f0xx_hal_tim.o(i.HAL_TIM_OnePulse_ConfigChannel), (286 bytes).
    Removing py32f0xx_hal_tim.o(i.HAL_TIM_OnePulse_DeInit), (72 bytes).
    Removing py32f0xx_hal_tim.o(i.HAL_TIM_OnePulse_GetState), (6 bytes).
    Removing py32f0xx_hal_tim.o(i.HAL_TIM_OnePulse_Init), (70 bytes).
    Removing py32f0xx_hal_tim.o(i.HAL_TIM_OnePulse_MspDeInit), (2 bytes).
    Removing py32f0xx_hal_tim.o(i.HAL_TIM_OnePulse_MspInit), (2 bytes).
    Removing py32f0xx_hal_tim.o(i.HAL_TIM_OnePulse_Start), (80 bytes).
    Removing py32f0xx_hal_tim.o(i.HAL_TIM_OnePulse_Start_IT), (104 bytes).
    Removing py32f0xx_hal_tim.o(i.HAL_TIM_OnePulse_Stop), (152 bytes).
    Removing py32f0xx_hal_tim.o(i.HAL_TIM_OnePulse_Stop_IT), (176 bytes).
    Removing py32f0xx_hal_tim.o(i.HAL_TIM_PWM_ConfigChannel), (264 bytes).
    Removing py32f0xx_hal_tim.o(i.HAL_TIM_PWM_DeInit), (72 bytes).
    Removing py32f0xx_hal_tim.o(i.HAL_TIM_PWM_GetState), (6 bytes).
    Removing py32f0xx_hal_tim.o(i.HAL_TIM_PWM_Init), (46 bytes).
    Removing py32f0xx_hal_tim.o(i.HAL_TIM_PWM_MspDeInit), (2 bytes).
    Removing py32f0xx_hal_tim.o(i.HAL_TIM_PWM_MspInit), (2 bytes).
    Removing py32f0xx_hal_tim.o(i.HAL_TIM_PWM_PulseFinishedHalfCpltCallback), (2 bytes).
    Removing py32f0xx_hal_tim.o(i.HAL_TIM_PWM_Start), (92 bytes).
    Removing py32f0xx_hal_tim.o(i.HAL_TIM_PWM_Start_IT), (172 bytes).
    Removing py32f0xx_hal_tim.o(i.HAL_TIM_PWM_Stop), (144 bytes).
    Removing py32f0xx_hal_tim.o(i.HAL_TIM_PWM_Stop_IT), (220 bytes).
    Removing py32f0xx_hal_tim.o(i.HAL_TIM_PeriodElapsedCallback), (2 bytes).
    Removing py32f0xx_hal_tim.o(i.HAL_TIM_PeriodElapsedHalfCpltCallback), (2 bytes).
    Removing py32f0xx_hal_tim.o(i.HAL_TIM_ReadCapturedValue), (52 bytes).
    Removing py32f0xx_hal_tim.o(i.HAL_TIM_SlaveConfigSynchro), (84 bytes).
    Removing py32f0xx_hal_tim.o(i.HAL_TIM_SlaveConfigSynchro_IT), (84 bytes).
    Removing py32f0xx_hal_tim.o(i.HAL_TIM_TriggerHalfCpltCallback), (2 bytes).
    Removing py32f0xx_hal_tim.o(i.TIM_CCxChannelCmd), (34 bytes).
    Removing py32f0xx_hal_tim.o(i.TIM_ETR_SetConfig), (28 bytes).
    Removing py32f0xx_hal_tim.o(i.TIM_ITRx_SetConfig), (24 bytes).
    Removing py32f0xx_hal_tim.o(i.TIM_OC1_SetConfig), (140 bytes).
    Removing py32f0xx_hal_tim.o(i.TIM_OC2_SetConfig), (156 bytes).
    Removing py32f0xx_hal_tim.o(i.TIM_OC3_SetConfig), (152 bytes).
    Removing py32f0xx_hal_tim.o(i.TIM_OC4_SetConfig), (108 bytes).
    Removing py32f0xx_hal_tim.o(i.TIM_SlaveTimer_SetConfig), (176 bytes).
    Removing py32f0xx_hal_tim.o(i.TIM_TI1_ConfigInputStage), (50 bytes).
    Removing py32f0xx_hal_tim.o(i.TIM_TI1_SetConfig), (88 bytes).
    Removing py32f0xx_hal_tim.o(i.TIM_TI2_ConfigInputStage), (50 bytes).
    Removing py32f0xx_hal_tim.o(i.TIM_TI2_SetConfig), (72 bytes).
    Removing py32f0xx_hal_tim.o(i.TIM_TI3_SetConfig), (70 bytes).
    Removing py32f0xx_hal_tim.o(i.TIM_TI4_SetConfig), (78 bytes).
    Removing py32f0xx_hal_tim_ex.o(.rev16_text), (4 bytes).
    Removing py32f0xx_hal_tim_ex.o(.revsh_text), (4 bytes).
    Removing py32f0xx_hal_tim_ex.o(i.HAL_TIMEx_BreakCallback), (2 bytes).
    Removing py32f0xx_hal_tim_ex.o(i.HAL_TIMEx_CommutCallback), (2 bytes).
    Removing py32f0xx_hal_tim_ex.o(i.HAL_TIMEx_CommutHalfCpltCallback), (2 bytes).
    Removing py32f0xx_hal_tim_ex.o(i.HAL_TIMEx_ConfigBreakDeadTime), (134 bytes).
    Removing py32f0xx_hal_tim_ex.o(i.HAL_TIMEx_ConfigCommutEvent), (118 bytes).
    Removing py32f0xx_hal_tim_ex.o(i.HAL_TIMEx_ConfigCommutEvent_IT), (118 bytes).
    Removing py32f0xx_hal_tim_ex.o(i.HAL_TIMEx_HallSensor_DeInit), (72 bytes).
    Removing py32f0xx_hal_tim_ex.o(i.HAL_TIMEx_HallSensor_GetState), (6 bytes).
    Removing py32f0xx_hal_tim_ex.o(i.HAL_TIMEx_HallSensor_Init), (202 bytes).
    Removing py32f0xx_hal_tim_ex.o(i.HAL_TIMEx_HallSensor_MspDeInit), (2 bytes).
    Removing py32f0xx_hal_tim_ex.o(i.HAL_TIMEx_HallSensor_MspInit), (2 bytes).
    Removing py32f0xx_hal_tim_ex.o(i.HAL_TIMEx_HallSensor_Start), (42 bytes).
    Removing py32f0xx_hal_tim_ex.o(i.HAL_TIMEx_HallSensor_Start_IT), (54 bytes).
    Removing py32f0xx_hal_tim_ex.o(i.HAL_TIMEx_HallSensor_Stop), (64 bytes).
    Removing py32f0xx_hal_tim_ex.o(i.HAL_TIMEx_HallSensor_Stop_IT), (76 bytes).
    Removing py32f0xx_hal_tim_ex.o(i.HAL_TIMEx_MasterConfigSynchronization), (96 bytes).
    Removing py32f0xx_hal_tim_ex.o(i.HAL_TIMEx_OCN_Start), (58 bytes).
    Removing py32f0xx_hal_tim_ex.o(i.HAL_TIMEx_OCN_Start_IT), (130 bytes).
    Removing py32f0xx_hal_tim_ex.o(i.HAL_TIMEx_OCN_Stop), (108 bytes).
    Removing py32f0xx_hal_tim_ex.o(i.HAL_TIMEx_OCN_Stop_IT), (196 bytes).
    Removing py32f0xx_hal_tim_ex.o(i.HAL_TIMEx_OnePulseN_Start), (34 bytes).
    Removing py32f0xx_hal_tim_ex.o(i.HAL_TIMEx_OnePulseN_Start_IT), (58 bytes).
    Removing py32f0xx_hal_tim_ex.o(i.HAL_TIMEx_OnePulseN_Stop), (108 bytes).
    Removing py32f0xx_hal_tim_ex.o(i.HAL_TIMEx_OnePulseN_Stop_IT), (132 bytes).
    Removing py32f0xx_hal_tim_ex.o(i.HAL_TIMEx_PWMN_Start), (58 bytes).
    Removing py32f0xx_hal_tim_ex.o(i.HAL_TIMEx_PWMN_Start_IT), (130 bytes).
    Removing py32f0xx_hal_tim_ex.o(i.HAL_TIMEx_PWMN_Stop), (108 bytes).
    Removing py32f0xx_hal_tim_ex.o(i.HAL_TIMEx_PWMN_Stop_IT), (196 bytes).
    Removing py32f0xx_hal_tim_ex.o(i.TIM_CCxNChannelCmd), (34 bytes).
    Removing py32f0xx_hal_iwdg.o(.rev16_text), (4 bytes).
    Removing py32f0xx_hal_iwdg.o(.revsh_text), (4 bytes).
    Removing py32f0xx_hal_flash.o(.rev16_text), (4 bytes).
    Removing py32f0xx_hal_flash.o(.revsh_text), (4 bytes).
    Removing py32f0xx_hal_flash.o(i.HAL_FLASH_EndOfOperationCallback), (2 bytes).
    Removing py32f0xx_hal_flash.o(i.HAL_FLASH_Erase_IT), (472 bytes).
    Removing py32f0xx_hal_flash.o(i.HAL_FLASH_GetError), (12 bytes).
    Removing py32f0xx_hal_flash.o(i.HAL_FLASH_IRQHandler), (288 bytes).
    Removing py32f0xx_hal_flash.o(i.HAL_FLASH_OBGetConfig), (80 bytes).
    Removing py32f0xx_hal_flash.o(i.HAL_FLASH_OB_RDP_LevelConfig), (124 bytes).
    Removing py32f0xx_hal_flash.o(i.HAL_FLASH_OperationErrorCallback), (2 bytes).
    Removing py32f0xx_hal_flash.o(i.HAL_FLASH_PageProgram), (18 bytes).
    Removing py32f0xx_hal_flash.o(i.HAL_FLASH_PageProgram_IT), (18 bytes).
    Removing py32f0xx_hal_flash.o(i.HAL_FLASH_Program_IT), (420 bytes).
    Removing dadd.o(.text), (356 bytes).
    Removing dmul.o(.text), (208 bytes).
    Removing ddiv.o(.text), (240 bytes).
    Removing dfixul.o(.text), (64 bytes).
    Removing cdrcmple.o(.text), (40 bytes).
    Removing depilogue.o(.text), (190 bytes).
    Removing depilogue.o(i.__ARM_clz), (46 bytes).

308 unused section(s) (total 19683 bytes) removed from the image.

==============================================================================

Image Symbol Table

    Local Symbols

    Symbol Name                              Value     Ov Type        Size  Object(Section)

    ../clib/../cmprslib/zerorunl2.c          0x00000000   Number         0  __dczerorl2.o ABSOLUTE
    ../clib/microlib/division.c              0x00000000   Number         0  uidiv.o ABSOLUTE
    ../clib/microlib/division.c              0x00000000   Number         0  idiv.o ABSOLUTE
    ../clib/microlib/division.c              0x00000000   Number         0  uldiv.o ABSOLUTE
    ../clib/microlib/init/entry.s            0x00000000   Number         0  entry7b.o ABSOLUTE
    ../clib/microlib/init/entry.s            0x00000000   Number         0  entry8a.o ABSOLUTE
    ../clib/microlib/init/entry.s            0x00000000   Number         0  entry9b.o ABSOLUTE
    ../clib/microlib/init/entry.s            0x00000000   Number         0  entry8b.o ABSOLUTE
    ../clib/microlib/init/entry.s            0x00000000   Number         0  entry9a.o ABSOLUTE
    ../clib/microlib/init/entry.s            0x00000000   Number         0  entry2.o ABSOLUTE
    ../clib/microlib/init/entry.s            0x00000000   Number         0  entry.o ABSOLUTE
    ../clib/microlib/init/entry.s            0x00000000   Number         0  entry11b.o ABSOLUTE
    ../clib/microlib/init/entry.s            0x00000000   Number         0  entry11a.o ABSOLUTE
    ../clib/microlib/init/entry.s            0x00000000   Number         0  entry10b.o ABSOLUTE
    ../clib/microlib/init/entry.s            0x00000000   Number         0  entry5.o ABSOLUTE
    ../clib/microlib/init/entry.s            0x00000000   Number         0  entry7a.o ABSOLUTE
    ../clib/microlib/init/entry.s            0x00000000   Number         0  entry10a.o ABSOLUTE
    ../clib/microlib/longlong.c              0x00000000   Number         0  llshl.o ABSOLUTE
    ../clib/microlib/longlong.c              0x00000000   Number         0  llushr.o ABSOLUTE
    ../clib/microlib/longlong.c              0x00000000   Number         0  llsshr.o ABSOLUTE
    ../clib/microlib/printf/printf.c         0x00000000   Number         0  printf8.o ABSOLUTE
    ../clib/microlib/printf/printf.c         0x00000000   Number         0  printf6.o ABSOLUTE
    ../clib/microlib/printf/printf.c         0x00000000   Number         0  printf7.o ABSOLUTE
    ../clib/microlib/printf/printf.c         0x00000000   Number         0  printfa.o ABSOLUTE
    ../clib/microlib/printf/printf.c         0x00000000   Number         0  printfb.o ABSOLUTE
    ../clib/microlib/printf/printf.c         0x00000000   Number         0  printf0.o ABSOLUTE
    ../clib/microlib/printf/printf.c         0x00000000   Number         0  printf1.o ABSOLUTE
    ../clib/microlib/printf/printf.c         0x00000000   Number         0  printf2.o ABSOLUTE
    ../clib/microlib/printf/printf.c         0x00000000   Number         0  printf3.o ABSOLUTE
    ../clib/microlib/printf/printf.c         0x00000000   Number         0  printf4.o ABSOLUTE
    ../clib/microlib/printf/printf.c         0x00000000   Number         0  printf5.o ABSOLUTE
    ../clib/microlib/stdio/streams.c         0x00000000   Number         0  stdout.o ABSOLUTE
    ../clib/microlib/string/memcpy.c         0x00000000   Number         0  memcpya.o ABSOLUTE
    ../clib/microlib/string/memcpy.c         0x00000000   Number         0  memcpyb.o ABSOLUTE
    ../clib/microlib/string/memset.c         0x00000000   Number         0  memseta.o ABSOLUTE
    ../clib/microlib/stubs.s                 0x00000000   Number         0  iusefp.o ABSOLUTE
    ../fplib/microlib/fpadd.c                0x00000000   Number         0  dadd.o ABSOLUTE
    ../fplib/microlib/fpdiv.c                0x00000000   Number         0  ddiv.o ABSOLUTE
    ../fplib/microlib/fpepilogue.c           0x00000000   Number         0  depilogue.o ABSOLUTE
    ../fplib/microlib/fpfix.c                0x00000000   Number         0  dfixul.o ABSOLUTE
    ../fplib/microlib/fpmul.c                0x00000000   Number         0  dmul.o ABSOLUTE
    ..\..\..\..\..\..\Drivers\BSP\PY32F002xx_Start_Kit\py32f002xx_Start_Kit.c 0x00000000   Number         0  py32f002xx_start_kit.o ABSOLUTE
    ..\..\..\..\..\..\Drivers\PY32F0xx_HAL_Driver\Src\py32f0xx_hal.c 0x00000000   Number         0  py32f0xx_hal.o ABSOLUTE
    ..\..\..\..\..\..\Drivers\PY32F0xx_HAL_Driver\Src\py32f0xx_hal_adc.c 0x00000000   Number         0  py32f0xx_hal_adc.o ABSOLUTE
    ..\..\..\..\..\..\Drivers\PY32F0xx_HAL_Driver\Src\py32f0xx_hal_adc_ex.c 0x00000000   Number         0  py32f0xx_hal_adc_ex.o ABSOLUTE
    ..\..\..\..\..\..\Drivers\PY32F0xx_HAL_Driver\Src\py32f0xx_hal_exti.c 0x00000000   Number         0  py32f0xx_hal_exti.o ABSOLUTE
    ..\..\..\..\..\..\Drivers\PY32F0xx_HAL_Driver\Src\py32f0xx_hal_flash.c 0x00000000   Number         0  py32f0xx_hal_flash.o ABSOLUTE
    ..\..\..\..\..\..\Drivers\PY32F0xx_HAL_Driver\Src\py32f0xx_hal_iwdg.c 0x00000000   Number         0  py32f0xx_hal_iwdg.o ABSOLUTE
    ..\..\..\..\..\..\Drivers\PY32F0xx_HAL_Driver\Src\py32f0xx_hal_tim.c 0x00000000   Number         0  py32f0xx_hal_tim.o ABSOLUTE
    ..\..\..\..\..\..\Drivers\PY32F0xx_HAL_Driver\Src\py32f0xx_hal_tim_ex.c 0x00000000   Number         0  py32f0xx_hal_tim_ex.o ABSOLUTE
    ..\..\..\..\..\..\Drivers\PY32F0xx_HAL_Driver\Src\py32f0xx_hal_usart.c 0x00000000   Number         0  py32f0xx_hal_usart.o ABSOLUTE
    ..\..\..\..\..\..\drivers\PY32F0xx_HAL_Driver\src\py32f0xx_hal_cortex.c 0x00000000   Number         0  py32f0xx_hal_cortex.o ABSOLUTE
    ..\..\..\..\..\..\drivers\PY32F0xx_HAL_Driver\src\py32f0xx_hal_gpio.c 0x00000000   Number         0  py32f0xx_hal_gpio.o ABSOLUTE
    ..\..\..\..\..\..\drivers\PY32F0xx_HAL_Driver\src\py32f0xx_hal_pwr.c 0x00000000   Number         0  py32f0xx_hal_pwr.o ABSOLUTE
    ..\..\..\..\..\..\drivers\PY32F0xx_HAL_Driver\src\py32f0xx_hal_rcc.c 0x00000000   Number         0  py32f0xx_hal_rcc.o ABSOLUTE
    ..\..\..\..\..\..\drivers\PY32F0xx_HAL_Driver\src\py32f0xx_hal_uart.c 0x00000000   Number         0  py32f0xx_hal_uart.o ABSOLUTE
    ..\Src\main.c                            0x00000000   Number         0  main.o ABSOLUTE
    ..\Src\py32f0xx_hal_msp.c                0x00000000   Number         0  py32f0xx_hal_msp.o ABSOLUTE
    ..\Src\py32f0xx_it.c                     0x00000000   Number         0  py32f0xx_it.o ABSOLUTE
    ..\Src\system_py32f0xx.c                 0x00000000   Number         0  system_py32f0xx.o ABSOLUTE
    ..\Src\user\encryptionDecryption.c       0x00000000   Number         0  encryptiondecryption.o ABSOLUTE
    ..\Src\user\led.c                        0x00000000   Number         0  led.o ABSOLUTE
    ..\Src\user\led2_digital_tube.c          0x00000000   Number         0  led2_digital_tube.o ABSOLUTE
    ..\Src\user\reset_io_pin.c               0x00000000   Number         0  reset_io_pin.o ABSOLUTE
    ..\Src\user\temperature.c                0x00000000   Number         0  temperature.o ABSOLUTE
    ..\Src\user\user_flash.c                 0x00000000   Number         0  user_flash.o ABSOLUTE
    ..\Src\user\user_gpio.c                  0x00000000   Number         0  user_gpio.o ABSOLUTE
    ..\\..\\..\\..\\..\\..\\Drivers\\BSP\\PY32F002xx_Start_Kit\\py32f002xx_Start_Kit.c 0x00000000   Number         0  py32f002xx_start_kit.o ABSOLUTE
    ..\\..\\..\\..\\..\\..\\Drivers\\PY32F0xx_HAL_Driver\\Src\\py32f0xx_hal.c 0x00000000   Number         0  py32f0xx_hal.o ABSOLUTE
    ..\\..\\..\\..\\..\\..\\Drivers\\PY32F0xx_HAL_Driver\\Src\\py32f0xx_hal_adc.c 0x00000000   Number         0  py32f0xx_hal_adc.o ABSOLUTE
    ..\\..\\..\\..\\..\\..\\Drivers\\PY32F0xx_HAL_Driver\\Src\\py32f0xx_hal_adc_ex.c 0x00000000   Number         0  py32f0xx_hal_adc_ex.o ABSOLUTE
    ..\\..\\..\\..\\..\\..\\Drivers\\PY32F0xx_HAL_Driver\\Src\\py32f0xx_hal_exti.c 0x00000000   Number         0  py32f0xx_hal_exti.o ABSOLUTE
    ..\\..\\..\\..\\..\\..\\Drivers\\PY32F0xx_HAL_Driver\\Src\\py32f0xx_hal_flash.c 0x00000000   Number         0  py32f0xx_hal_flash.o ABSOLUTE
    ..\\..\\..\\..\\..\\..\\Drivers\\PY32F0xx_HAL_Driver\\Src\\py32f0xx_hal_iwdg.c 0x00000000   Number         0  py32f0xx_hal_iwdg.o ABSOLUTE
    ..\\..\\..\\..\\..\\..\\Drivers\\PY32F0xx_HAL_Driver\\Src\\py32f0xx_hal_tim.c 0x00000000   Number         0  py32f0xx_hal_tim.o ABSOLUTE
    ..\\..\\..\\..\\..\\..\\Drivers\\PY32F0xx_HAL_Driver\\Src\\py32f0xx_hal_tim_ex.c 0x00000000   Number         0  py32f0xx_hal_tim_ex.o ABSOLUTE
    ..\\..\\..\\..\\..\\..\\Drivers\\PY32F0xx_HAL_Driver\\Src\\py32f0xx_hal_usart.c 0x00000000   Number         0  py32f0xx_hal_usart.o ABSOLUTE
    ..\\..\\..\\..\\..\\..\\drivers\\PY32F0xx_HAL_Driver\\src\\py32f0xx_hal_cortex.c 0x00000000   Number         0  py32f0xx_hal_cortex.o ABSOLUTE
    ..\\..\\..\\..\\..\\..\\drivers\\PY32F0xx_HAL_Driver\\src\\py32f0xx_hal_gpio.c 0x00000000   Number         0  py32f0xx_hal_gpio.o ABSOLUTE
    ..\\..\\..\\..\\..\\..\\drivers\\PY32F0xx_HAL_Driver\\src\\py32f0xx_hal_pwr.c 0x00000000   Number         0  py32f0xx_hal_pwr.o ABSOLUTE
    ..\\..\\..\\..\\..\\..\\drivers\\PY32F0xx_HAL_Driver\\src\\py32f0xx_hal_rcc.c 0x00000000   Number         0  py32f0xx_hal_rcc.o ABSOLUTE
    ..\\..\\..\\..\\..\\..\\drivers\\PY32F0xx_HAL_Driver\\src\\py32f0xx_hal_uart.c 0x00000000   Number         0  py32f0xx_hal_uart.o ABSOLUTE
    ..\\Src\\main.c                          0x00000000   Number         0  main.o ABSOLUTE
    ..\\Src\\py32f0xx_hal_msp.c              0x00000000   Number         0  py32f0xx_hal_msp.o ABSOLUTE
    ..\\Src\\py32f0xx_it.c                   0x00000000   Number         0  py32f0xx_it.o ABSOLUTE
    ..\\Src\\system_py32f0xx.c               0x00000000   Number         0  system_py32f0xx.o ABSOLUTE
    ..\\Src\\user\\encryptionDecryption.c    0x00000000   Number         0  encryptiondecryption.o ABSOLUTE
    ..\\Src\\user\\led.c                     0x00000000   Number         0  led.o ABSOLUTE
    ..\\Src\\user\\led2_digital_tube.c       0x00000000   Number         0  led2_digital_tube.o ABSOLUTE
    ..\\Src\\user\\reset_io_pin.c            0x00000000   Number         0  reset_io_pin.o ABSOLUTE
    ..\\Src\\user\\temperature.c             0x00000000   Number         0  temperature.o ABSOLUTE
    ..\\Src\\user\\user_flash.c              0x00000000   Number         0  user_flash.o ABSOLUTE
    ..\\Src\\user\\user_gpio.c               0x00000000   Number         0  user_gpio.o ABSOLUTE
    cdrcmple.s                               0x00000000   Number         0  cdrcmple.o ABSOLUTE
    dc.s                                     0x00000000   Number         0  dc.o ABSOLUTE
    handlers.s                               0x00000000   Number         0  handlers.o ABSOLUTE
    init.s                                   0x00000000   Number         0  init.o ABSOLUTE
    startup_py32f002xx.s                     0x00000000   Number         0  startup_py32f002xx.o ABSOLUTE
    RESET                                    0x08000000   Section      192  startup_py32f002xx.o(RESET)
    .ARM.Collect$$$$00000000                 0x080000c0   Section        0  entry.o(.ARM.Collect$$$$00000000)
    .ARM.Collect$$$$00000001                 0x080000c0   Section        4  entry2.o(.ARM.Collect$$$$00000001)
    .ARM.Collect$$$$00000004                 0x080000c4   Section        4  entry5.o(.ARM.Collect$$$$00000004)
    .ARM.Collect$$$$00000008                 0x080000c8   Section        0  entry7b.o(.ARM.Collect$$$$00000008)
    .ARM.Collect$$$$0000000A                 0x080000c8   Section        0  entry8b.o(.ARM.Collect$$$$0000000A)
    .ARM.Collect$$$$0000000B                 0x080000c8   Section        8  entry9a.o(.ARM.Collect$$$$0000000B)
    .ARM.Collect$$$$0000000D                 0x080000d0   Section        0  entry10a.o(.ARM.Collect$$$$0000000D)
    .ARM.Collect$$$$0000000F                 0x080000d0   Section        0  entry11a.o(.ARM.Collect$$$$0000000F)
    .ARM.Collect$$$$00002712                 0x080000d0   Section        4  entry2.o(.ARM.Collect$$$$00002712)
    __lit__00000000                          0x080000d0   Data           4  entry2.o(.ARM.Collect$$$$00002712)
    .text                                    0x080000d4   Section       28  startup_py32f002xx.o(.text)
    .text                                    0x080000f0   Section        0  uidiv.o(.text)
    .text                                    0x0800011c   Section        0  idiv.o(.text)
    .text                                    0x08000144   Section        0  memcpya.o(.text)
    .text                                    0x08000168   Section        0  memseta.o(.text)
    .text                                    0x0800018c   Section       36  init.o(.text)
    .text                                    0x080001b0   Section        0  __dczerorl2.o(.text)
    i.$Sub$$main                             0x08000208   Section        0  system_py32f0xx.o(i.$Sub$$main)
    i.ADC_COMP_IRQHandler                    0x0800023c   Section        0  py32f0xx_it.o(i.ADC_COMP_IRQHandler)
    i.ADC_Enable                             0x0800024c   Section        0  py32f0xx_hal_adc.o(i.ADC_Enable)
    ADC_Enable                               0x0800024d   Thumb Code   110  py32f0xx_hal_adc.o(i.ADC_Enable)
    i.APP_ADCConfig                          0x080002c8   Section        0  main.o(i.APP_ADCConfig)
    i.APP_FlashBlank                         0x0800038c   Section        0  user_flash.o(i.APP_FlashBlank)
    APP_FlashBlank                           0x0800038d   Thumb Code    32  user_flash.o(i.APP_FlashBlank)
    i.APP_FlashErase                         0x080003ac   Section        0  user_flash.o(i.APP_FlashErase)
    APP_FlashErase                           0x080003ad   Thumb Code    42  user_flash.o(i.APP_FlashErase)
    i.APP_FlashProgram                       0x080003d6   Section        0  user_flash.o(i.APP_FlashProgram)
    APP_FlashProgram                         0x080003d7   Thumb Code    48  user_flash.o(i.APP_FlashProgram)
    i.APP_FlashVerify                        0x08000406   Section        0  user_flash.o(i.APP_FlashVerify)
    APP_FlashVerify                          0x08000407   Thumb Code    36  user_flash.o(i.APP_FlashVerify)
    i.APP_SystemClockConfig                  0x0800042c   Section        0  main.o(i.APP_SystemClockConfig)
    i.EXTI2_3_IRQHandler                     0x0800049c   Section        0  main.o(i.EXTI2_3_IRQHandler)
    i.EXTI4_15_IRQHandler                    0x080004a6   Section        0  main.o(i.EXTI4_15_IRQHandler)
    i.Error_Handler                          0x080004b0   Section        0  main.o(i.Error_Handler)
    i.FLASH_MassErase                        0x080004b4   Section        0  py32f0xx_hal_flash.o(i.FLASH_MassErase)
    FLASH_MassErase                          0x080004b5   Thumb Code    26  py32f0xx_hal_flash.o(i.FLASH_MassErase)
    i.FLASH_OB_GetRDP                        0x080004dc   Section        0  py32f0xx_hal_flash.o(i.FLASH_OB_GetRDP)
    FLASH_OB_GetRDP                          0x080004dd   Thumb Code    18  py32f0xx_hal_flash.o(i.FLASH_OB_GetRDP)
    i.FLASH_OB_GetUser                       0x080004f4   Section        0  py32f0xx_hal_flash.o(i.FLASH_OB_GetUser)
    FLASH_OB_GetUser                         0x080004f5   Thumb Code    18  py32f0xx_hal_flash.o(i.FLASH_OB_GetUser)
    i.FLASH_OB_OptrConfig                    0x0800050c   Section        0  py32f0xx_hal_flash.o(i.FLASH_OB_OptrConfig)
    FLASH_OB_OptrConfig                      0x0800050d   Thumb Code    28  py32f0xx_hal_flash.o(i.FLASH_OB_OptrConfig)
    i.FLASH_PageErase                        0x0800052c   Section        0  py32f0xx_hal_flash.o(i.FLASH_PageErase)
    FLASH_PageErase                          0x0800052d   Thumb Code    24  py32f0xx_hal_flash.o(i.FLASH_PageErase)
    i.FLASH_Program_Page                     0x0800054c   Section        0  py32f0xx_hal_flash.o(i.FLASH_Program_Page)
    FLASH_Program_Page                       0x0800054d   Thumb Code    80  py32f0xx_hal_flash.o(i.FLASH_Program_Page)
    i.FLASH_SectorErase                      0x080005a0   Section        0  py32f0xx_hal_flash.o(i.FLASH_SectorErase)
    FLASH_SectorErase                        0x080005a1   Thumb Code    20  py32f0xx_hal_flash.o(i.FLASH_SectorErase)
    i.FLASH_WaitForLastOperation             0x080005b8   Section        0  py32f0xx_hal_flash.o(i.FLASH_WaitForLastOperation)
    i.HAL_ADC_Calibration_Start              0x080005f4   Section        0  py32f0xx_hal_adc.o(i.HAL_ADC_Calibration_Start)
    i.HAL_ADC_ConfigChannel                  0x08000694   Section        0  py32f0xx_hal_adc.o(i.HAL_ADC_ConfigChannel)
    i.HAL_ADC_ConvCpltCallback               0x08000818   Section        0  main.o(i.HAL_ADC_ConvCpltCallback)
    i.HAL_ADC_ErrorCallback                  0x08000830   Section        0  py32f0xx_hal_adc.o(i.HAL_ADC_ErrorCallback)
    i.HAL_ADC_IRQHandler                     0x08000832   Section        0  py32f0xx_hal_adc.o(i.HAL_ADC_IRQHandler)
    i.HAL_ADC_Init                           0x0800093c   Section        0  py32f0xx_hal_adc.o(i.HAL_ADC_Init)
    i.HAL_ADC_LevelOutOfWindowCallback       0x08000ad0   Section        0  py32f0xx_hal_adc.o(i.HAL_ADC_LevelOutOfWindowCallback)
    i.HAL_ADC_MspInit                        0x08000ad4   Section        0  py32f0xx_hal_msp.o(i.HAL_ADC_MspInit)
    i.HAL_ADC_Start_IT                       0x08000b64   Section        0  py32f0xx_hal_adc.o(i.HAL_ADC_Start_IT)
    i.HAL_Delay                              0x08000c04   Section        0  py32f0xx_hal.o(i.HAL_Delay)
    i.HAL_FLASH_Erase                        0x08000c30   Section        0  py32f0xx_hal_flash.o(i.HAL_FLASH_Erase)
    i.HAL_FLASH_Lock                         0x08000e78   Section        0  py32f0xx_hal_flash.o(i.HAL_FLASH_Lock)
    i.HAL_FLASH_OBProgram                    0x08000e9c   Section        0  py32f0xx_hal_flash.o(i.HAL_FLASH_OBProgram)
    i.HAL_FLASH_OB_Launch                    0x080010b4   Section        0  py32f0xx_hal_flash.o(i.HAL_FLASH_OB_Launch)
    i.HAL_FLASH_OB_Lock                      0x080010cc   Section        0  py32f0xx_hal_flash.o(i.HAL_FLASH_OB_Lock)
    i.HAL_FLASH_OB_Unlock                    0x080010f0   Section        0  py32f0xx_hal_flash.o(i.HAL_FLASH_OB_Unlock)
    i.HAL_FLASH_Program                      0x08001124   Section        0  py32f0xx_hal_flash.o(i.HAL_FLASH_Program)
    i.HAL_FLASH_Unlock                       0x080012dc   Section        0  py32f0xx_hal_flash.o(i.HAL_FLASH_Unlock)
    i.HAL_GPIO_EXTI_Callback                 0x08001310   Section        0  main.o(i.HAL_GPIO_EXTI_Callback)
    i.HAL_GPIO_EXTI_IRQHandler               0x08001314   Section        0  py32f0xx_hal_gpio.o(i.HAL_GPIO_EXTI_IRQHandler)
    i.HAL_GPIO_Init                          0x08001334   Section        0  py32f0xx_hal_gpio.o(i.HAL_GPIO_Init)
    i.HAL_GPIO_WritePin                      0x080014e8   Section        0  py32f0xx_hal_gpio.o(i.HAL_GPIO_WritePin)
    i.HAL_GetTick                            0x080014f4   Section        0  py32f0xx_hal.o(i.HAL_GetTick)
    i.HAL_GetUIDw0                           0x08001500   Section        0  py32f0xx_hal.o(i.HAL_GetUIDw0)
    i.HAL_GetUIDw1                           0x0800150c   Section        0  py32f0xx_hal.o(i.HAL_GetUIDw1)
    i.HAL_GetUIDw2                           0x08001518   Section        0  py32f0xx_hal.o(i.HAL_GetUIDw2)
    i.HAL_IWDG_Init                          0x08001524   Section        0  py32f0xx_hal_iwdg.o(i.HAL_IWDG_Init)
    i.HAL_IWDG_Refresh                       0x0800157c   Section        0  py32f0xx_hal_iwdg.o(i.HAL_IWDG_Refresh)
    i.HAL_IncTick                            0x0800158c   Section        0  py32f0xx_hal.o(i.HAL_IncTick)
    i.HAL_Init                               0x080015a4   Section        0  py32f0xx_hal.o(i.HAL_Init)
    i.HAL_InitTick                           0x080015c0   Section        0  py32f0xx_hal.o(i.HAL_InitTick)
    i.HAL_MspInit                            0x08001620   Section        0  py32f0xx_hal_msp.o(i.HAL_MspInit)
    i.HAL_NVIC_EnableIRQ                     0x08001640   Section        0  py32f0xx_hal_cortex.o(i.HAL_NVIC_EnableIRQ)
    i.HAL_NVIC_SetPriority                   0x08001658   Section        0  py32f0xx_hal_cortex.o(i.HAL_NVIC_SetPriority)
    i.HAL_RCC_ClockConfig                    0x0800166c   Section        0  py32f0xx_hal_rcc.o(i.HAL_RCC_ClockConfig)
    i.HAL_RCC_GetSysClockFreq                0x08001810   Section        0  py32f0xx_hal_rcc.o(i.HAL_RCC_GetSysClockFreq)
    i.HAL_RCC_OscConfig                      0x08001890   Section        0  py32f0xx_hal_rcc.o(i.HAL_RCC_OscConfig)
    i.HAL_SYSTICK_Config                     0x08001b80   Section        0  py32f0xx_hal_cortex.o(i.HAL_SYSTICK_Config)
    i.HAL_TIMEx_BreakCallback                0x08001bb8   Section        0  main.o(i.HAL_TIMEx_BreakCallback)
    i.HAL_TIMEx_CommutCallback               0x08001c04   Section        0  main.o(i.HAL_TIMEx_CommutCallback)
    i.HAL_TIM_Base_Init                      0x08001c54   Section        0  py32f0xx_hal_tim.o(i.HAL_TIM_Base_Init)
    i.HAL_TIM_Base_MspInit                   0x08001c84   Section        0  py32f0xx_hal_msp.o(i.HAL_TIM_Base_MspInit)
    i.HAL_TIM_Base_Start_IT                  0x08001cec   Section        0  py32f0xx_hal_tim.o(i.HAL_TIM_Base_Start_IT)
    i.HAL_TIM_IC_CaptureCallback             0x08001d16   Section        0  py32f0xx_hal_tim.o(i.HAL_TIM_IC_CaptureCallback)
    i.HAL_TIM_IRQHandler                     0x08001d18   Section        0  py32f0xx_hal_tim.o(i.HAL_TIM_IRQHandler)
    i.HAL_TIM_OC_DelayElapsedCallback        0x08001ee0   Section        0  py32f0xx_hal_tim.o(i.HAL_TIM_OC_DelayElapsedCallback)
    i.HAL_TIM_PWM_PulseFinishedCallback      0x08001ee2   Section        0  py32f0xx_hal_tim.o(i.HAL_TIM_PWM_PulseFinishedCallback)
    i.HAL_TIM_PeriodElapsedCallback          0x08001ee4   Section        0  main.o(i.HAL_TIM_PeriodElapsedCallback)
    i.HAL_TIM_TriggerCallback                0x08001f48   Section        0  py32f0xx_hal_tim.o(i.HAL_TIM_TriggerCallback)
    i.HAL_UART_Transmit                      0x08001f4a   Section        0  py32f0xx_hal_uart.o(i.HAL_UART_Transmit)
    i.HardFault_Handler                      0x08002048   Section        0  py32f0xx_it.o(i.HardFault_Handler)
    i.NMI_Handler                            0x0800204c   Section        0  py32f0xx_it.o(i.NMI_Handler)
    i.NVIC_SetPriority                       0x08002050   Section        0  py32f0xx_hal_cortex.o(i.NVIC_SetPriority)
    NVIC_SetPriority                         0x08002051   Thumb Code   110  py32f0xx_hal_cortex.o(i.NVIC_SetPriority)
    i.PendSV_Handler                         0x080020c8   Section        0  py32f0xx_it.o(i.PendSV_Handler)
    i.SVC_Handler                            0x080020ca   Section        0  py32f0xx_it.o(i.SVC_Handler)
    i.SysTick_Handler                        0x080020cc   Section        0  py32f0xx_it.o(i.SysTick_Handler)
    i.SystemInit                             0x080020d4   Section        0  system_py32f0xx.o(i.SystemInit)
    i.TIM16_IRQHandler                       0x08002100   Section        0  py32f0xx_it.o(i.TIM16_IRQHandler)
    i.TIM1_BRK_UP_TRG_COM_IRQHandler         0x08002110   Section        0  py32f0xx_it.o(i.TIM1_BRK_UP_TRG_COM_IRQHandler)
    i.TIM_Base_SetConfig                     0x08002120   Section        0  py32f0xx_hal_tim.o(i.TIM_Base_SetConfig)
    i.Tim1_Configure                         0x08002184   Section        0  main.o(i.Tim1_Configure)
    i.UART_WaitOnFlagUntilTimeout            0x080021d0   Section        0  py32f0xx_hal_uart.o(i.UART_WaitOnFlagUntilTimeout)
    UART_WaitOnFlagUntilTimeout              0x080021d1   Thumb Code   112  py32f0xx_hal_uart.o(i.UART_WaitOnFlagUntilTimeout)
    i.__0printf$bare                         0x08002240   Section        0  printfb.o(i.__0printf$bare)
    i.__ARM_common_switch8                   0x08002254   Section        0  led2_digital_tube.o(i.__ARM_common_switch8)
    i.__scatterload_copy                     0x08002270   Section       14  handlers.o(i.__scatterload_copy)
    i.__scatterload_null                     0x0800227e   Section        2  handlers.o(i.__scatterload_null)
    i.__scatterload_zeroinit                 0x08002280   Section       14  handlers.o(i.__scatterload_zeroinit)
    i._printf_core                           0x0800228e   Section        0  printfb.o(i._printf_core)
    _printf_core                             0x0800228f   Thumb Code    30  printfb.o(i._printf_core)
    i.adc_enable                             0x080022ac   Section        0  user_gpio.o(i.adc_enable)
    i.cal_vol                                0x080022c4   Section        0  temperature.o(i.cal_vol)
    cal_vol                                  0x080022c5   Thumb Code    32  temperature.o(i.cal_vol)
    i.code_run                               0x080022ec   Section        0  encryptiondecryption.o(i.code_run)
    i.comb_addr                              0x08002350   Section        0  encryptiondecryption.o(i.comb_addr)
    comb_addr                                0x08002351   Thumb Code    14  encryptiondecryption.o(i.comb_addr)
    i.data_save_flash                        0x0800235e   Section        0  user_flash.o(i.data_save_flash)
    i.digital_display                        0x08002394   Section        0  led2_digital_tube.o(i.digital_display)
    digital_display                          0x08002395   Thumb Code   108  led2_digital_tube.o(i.digital_display)
    i.digital_display_init                   0x0800240c   Section        0  led2_digital_tube.o(i.digital_display_init)
    i.digital_display_percentage             0x08002434   Section        0  led2_digital_tube.o(i.digital_display_percentage)
    digital_display_percentage               0x08002435   Thumb Code   194  led2_digital_tube.o(i.digital_display_percentage)
    i.digital_display_unit                   0x08002500   Section        0  led2_digital_tube.o(i.digital_display_unit)
    digital_display_unit                     0x08002501   Thumb Code  1340  led2_digital_tube.o(i.digital_display_unit)
    i.digital_run                            0x08002a44   Section        0  led2_digital_tube.o(i.digital_run)
    i.encryption                             0x08002aec   Section        0  encryptiondecryption.o(i.encryption)
    encryption                               0x08002aed   Thumb Code    60  encryptiondecryption.o(i.encryption)
    i.encryption1                            0x08002b28   Section        0  encryptiondecryption.o(i.encryption1)
    encryption1                              0x08002b29   Thumb Code    22  encryptiondecryption.o(i.encryption1)
    i.fputc                                  0x08002b40   Section        0  py32f002xx_start_kit.o(i.fputc)
    i.getUid                                 0x08002b5c   Section        0  encryptiondecryption.o(i.getUid)
    getUid                                   0x08002b5d   Thumb Code    32  encryptiondecryption.o(i.getUid)
    i.get_flash_data                         0x08002b7c   Section        0  encryptiondecryption.o(i.get_flash_data)
    get_flash_data                           0x08002b7d   Thumb Code    26  encryptiondecryption.o(i.get_flash_data)
    i.gpio_config                            0x08002b98   Section        0  user_gpio.o(i.gpio_config)
    i.id_compare                             0x08002cd8   Section        0  encryptiondecryption.o(i.id_compare)
    i.id_method1                             0x08002d1c   Section        0  encryptiondecryption.o(i.id_method1)
    id_method1                               0x08002d1d   Thumb Code    20  encryptiondecryption.o(i.id_method1)
    i.id_method2                             0x08002d34   Section        0  encryptiondecryption.o(i.id_method2)
    id_method2                               0x08002d35   Thumb Code    28  encryptiondecryption.o(i.id_method2)
    i.iwdg_init                              0x08002d54   Section        0  main.o(i.iwdg_init)
    i.led_init                               0x08002d80   Section        0  led.o(i.led_init)
    i.led_run                                0x08002d8c   Section        0  led.o(i.led_run)
    i.main                                   0x08002e20   Section        0  main.o(i.main)
    i.method_res_compare                     0x08002ed0   Section        0  encryptiondecryption.o(i.method_res_compare)
    i.readCodeId                             0x08002f0c   Section        0  encryptiondecryption.o(i.readCodeId)
    readCodeId                               0x08002f0d   Thumb Code   110  encryptiondecryption.o(i.readCodeId)
    i.read_one_run                           0x08002f7a   Section        0  encryptiondecryption.o(i.read_one_run)
    read_one_run                             0x08002f7b   Thumb Code    22  encryptiondecryption.o(i.read_one_run)
    i.rerst_to_gpio                          0x08002f90   Section        0  reset_io_pin.o(i.rerst_to_gpio)
    i.save_one_run                           0x08002fd4   Section        0  encryptiondecryption.o(i.save_one_run)
    save_one_run                             0x08002fd5   Thumb Code    52  encryptiondecryption.o(i.save_one_run)
    i.temperature_init                       0x08003008   Section        0  temperature.o(i.temperature_init)
    i.val_get_deal                           0x08003044   Section        0  temperature.o(i.val_get_deal)
    i.vol_deal                               0x08003128   Section        0  led2_digital_tube.o(i.vol_deal)
    vol_deal                                 0x08003129   Thumb Code   234  led2_digital_tube.o(i.vol_deal)
    .constdata                               0x08003224   Section      128  system_py32f0xx.o(.constdata)
    .constdata                               0x080032a4   Section       38  led2_digital_tube.o(.constdata)
    dig_vol                                  0x080032a4   Data          38  led2_digital_tube.o(.constdata)
    .constdata                               0x080032cc   Section       20  py32f0xx_hal_rcc.o(.constdata)
    .constdata                               0x080032e0   Section       32  py32f0xx_hal_flash.o(.constdata)
    .ARM.__at_0x08004300                     0x08004300   Section        0  encryptiondecryption.o(.ARM.__at_0x08004300)
    .ARM.__at_0x20000000                     0x20000000   Section      192  system_py32f0xx.o(.ARM.__at_0x20000000)
    .data                                    0x200000c0   Section        4  system_py32f0xx.o(.data)
    .data                                    0x200000c4   Section       11  main.o(.data)
    sendCnt                                  0x200000ce   Data           1  main.o(.data)
    .data                                    0x200000d0   Section       18  temperature.o(.data)
    .data                                    0x200000e2   Section        7  led2_digital_tube.o(.data)
    .data                                    0x200000ec   Section      128  user_flash.o(.data)
    .data                                    0x2000016c   Section        1  led.o(.data)
    .data                                    0x20000170   Section       12  py32f0xx_hal.o(.data)
    .data                                    0x2000017c   Section        4  stdout.o(.data)
    .bss                                     0x20000180   Section       88  main.o(.bss)
    .bss                                     0x200001d8   Section       56  user_gpio.o(.bss)
    .bss                                     0x20000210   Section       24  encryptiondecryption.o(.bss)
    .bss                                     0x20000228   Section       40  temperature.o(.bss)
    .bss                                     0x20000250   Section       68  py32f002xx_start_kit.o(.bss)
    .bss                                     0x20000294   Section       24  py32f0xx_hal_flash.o(.bss)
    STACK                                    0x200002b0   Section     1024  startup_py32f002xx.o(STACK)

    Global Symbols

    Symbol Name                              Value     Ov Type        Size  Object(Section)

    BuildAttributes$$THM_ISAv3M$S$PE$A:L22$X:L11$S22$IEEE1$IW$USESV6$~STKCKD$USESV7$~SHL$OSPACE$ROPI$EBA8$MICROLIB$REQ8$PRES8$EABIv2 0x00000000   Number         0  anon$$obj.o ABSOLUTE
    __ARM_use_no_argv                        0x00000000   Number         0  main.o ABSOLUTE
    __cpp_initialize__aeabi_                  - Undefined Weak Reference
    __cxa_finalize                            - Undefined Weak Reference
    _clock_init                               - Undefined Weak Reference
    _microlib_exit                            - Undefined Weak Reference
    __Vectors_Size                           0x000000c0   Number         0  startup_py32f002xx.o ABSOLUTE
    __Vectors                                0x08000000   Data           4  startup_py32f002xx.o(RESET)
    __Vectors_End                            0x080000c0   Data           0  startup_py32f002xx.o(RESET)
    __main                                   0x080000c1   Thumb Code     0  entry.o(.ARM.Collect$$$$00000000)
    _main_stk                                0x080000c1   Thumb Code     0  entry2.o(.ARM.Collect$$$$00000001)
    _main_scatterload                        0x080000c5   Thumb Code     0  entry5.o(.ARM.Collect$$$$00000004)
    __main_after_scatterload                 0x080000c9   Thumb Code     0  entry5.o(.ARM.Collect$$$$00000004)
    _main_clock                              0x080000c9   Thumb Code     0  entry7b.o(.ARM.Collect$$$$00000008)
    _main_cpp_init                           0x080000c9   Thumb Code     0  entry8b.o(.ARM.Collect$$$$0000000A)
    _main_init                               0x080000c9   Thumb Code     0  entry9a.o(.ARM.Collect$$$$0000000B)
    __rt_final_cpp                           0x080000d1   Thumb Code     0  entry10a.o(.ARM.Collect$$$$0000000D)
    __rt_final_exit                          0x080000d1   Thumb Code     0  entry11a.o(.ARM.Collect$$$$0000000F)
    Reset_Handler                            0x080000d5   Thumb Code     8  startup_py32f002xx.o(.text)
    EXTI0_1_IRQHandler                       0x080000e7   Thumb Code     0  startup_py32f002xx.o(.text)
    FLASH_IRQHandler                         0x080000e7   Thumb Code     0  startup_py32f002xx.o(.text)
    I2C1_IRQHandler                          0x080000e7   Thumb Code     0  startup_py32f002xx.o(.text)
    LPTIM1_IRQHandler                        0x080000e7   Thumb Code     0  startup_py32f002xx.o(.text)
    RCC_IRQHandler                           0x080000e7   Thumb Code     0  startup_py32f002xx.o(.text)
    SPI1_IRQHandler                          0x080000e7   Thumb Code     0  startup_py32f002xx.o(.text)
    TIM1_CC_IRQHandler                       0x080000e7   Thumb Code     0  startup_py32f002xx.o(.text)
    USART1_IRQHandler                        0x080000e7   Thumb Code     0  startup_py32f002xx.o(.text)
    __aeabi_uidiv                            0x080000f1   Thumb Code     0  uidiv.o(.text)
    __aeabi_uidivmod                         0x080000f1   Thumb Code    44  uidiv.o(.text)
    __aeabi_idiv                             0x0800011d   Thumb Code     0  idiv.o(.text)
    __aeabi_idivmod                          0x0800011d   Thumb Code    40  idiv.o(.text)
    __aeabi_memcpy                           0x08000145   Thumb Code    36  memcpya.o(.text)
    __aeabi_memcpy4                          0x08000145   Thumb Code     0  memcpya.o(.text)
    __aeabi_memcpy8                          0x08000145   Thumb Code     0  memcpya.o(.text)
    __aeabi_memset                           0x08000169   Thumb Code    14  memseta.o(.text)
    __aeabi_memset4                          0x08000169   Thumb Code     0  memseta.o(.text)
    __aeabi_memset8                          0x08000169   Thumb Code     0  memseta.o(.text)
    __aeabi_memclr                           0x08000177   Thumb Code     4  memseta.o(.text)
    __aeabi_memclr4                          0x08000177   Thumb Code     0  memseta.o(.text)
    __aeabi_memclr8                          0x08000177   Thumb Code     0  memseta.o(.text)
    _memset$wrapper                          0x0800017b   Thumb Code    18  memseta.o(.text)
    __scatterload                            0x0800018d   Thumb Code    28  init.o(.text)
    __scatterload_rt2                        0x0800018d   Thumb Code     0  init.o(.text)
    __decompress                             0x080001b1   Thumb Code     0  __dczerorl2.o(.text)
    __decompress1                            0x080001b1   Thumb Code    86  __dczerorl2.o(.text)
    main                                     0x08000209   Thumb Code    44  system_py32f0xx.o(i.$Sub$$main)
    ADC_COMP_IRQHandler                      0x0800023d   Thumb Code    10  py32f0xx_it.o(i.ADC_COMP_IRQHandler)
    APP_ADCConfig                            0x080002c9   Thumb Code   180  main.o(i.APP_ADCConfig)
    APP_SystemClockConfig                    0x0800042d   Thumb Code   106  main.o(i.APP_SystemClockConfig)
    EXTI2_3_IRQHandler                       0x0800049d   Thumb Code    10  main.o(i.EXTI2_3_IRQHandler)
    EXTI4_15_IRQHandler                      0x080004a7   Thumb Code    10  main.o(i.EXTI4_15_IRQHandler)
    Error_Handler                            0x080004b1   Thumb Code     4  main.o(i.Error_Handler)
    FLASH_WaitForLastOperation               0x080005b9   Thumb Code    50  py32f0xx_hal_flash.o(i.FLASH_WaitForLastOperation)
    HAL_ADC_Calibration_Start                0x080005f5   Thumb Code   158  py32f0xx_hal_adc.o(i.HAL_ADC_Calibration_Start)
    HAL_ADC_ConfigChannel                    0x08000695   Thumb Code   370  py32f0xx_hal_adc.o(i.HAL_ADC_ConfigChannel)
    HAL_ADC_ConvCpltCallback                 0x08000819   Thumb Code    16  main.o(i.HAL_ADC_ConvCpltCallback)
    HAL_ADC_ErrorCallback                    0x08000831   Thumb Code     2  py32f0xx_hal_adc.o(i.HAL_ADC_ErrorCallback)
    HAL_ADC_IRQHandler                       0x08000833   Thumb Code   266  py32f0xx_hal_adc.o(i.HAL_ADC_IRQHandler)
    HAL_ADC_Init                             0x0800093d   Thumb Code   396  py32f0xx_hal_adc.o(i.HAL_ADC_Init)
    HAL_ADC_LevelOutOfWindowCallback         0x08000ad1   Thumb Code     2  py32f0xx_hal_adc.o(i.HAL_ADC_LevelOutOfWindowCallback)
    HAL_ADC_MspInit                          0x08000ad5   Thumb Code   134  py32f0xx_hal_msp.o(i.HAL_ADC_MspInit)
    HAL_ADC_Start_IT                         0x08000b65   Thumb Code   156  py32f0xx_hal_adc.o(i.HAL_ADC_Start_IT)
    HAL_Delay                                0x08000c05   Thumb Code    38  py32f0xx_hal.o(i.HAL_Delay)
    HAL_FLASH_Erase                          0x08000c31   Thumb Code   562  py32f0xx_hal_flash.o(i.HAL_FLASH_Erase)
    HAL_FLASH_Lock                           0x08000e79   Thumb Code    30  py32f0xx_hal_flash.o(i.HAL_FLASH_Lock)
    HAL_FLASH_OBProgram                      0x08000e9d   Thumb Code   514  py32f0xx_hal_flash.o(i.HAL_FLASH_OBProgram)
    HAL_FLASH_OB_Launch                      0x080010b5   Thumb Code    18  py32f0xx_hal_flash.o(i.HAL_FLASH_OB_Launch)
    HAL_FLASH_OB_Lock                        0x080010cd   Thumb Code    30  py32f0xx_hal_flash.o(i.HAL_FLASH_OB_Lock)
    HAL_FLASH_OB_Unlock                      0x080010f1   Thumb Code    40  py32f0xx_hal_flash.o(i.HAL_FLASH_OB_Unlock)
    HAL_FLASH_Program                        0x08001125   Thumb Code   418  py32f0xx_hal_flash.o(i.HAL_FLASH_Program)
    HAL_FLASH_Unlock                         0x080012dd   Thumb Code    40  py32f0xx_hal_flash.o(i.HAL_FLASH_Unlock)
    HAL_GPIO_EXTI_Callback                   0x08001311   Thumb Code     2  main.o(i.HAL_GPIO_EXTI_Callback)
    HAL_GPIO_EXTI_IRQHandler                 0x08001315   Thumb Code    26  py32f0xx_hal_gpio.o(i.HAL_GPIO_EXTI_IRQHandler)
    HAL_GPIO_Init                            0x08001335   Thumb Code   428  py32f0xx_hal_gpio.o(i.HAL_GPIO_Init)
    HAL_GPIO_WritePin                        0x080014e9   Thumb Code    12  py32f0xx_hal_gpio.o(i.HAL_GPIO_WritePin)
    HAL_GetTick                              0x080014f5   Thumb Code     6  py32f0xx_hal.o(i.HAL_GetTick)
    HAL_GetUIDw0                             0x08001501   Thumb Code     6  py32f0xx_hal.o(i.HAL_GetUIDw0)
    HAL_GetUIDw1                             0x0800150d   Thumb Code     6  py32f0xx_hal.o(i.HAL_GetUIDw1)
    HAL_GetUIDw2                             0x08001519   Thumb Code     6  py32f0xx_hal.o(i.HAL_GetUIDw2)
    HAL_IWDG_Init                            0x08001525   Thumb Code    76  py32f0xx_hal_iwdg.o(i.HAL_IWDG_Init)
    HAL_IWDG_Refresh                         0x0800157d   Thumb Code    12  py32f0xx_hal_iwdg.o(i.HAL_IWDG_Refresh)
    HAL_IncTick                              0x0800158d   Thumb Code    16  py32f0xx_hal.o(i.HAL_IncTick)
    HAL_Init                                 0x080015a5   Thumb Code    26  py32f0xx_hal.o(i.HAL_Init)
    HAL_InitTick                             0x080015c1   Thumb Code    82  py32f0xx_hal.o(i.HAL_InitTick)
    HAL_MspInit                              0x08001621   Thumb Code    28  py32f0xx_hal_msp.o(i.HAL_MspInit)
    HAL_NVIC_EnableIRQ                       0x08001641   Thumb Code    18  py32f0xx_hal_cortex.o(i.HAL_NVIC_EnableIRQ)
    HAL_NVIC_SetPriority                     0x08001659   Thumb Code    18  py32f0xx_hal_cortex.o(i.HAL_NVIC_SetPriority)
    HAL_RCC_ClockConfig                      0x0800166d   Thumb Code   394  py32f0xx_hal_rcc.o(i.HAL_RCC_ClockConfig)
    HAL_RCC_GetSysClockFreq                  0x08001811   Thumb Code   116  py32f0xx_hal_rcc.o(i.HAL_RCC_GetSysClockFreq)
    HAL_RCC_OscConfig                        0x08001891   Thumb Code   734  py32f0xx_hal_rcc.o(i.HAL_RCC_OscConfig)
    HAL_SYSTICK_Config                       0x08001b81   Thumb Code    46  py32f0xx_hal_cortex.o(i.HAL_SYSTICK_Config)
    HAL_TIMEx_BreakCallback                  0x08001bb9   Thumb Code    36  main.o(i.HAL_TIMEx_BreakCallback)
    HAL_TIMEx_CommutCallback                 0x08001c05   Thumb Code    36  main.o(i.HAL_TIMEx_CommutCallback)
    HAL_TIM_Base_Init                        0x08001c55   Thumb Code    46  py32f0xx_hal_tim.o(i.HAL_TIM_Base_Init)
    HAL_TIM_Base_MspInit                     0x08001c85   Thumb Code   100  py32f0xx_hal_msp.o(i.HAL_TIM_Base_MspInit)
    HAL_TIM_Base_Start_IT                    0x08001ced   Thumb Code    42  py32f0xx_hal_tim.o(i.HAL_TIM_Base_Start_IT)
    HAL_TIM_IC_CaptureCallback               0x08001d17   Thumb Code     2  py32f0xx_hal_tim.o(i.HAL_TIM_IC_CaptureCallback)
    HAL_TIM_IRQHandler                       0x08001d19   Thumb Code   456  py32f0xx_hal_tim.o(i.HAL_TIM_IRQHandler)
    HAL_TIM_OC_DelayElapsedCallback          0x08001ee1   Thumb Code     2  py32f0xx_hal_tim.o(i.HAL_TIM_OC_DelayElapsedCallback)
    HAL_TIM_PWM_PulseFinishedCallback        0x08001ee3   Thumb Code     2  py32f0xx_hal_tim.o(i.HAL_TIM_PWM_PulseFinishedCallback)
    HAL_TIM_PeriodElapsedCallback            0x08001ee5   Thumb Code    74  main.o(i.HAL_TIM_PeriodElapsedCallback)
    HAL_TIM_TriggerCallback                  0x08001f49   Thumb Code     2  py32f0xx_hal_tim.o(i.HAL_TIM_TriggerCallback)
    HAL_UART_Transmit                        0x08001f4b   Thumb Code   254  py32f0xx_hal_uart.o(i.HAL_UART_Transmit)
    HardFault_Handler                        0x08002049   Thumb Code     4  py32f0xx_it.o(i.HardFault_Handler)
    NMI_Handler                              0x0800204d   Thumb Code     2  py32f0xx_it.o(i.NMI_Handler)
    PendSV_Handler                           0x080020c9   Thumb Code     2  py32f0xx_it.o(i.PendSV_Handler)
    SVC_Handler                              0x080020cb   Thumb Code     2  py32f0xx_it.o(i.SVC_Handler)
    SysTick_Handler                          0x080020cd   Thumb Code     8  py32f0xx_it.o(i.SysTick_Handler)
    SystemInit                               0x080020d5   Thumb Code    32  system_py32f0xx.o(i.SystemInit)
    TIM16_IRQHandler                         0x08002101   Thumb Code    10  py32f0xx_it.o(i.TIM16_IRQHandler)
    TIM1_BRK_UP_TRG_COM_IRQHandler           0x08002111   Thumb Code    10  py32f0xx_it.o(i.TIM1_BRK_UP_TRG_COM_IRQHandler)
    TIM_Base_SetConfig                       0x08002121   Thumb Code    92  py32f0xx_hal_tim.o(i.TIM_Base_SetConfig)
    Tim1_Configure                           0x08002185   Thumb Code    62  main.o(i.Tim1_Configure)
    __0printf$bare                           0x08002241   Thumb Code    12  printfb.o(i.__0printf$bare)
    __1printf$bare                           0x08002241   Thumb Code     0  printfb.o(i.__0printf$bare)
    __2printf                                0x08002241   Thumb Code     0  printfb.o(i.__0printf$bare)
    __ARM_common_switch8                     0x08002255   Thumb Code    28  led2_digital_tube.o(i.__ARM_common_switch8)
    __scatterload_copy                       0x08002271   Thumb Code    14  handlers.o(i.__scatterload_copy)
    __scatterload_null                       0x0800227f   Thumb Code     2  handlers.o(i.__scatterload_null)
    __scatterload_zeroinit                   0x08002281   Thumb Code    14  handlers.o(i.__scatterload_zeroinit)
    adc_enable                               0x080022ad   Thumb Code    18  user_gpio.o(i.adc_enable)
    code_run                                 0x080022ed   Thumb Code    92  encryptiondecryption.o(i.code_run)
    data_save_flash                          0x0800235f   Thumb Code    54  user_flash.o(i.data_save_flash)
    digital_display_init                     0x0800240d   Thumb Code    22  led2_digital_tube.o(i.digital_display_init)
    digital_run                              0x08002a45   Thumb Code   134  led2_digital_tube.o(i.digital_run)
    fputc                                    0x08002b41   Thumb Code    22  py32f002xx_start_kit.o(i.fputc)
    gpio_config                              0x08002b99   Thumb Code   304  user_gpio.o(i.gpio_config)
    id_compare                               0x08002cd9   Thumb Code    62  encryptiondecryption.o(i.id_compare)
    iwdg_init                                0x08002d55   Thumb Code    34  main.o(i.iwdg_init)
    led_init                                 0x08002d81   Thumb Code     8  led.o(i.led_init)
    led_run                                  0x08002d8d   Thumb Code   142  led.o(i.led_run)
    $Super$$main                             0x08002e21   Thumb Code   158  main.o(i.main)
    method_res_compare                       0x08002ed1   Thumb Code    50  encryptiondecryption.o(i.method_res_compare)
    rerst_to_gpio                            0x08002f91   Thumb Code    64  reset_io_pin.o(i.rerst_to_gpio)
    temperature_init                         0x08003009   Thumb Code    34  temperature.o(i.temperature_init)
    val_get_deal                             0x08003045   Thumb Code   196  temperature.o(i.val_get_deal)
    AHBPrescTable                            0x08003224   Data          64  system_py32f0xx.o(.constdata)
    APBPrescTable                            0x08003264   Data          32  system_py32f0xx.o(.constdata)
    HSIFreqTable                             0x08003284   Data          32  system_py32f0xx.o(.constdata)
    _FlashTimmingParam                       0x080032e0   Data          32  py32f0xx_hal_flash.o(.constdata)
    Region$$Table$$Base                      0x08003300   Number         0  anon$$obj.o(Region$$Table)
    Region$$Table$$Limit                     0x08003320   Number         0  anon$$obj.o(Region$$Table)
    one_run                                  0x08004301   Thumb Code   250  encryptiondecryption.o(.ARM.__at_0x08004300)
    VECT_SRAM_TAB                            0x20000000   Data         192  system_py32f0xx.o(.ARM.__at_0x20000000)
    SystemCoreClock                          0x200000c0   Data           4  system_py32f0xx.o(.data)
    exti_handle                              0x200000c4   Data           8  main.o(.data)
    run_secondFlag                           0x200000cc   Data           1  main.o(.data)
    ms8_flag                                 0x200000cd   Data           1  main.o(.data)
    secFlag                                  0x200000d0   Data           1  temperature.o(.data)
    ad_done_flag                             0x200000d1   Data           1  temperature.o(.data)
    aADCxConvertedData                       0x200000d4   Data           4  temperature.o(.data)
    adcConverterCnt                          0x200000d8   Data           1  temperature.o(.data)
    vol_value                                0x200000dc   Data           4  temperature.o(.data)
    vol_enable                               0x200000e0   Data           1  temperature.o(.data)
    firstcnt                                 0x200000e1   Data           1  temperature.o(.data)
    digital_value                            0x200000e2   Data           3  led2_digital_tube.o(.data)
    display_second                           0x200000e5   Data           1  led2_digital_tube.o(.data)
    percentage_reg                           0x200000e6   Data           1  led2_digital_tube.o(.data)
    page                                     0x200000e7   Data           1  led2_digital_tube.o(.data)
    pageV                                    0x200000e8   Data           1  led2_digital_tube.o(.data)
    DATA                                     0x200000ec   Data         128  user_flash.o(.data)
    led_mode                                 0x2000016c   Data           1  led.o(.data)
    uwTick                                   0x20000170   Data           4  py32f0xx_hal.o(.data)
    uwTickPrio                               0x20000174   Data           4  py32f0xx_hal.o(.data)
    uwTickFreq                               0x20000178   Data           4  py32f0xx_hal.o(.data)
    __stdout                                 0x2000017c   Data           4  stdout.o(.data)
    sConfig                                  0x20000180   Data          12  main.o(.bss)
    Tim16Handle                              0x2000018c   Data          32  main.o(.bss)
    Tim1Handle                               0x200001ac   Data          32  main.o(.bss)
    IwdgHandle                               0x200001cc   Data          12  main.o(.bss)
    AdcHandle                                0x200001d8   Data          56  user_gpio.o(.bss)
    codeId1                                  0x20000210   Data          12  encryptiondecryption.o(.bss)
    codeId2                                  0x2000021c   Data          12  encryptiondecryption.o(.bss)
    aADC                                     0x20000228   Data          40  temperature.o(.bss)
    DebugUartHandle                          0x20000250   Data          68  py32f002xx_start_kit.o(.bss)
    pFlash                                   0x20000294   Data          24  py32f0xx_hal_flash.o(.bss)
    __initial_sp                             0x200006b0   Data           0  startup_py32f002xx.o(STACK)



==============================================================================

Memory Map of the image

  Image Entry point : 0x080000c1

  Load Region LR_IROM1 (Base: 0x08000000, Size: 0x00004580, Max: 0x00005000, ABSOLUTE, COMPRESSED[0x00004444])

    Execution Region ER_IROM1 (Base: 0x08000000, Size: 0x00004400, Max: 0x00005000, ABSOLUTE)

    Base Addr    Size         Type   Attr      Idx    E Section Name        Object

    0x08000000   0x000000c0   Data   RO          124    RESET               startup_py32f002xx.o
    0x080000c0   0x00000000   Code   RO         2775  * .ARM.Collect$$$$00000000  mc_p.l(entry.o)
    0x080000c0   0x00000004   Code   RO         3048    .ARM.Collect$$$$00000001  mc_p.l(entry2.o)
    0x080000c4   0x00000004   Code   RO         3051    .ARM.Collect$$$$00000004  mc_p.l(entry5.o)
    0x080000c8   0x00000000   Code   RO         3053    .ARM.Collect$$$$00000008  mc_p.l(entry7b.o)
    0x080000c8   0x00000000   Code   RO         3055    .ARM.Collect$$$$0000000A  mc_p.l(entry8b.o)
    0x080000c8   0x00000008   Code   RO         3056    .ARM.Collect$$$$0000000B  mc_p.l(entry9a.o)
    0x080000d0   0x00000000   Code   RO         3058    .ARM.Collect$$$$0000000D  mc_p.l(entry10a.o)
    0x080000d0   0x00000000   Code   RO         3060    .ARM.Collect$$$$0000000F  mc_p.l(entry11a.o)
    0x080000d0   0x00000004   Code   RO         3049    .ARM.Collect$$$$00002712  mc_p.l(entry2.o)
    0x080000d4   0x0000001c   Code   RO          125    .text               startup_py32f002xx.o
    0x080000f0   0x0000002c   Code   RO         2778    .text               mc_p.l(uidiv.o)
    0x0800011c   0x00000028   Code   RO         2780    .text               mc_p.l(idiv.o)
    0x08000144   0x00000024   Code   RO         2782    .text               mc_p.l(memcpya.o)
    0x08000168   0x00000024   Code   RO         2784    .text               mc_p.l(memseta.o)
    0x0800018c   0x00000024   Code   RO         3076    .text               mc_p.l(init.o)
    0x080001b0   0x00000056   Code   RO         3096    .text               mc_p.l(__dczerorl2.o)
    0x08000206   0x00000002   PAD
    0x08000208   0x00000034   Code   RO            3    i.$Sub$$main        system_py32f0xx.o
    0x0800023c   0x00000010   Code   RO          305    i.ADC_COMP_IRQHandler  py32f0xx_it.o
    0x0800024c   0x0000007c   Code   RO         1580    i.ADC_Enable        py32f0xx_hal_adc.o
    0x080002c8   0x000000c4   Code   RO          131    i.APP_ADCConfig     main.o
    0x0800038c   0x00000020   Code   RO          672    i.APP_FlashBlank    user_flash.o
    0x080003ac   0x0000002a   Code   RO          673    i.APP_FlashErase    user_flash.o
    0x080003d6   0x00000030   Code   RO          674    i.APP_FlashProgram  user_flash.o
    0x08000406   0x00000024   Code   RO          675    i.APP_FlashVerify   user_flash.o
    0x0800042a   0x00000002   PAD
    0x0800042c   0x00000070   Code   RO          132    i.APP_SystemClockConfig  main.o
    0x0800049c   0x0000000a   Code   RO          133    i.EXTI2_3_IRQHandler  main.o
    0x080004a6   0x0000000a   Code   RO          134    i.EXTI4_15_IRQHandler  main.o
    0x080004b0   0x00000004   Code   RO          135    i.Error_Handler     main.o
    0x080004b4   0x00000028   Code   RO         2604    i.FLASH_MassErase   py32f0xx_hal_flash.o
    0x080004dc   0x00000018   Code   RO         2605    i.FLASH_OB_GetRDP   py32f0xx_hal_flash.o
    0x080004f4   0x00000018   Code   RO         2606    i.FLASH_OB_GetUser  py32f0xx_hal_flash.o
    0x0800050c   0x00000020   Code   RO         2607    i.FLASH_OB_OptrConfig  py32f0xx_hal_flash.o
    0x0800052c   0x00000020   Code   RO         2608    i.FLASH_PageErase   py32f0xx_hal_flash.o
    0x0800054c   0x00000054   Code   RO         2609    i.FLASH_Program_Page  py32f0xx_hal_flash.o
    0x080005a0   0x00000018   Code   RO         2610    i.FLASH_SectorErase  py32f0xx_hal_flash.o
    0x080005b8   0x0000003c   Code   RO         2611    i.FLASH_WaitForLastOperation  py32f0xx_hal_flash.o
    0x080005f4   0x0000009e   Code   RO         1582    i.HAL_ADC_Calibration_Start  py32f0xx_hal_adc.o
    0x08000692   0x00000002   PAD
    0x08000694   0x00000184   Code   RO         1583    i.HAL_ADC_ConfigChannel  py32f0xx_hal_adc.o
    0x08000818   0x00000018   Code   RO          136    i.HAL_ADC_ConvCpltCallback  main.o
    0x08000830   0x00000002   Code   RO         1587    i.HAL_ADC_ErrorCallback  py32f0xx_hal_adc.o
    0x08000832   0x0000010a   Code   RO         1592    i.HAL_ADC_IRQHandler  py32f0xx_hal_adc.o
    0x0800093c   0x00000194   Code   RO         1593    i.HAL_ADC_Init      py32f0xx_hal_adc.o
    0x08000ad0   0x00000002   Code   RO         1594    i.HAL_ADC_LevelOutOfWindowCallback  py32f0xx_hal_adc.o
    0x08000ad2   0x00000002   PAD
    0x08000ad4   0x00000090   Code   RO          273    i.HAL_ADC_MspInit   py32f0xx_hal_msp.o
    0x08000b64   0x000000a0   Code   RO         1601    i.HAL_ADC_Start_IT  py32f0xx_hal_adc.o
    0x08000c04   0x0000002c   Code   RO          871    i.HAL_Delay         py32f0xx_hal.o
    0x08000c30   0x00000248   Code   RO         2613    i.HAL_FLASH_Erase   py32f0xx_hal_flash.o
    0x08000e78   0x00000024   Code   RO         2617    i.HAL_FLASH_Lock    py32f0xx_hal_flash.o
    0x08000e9c   0x00000218   Code   RO         2619    i.HAL_FLASH_OBProgram  py32f0xx_hal_flash.o
    0x080010b4   0x00000018   Code   RO         2620    i.HAL_FLASH_OB_Launch  py32f0xx_hal_flash.o
    0x080010cc   0x00000024   Code   RO         2621    i.HAL_FLASH_OB_Lock  py32f0xx_hal_flash.o
    0x080010f0   0x00000034   Code   RO         2623    i.HAL_FLASH_OB_Unlock  py32f0xx_hal_flash.o
    0x08001124   0x000001b8   Code   RO         2627    i.HAL_FLASH_Program  py32f0xx_hal_flash.o
    0x080012dc   0x00000034   Code   RO         2629    i.HAL_FLASH_Unlock  py32f0xx_hal_flash.o
    0x08001310   0x00000002   Code   RO          137    i.HAL_GPIO_EXTI_Callback  main.o
    0x08001312   0x00000002   PAD
    0x08001314   0x00000020   Code   RO         1103    i.HAL_GPIO_EXTI_IRQHandler  py32f0xx_hal_gpio.o
    0x08001334   0x000001b4   Code   RO         1104    i.HAL_GPIO_Init     py32f0xx_hal_gpio.o
    0x080014e8   0x0000000c   Code   RO         1108    i.HAL_GPIO_WritePin  py32f0xx_hal_gpio.o
    0x080014f4   0x0000000c   Code   RO          875    i.HAL_GetTick       py32f0xx_hal.o
    0x08001500   0x0000000c   Code   RO          878    i.HAL_GetUIDw0      py32f0xx_hal.o
    0x0800150c   0x0000000c   Code   RO          879    i.HAL_GetUIDw1      py32f0xx_hal.o
    0x08001518   0x0000000c   Code   RO          880    i.HAL_GetUIDw2      py32f0xx_hal.o
    0x08001524   0x00000058   Code   RO         2578    i.HAL_IWDG_Init     py32f0xx_hal_iwdg.o
    0x0800157c   0x00000010   Code   RO         2579    i.HAL_IWDG_Refresh  py32f0xx_hal_iwdg.o
    0x0800158c   0x00000018   Code   RO          881    i.HAL_IncTick       py32f0xx_hal.o
    0x080015a4   0x0000001a   Code   RO          882    i.HAL_Init          py32f0xx_hal.o
    0x080015be   0x00000002   PAD
    0x080015c0   0x00000060   Code   RO          883    i.HAL_InitTick      py32f0xx_hal.o
    0x08001620   0x00000020   Code   RO          274    i.HAL_MspInit       py32f0xx_hal_msp.o
    0x08001640   0x00000018   Code   RO         1486    i.HAL_NVIC_EnableIRQ  py32f0xx_hal_cortex.o
    0x08001658   0x00000012   Code   RO         1490    i.HAL_NVIC_SetPriority  py32f0xx_hal_cortex.o
    0x0800166a   0x00000002   PAD
    0x0800166c   0x000001a4   Code   RO         1015    i.HAL_RCC_ClockConfig  py32f0xx_hal_rcc.o
    0x08001810   0x00000080   Code   RO         1022    i.HAL_RCC_GetSysClockFreq  py32f0xx_hal_rcc.o
    0x08001890   0x000002f0   Code   RO         1025    i.HAL_RCC_OscConfig  py32f0xx_hal_rcc.o
    0x08001b80   0x00000038   Code   RO         1494    i.HAL_SYSTICK_Config  py32f0xx_hal_cortex.o
    0x08001bb8   0x0000004c   Code   RO          138    i.HAL_TIMEx_BreakCallback  main.o
    0x08001c04   0x00000050   Code   RO          139    i.HAL_TIMEx_CommutCallback  main.o
    0x08001c54   0x0000002e   Code   RO         1843    i.HAL_TIM_Base_Init  py32f0xx_hal_tim.o
    0x08001c82   0x00000002   PAD
    0x08001c84   0x00000068   Code   RO          275    i.HAL_TIM_Base_MspInit  py32f0xx_hal_msp.o
    0x08001cec   0x0000002a   Code   RO         1847    i.HAL_TIM_Base_Start_IT  py32f0xx_hal_tim.o
    0x08001d16   0x00000002   Code   RO         1864    i.HAL_TIM_IC_CaptureCallback  py32f0xx_hal_tim.o
    0x08001d18   0x000001c8   Code   RO         1876    i.HAL_TIM_IRQHandler  py32f0xx_hal_tim.o
    0x08001ee0   0x00000002   Code   RO         1879    i.HAL_TIM_OC_DelayElapsedCallback  py32f0xx_hal_tim.o
    0x08001ee2   0x00000002   Code   RO         1904    i.HAL_TIM_PWM_PulseFinishedCallback  py32f0xx_hal_tim.o
    0x08001ee4   0x00000064   Code   RO          140    i.HAL_TIM_PeriodElapsedCallback  main.o
    0x08001f48   0x00000002   Code   RO         1915    i.HAL_TIM_TriggerCallback  py32f0xx_hal_tim.o
    0x08001f4a   0x000000fe   Code   RO         1271    i.HAL_UART_Transmit  py32f0xx_hal_uart.o
    0x08002048   0x00000004   Code   RO          306    i.HardFault_Handler  py32f0xx_it.o
    0x0800204c   0x00000002   Code   RO          307    i.NMI_Handler       py32f0xx_it.o
    0x0800204e   0x00000002   PAD
    0x08002050   0x00000078   Code   RO         1496    i.NVIC_SetPriority  py32f0xx_hal_cortex.o
    0x080020c8   0x00000002   Code   RO          308    i.PendSV_Handler    py32f0xx_it.o
    0x080020ca   0x00000002   Code   RO          309    i.SVC_Handler       py32f0xx_it.o
    0x080020cc   0x00000008   Code   RO          310    i.SysTick_Handler   py32f0xx_it.o
    0x080020d4   0x0000002c   Code   RO            5    i.SystemInit        system_py32f0xx.o
    0x08002100   0x00000010   Code   RO          311    i.TIM16_IRQHandler  py32f0xx_it.o
    0x08002110   0x00000010   Code   RO          312    i.TIM1_BRK_UP_TRG_COM_IRQHandler  py32f0xx_it.o
    0x08002120   0x00000064   Code   RO         1917    i.TIM_Base_SetConfig  py32f0xx_hal_tim.o
    0x08002184   0x0000004c   Code   RO          142    i.Tim1_Configure    main.o
    0x080021d0   0x00000070   Code   RO         1281    i.UART_WaitOnFlagUntilTimeout  py32f0xx_hal_uart.o
    0x08002240   0x00000014   Code   RO         2789    i.__0printf$bare    mc_p.l(printfb.o)
    0x08002254   0x0000001c   Code   RO          654    i.__ARM_common_switch8  led2_digital_tube.o
    0x08002270   0x0000000e   Code   RO         3090    i.__scatterload_copy  mc_p.l(handlers.o)
    0x0800227e   0x00000002   Code   RO         3091    i.__scatterload_null  mc_p.l(handlers.o)
    0x08002280   0x0000000e   Code   RO         3092    i.__scatterload_zeroinit  mc_p.l(handlers.o)
    0x0800228e   0x0000001e   Code   RO         2796    i._printf_core      mc_p.l(printfb.o)
    0x080022ac   0x00000018   Code   RO          371    i.adc_enable        user_gpio.o
    0x080022c4   0x00000028   Code   RO          559    i.cal_vol           temperature.o
    0x080022ec   0x00000064   Code   RO          461    i.code_run          encryptiondecryption.o
    0x08002350   0x0000000e   Code   RO          462    i.comb_addr         encryptiondecryption.o
    0x0800235e   0x00000036   Code   RO          676    i.data_save_flash   user_flash.o
    0x08002394   0x00000078   Code   RO          609    i.digital_display   led2_digital_tube.o
    0x0800240c   0x00000028   Code   RO          610    i.digital_display_init  led2_digital_tube.o
    0x08002434   0x000000cc   Code   RO          611    i.digital_display_percentage  led2_digital_tube.o
    0x08002500   0x00000544   Code   RO          612    i.digital_display_unit  led2_digital_tube.o
    0x08002a44   0x000000a8   Code   RO          613    i.digital_run       led2_digital_tube.o
    0x08002aec   0x0000003c   Code   RO          463    i.encryption        encryptiondecryption.o
    0x08002b28   0x00000016   Code   RO          464    i.encryption1       encryptiondecryption.o
    0x08002b3e   0x00000002   PAD
    0x08002b40   0x0000001c   Code   RO          785    i.fputc             py32f002xx_start_kit.o
    0x08002b5c   0x00000020   Code   RO          465    i.getUid            encryptiondecryption.o
    0x08002b7c   0x0000001a   Code   RO          466    i.get_flash_data    encryptiondecryption.o
    0x08002b96   0x00000002   PAD
    0x08002b98   0x00000140   Code   RO          372    i.gpio_config       user_gpio.o
    0x08002cd8   0x00000044   Code   RO          467    i.id_compare        encryptiondecryption.o
    0x08002d1c   0x00000018   Code   RO          468    i.id_method1        encryptiondecryption.o
    0x08002d34   0x00000020   Code   RO          469    i.id_method2        encryptiondecryption.o
    0x08002d54   0x0000002c   Code   RO          143    i.iwdg_init         main.o
    0x08002d80   0x0000000c   Code   RO          722    i.led_init          led.o
    0x08002d8c   0x00000094   Code   RO          723    i.led_run           led.o
    0x08002e20   0x000000b0   Code   RO          144    i.main              main.o
    0x08002ed0   0x0000003c   Code   RO          470    i.method_res_compare  encryptiondecryption.o
    0x08002f0c   0x0000006e   Code   RO          471    i.readCodeId        encryptiondecryption.o
    0x08002f7a   0x00000016   Code   RO          472    i.read_one_run      encryptiondecryption.o
    0x08002f90   0x00000044   Code   RO          754    i.rerst_to_gpio     reset_io_pin.o
    0x08002fd4   0x00000034   Code   RO          473    i.save_one_run      encryptiondecryption.o
    0x08003008   0x0000003c   Code   RO          560    i.temperature_init  temperature.o
    0x08003044   0x000000e4   Code   RO          561    i.val_get_deal      temperature.o
    0x08003128   0x000000fc   Code   RO          614    i.vol_deal          led2_digital_tube.o
    0x08003224   0x00000080   Data   RO            7    .constdata          system_py32f0xx.o
    0x080032a4   0x00000026   Data   RO          615    .constdata          led2_digital_tube.o
    0x080032ca   0x00000002   PAD
    0x080032cc   0x00000014   Data   RO         1026    .constdata          py32f0xx_hal_rcc.o
    0x080032e0   0x00000020   Data   RO         2631    .constdata          py32f0xx_hal_flash.o
    0x08003300   0x00000020   Data   RO         3088    Region$$Table       anon$$obj.o
    0x08003320   0x00000fe0   PAD
    0x08004300   0x00000100   Code   RO          460    .ARM.__at_0x08004300  encryptiondecryption.o


    Execution Region RW_IRAM1 (Base: 0x20000000, Size: 0x000006b0, Max: 0x00000c00, ABSOLUTE, COMPRESSED[0x00000044])

    Base Addr    Size         Type   Attr      Idx    E Section Name        Object

    0x20000000   0x000000c0   Data   RW            6    .ARM.__at_0x20000000  system_py32f0xx.o
    0x200000c0   0x00000004   Data   RW            8    .data               system_py32f0xx.o
    0x200000c4   0x0000000b   Data   RW          146    .data               main.o
    0x200000cf   0x00000001   PAD
    0x200000d0   0x00000012   Data   RW          563    .data               temperature.o
    0x200000e2   0x00000007   Data   RW          616    .data               led2_digital_tube.o
    0x200000e9   0x00000003   PAD
    0x200000ec   0x00000080   Data   RW          677    .data               user_flash.o
    0x2000016c   0x00000001   Data   RW          724    .data               led.o
    0x2000016d   0x00000003   PAD
    0x20000170   0x0000000c   Data   RW          889    .data               py32f0xx_hal.o
    0x2000017c   0x00000004   Data   RW         3062    .data               mc_p.l(stdout.o)
    0x20000180   0x00000058   Zero   RW          145    .bss                main.o
    0x200001d8   0x00000038   Zero   RW          373    .bss                user_gpio.o
    0x20000210   0x00000018   Zero   RW          474    .bss                encryptiondecryption.o
    0x20000228   0x00000028   Zero   RW          562    .bss                temperature.o
    0x20000250   0x00000044   Zero   RW          786    .bss                py32f002xx_start_kit.o
    0x20000294   0x00000018   Zero   RW         2630    .bss                py32f0xx_hal_flash.o
    0x200002ac   0x00000004   PAD
    0x200002b0   0x00000400   Zero   RW          122    STACK               startup_py32f002xx.o


==============================================================================

Image component sizes


      Code (inc. data)   RO Data    RW Data    ZI Data      Debug   Object Name

       878         38          0          0         24      10633   encryptiondecryption.o
       160         10          0          1          0       1344   led.o
      2160        132         38          7          0       5682   led2_digital_tube.o
       910        182          0         11         88       9424   main.o
        28          6          0          0         68       2218   py32f002xx_start_kit.o
       238         52          0         12          0       6378   py32f0xx_hal.o
      1504         44          0          0          0       7398   py32f0xx_hal_adc.o
       218         26          0          0          0       9689   py32f0xx_hal_cortex.o
      2080        164         32          0         24      24261   py32f0xx_hal_flash.o
       480         14          0          0          0       3219   py32f0xx_hal_gpio.o
       104         16          0          0          0       2015   py32f0xx_hal_iwdg.o
       280         18          0          0          0       2307   py32f0xx_hal_msp.o
      1300         56         20          0          0       3952   py32f0xx_hal_rcc.o
       652          8          0          0          0       6359   py32f0xx_hal_tim.o
       366          0          0          0          0       2648   py32f0xx_hal_uart.o
        66         18          0          0          0       4117   py32f0xx_it.o
        68          4          0          0          0        616   reset_io_pin.o
        28          8        192          0       1024        684   startup_py32f002xx.o
        96         20        128        196          0     230732   system_py32f0xx.o
       328         66          0         18         40       3127   temperature.o
       212          0          0        128          0       4113   user_flash.o
       344         22          0          0         56     166972   user_gpio.o

    ----------------------------------------------------------------------
     12520        904       4508        380       1328     507888   Object Totals
         0          0         32          0          0          0   (incl. Generated)
        20          0       4066          7          4          0   (incl. Padding)

    ----------------------------------------------------------------------

      Code (inc. data)   RO Data    RW Data    ZI Data      Debug   Library Member Name

        86          0          0          0          0          0   __dczerorl2.o
         0          0          0          0          0          0   entry.o
         0          0          0          0          0          0   entry10a.o
         0          0          0          0          0          0   entry11a.o
         8          4          0          0          0          0   entry2.o
         4          0          0          0          0          0   entry5.o
         0          0          0          0          0          0   entry7b.o
         0          0          0          0          0          0   entry8b.o
         8          4          0          0          0          0   entry9a.o
        30          0          0          0          0          0   handlers.o
        40          0          0          0          0         72   idiv.o
        36          8          0          0          0         68   init.o
        36          0          0          0          0         60   memcpya.o
        36          0          0          0          0        100   memseta.o
        50          8          0          0          0        144   printfb.o
         0          0          0          4          0          0   stdout.o
        44          0          0          0          0         72   uidiv.o

    ----------------------------------------------------------------------
       380         24          0          4          0        516   Library Totals
         2          0          0          0          0          0   (incl. Padding)

    ----------------------------------------------------------------------

      Code (inc. data)   RO Data    RW Data    ZI Data      Debug   Library Name

       378         24          0          4          0        516   mc_p.l

    ----------------------------------------------------------------------
       380         24          0          4          0        516   Library Totals

    ----------------------------------------------------------------------

==============================================================================


      Code (inc. data)   RO Data    RW Data    ZI Data      Debug   

     12900        928       4508        384       1328     503568   Grand Totals
     12900        928       4508         68       1328     503568   ELF Image Totals (compressed)
     12900        928       4508         68          0          0   ROM Totals

==============================================================================

    Total RO  Size (Code + RO Data)                17408 (  17.00kB)
    Total RW  Size (RW Data + ZI Data)              1712 (   1.67kB)
    Total ROM Size (Code + RO Data + RW Data)      17476 (  17.07kB)

==============================================================================

