C51 COMPILER V9.59.0.0   AAAAAAAAAAAAAAAAAAAA_TEST                                         02/20/2023 17:38:21 PAGE 1   


C51 COMPILER V9.59.0.0, COMPILATION OF MODULE AAAAAAAAAAAAAAAAAAAA_TEST
OBJECT MODULE PLACED IN .\Objects\aaaaaaaaaaaaaaaaaaaa_test.obj
COMPILER INVOKED BY: C:\Keil_C51\C51\BIN\C51.EXE src\aaaaaaaaaaaaaaaaaaaa_test.c OPTIMIZE(8,SPEED) BROWSE INCDIR(.\src;.
                    -\Driver\inc;.\Driver\src) DEBUG OBJECTEXTEND PRINT(.\Listings\aaaaaaaaaaaaaaaaaaaa_test.lst) TABS(2) OBJECT(.\Objects\aa
                    -aaaaaaaaaaaaaaaaaa_test.obj)

line level    source

   1          #include  "type_def.h"
   2          
   3          char code myVer[40] = {0xff,0xff,0xff,0xff,0xff,0xff,0xff,0xff,0xff,0xff,
   4                                0xff,0xff,0xff,0xff,0xff,0xff,0xff,0xff,0xff,0xff,
   5                                0xff,0xff,0xff,0xff,0xff,0xff,0xff,0xff,0xff,0xff,
   6                                0xff,0xff,0xff,0xff,0xff,0xff,0xff,0xff,0xff,0xff};
   7          


MODULE INFORMATION:   STATIC OVERLAYABLE
   CODE SIZE        =   ----    ----
   CONSTANT SIZE    =     40    ----
   XDATA SIZE       =   ----    ----
   PDATA SIZE       =   ----    ----
   DATA SIZE        =   ----    ----
   IDATA SIZE       =   ----    ----
   BIT SIZE         =   ----    ----
END OF MODULE INFORMATION.


C51 COMPILATION COMPLETE.  0 WARNING(S),  0 ERROR(S)
