C51 COMPILER V9.59.0.0   STC8G_H_UART_ISR                                                  02/10/2023 11:24:18 PAGE 1   


C51 COMPILER V9.59.0.0, COMPILATION OF MODULE STC8G_H_UART_ISR
OBJECT MODULE PLACED IN .\Objects\STC8G_H_UART_Isr.obj
COMPILER INVOKED BY: C:\Keil_C51\C51\BIN\C51.EXE Driver\isr\STC8G_H_UART_Isr.c OMF2 OPTIMIZE(8,SPEED) BROWSE INCDIR(.\sr
                    -c;.\Driver\inc;.\Driver\src) DEBUG PRINT(.\Listings\STC8G_H_UART_Isr.lst) TABS(2) OBJECT(.\Objects\STC8G_H_UART_Isr.obj)

line level    source

   1          
   2          #include "STC8G_H_UART.h"
   3          #include "uart.h"
   4          //========================================================================
   5          // 函数: UART1_ISR_Handler
   6          // 描述: UART1中断函数.
   7          // 参数: none.
   8          // 返回: none.
   9          // 版本: V1.0, 2020-09-23
  10          //========================================================================
  11          #ifdef UART1
  12          void UART1_ISR_Handler (void) interrupt UART1_VECTOR
  13          {
  14   1        if(RI)
  15   1        {
  16   2            RI = 0;
  17   2      
  18   2            if(uart_revLen >= UART1_BUF_SIZE)
*** ERROR C202 IN LINE 18 OF Driver\isr\STC8G_H_UART_Isr.c: 'uart_revLen': undefined identifier
  19   2               uart_revLen = 0;
*** ERROR C202 IN LINE 19 OF Driver\isr\STC8G_H_UART_Isr.c: 'uart_revLen': undefined identifier
  20   2            
  21   2            uart_rev[uart_revLen] = SBUF;
*** ERROR C202 IN LINE 21 OF Driver\isr\STC8G_H_UART_Isr.c: 'uart_revLen': undefined identifier
  22   2            ++uart_revLen;
*** ERROR C202 IN LINE 22 OF Driver\isr\STC8G_H_UART_Isr.c: 'uart_revLen': undefined identifier
  23   2        
  24   2            uart_time=0;
*** ERROR C202 IN LINE 24 OF Driver\isr\STC8G_H_UART_Isr.c: 'uart_time': undefined identifier
  25   2          
  26   2           
  27   2        }
  28   1      
  29   1        if(TI)
  30   1        {
  31   2           TI = 0;
  32   2           busy = 0; 
*** ERROR C202 IN LINE 32 OF Driver\isr\STC8G_H_UART_Isr.c: 'busy': undefined identifier
  33   2        }
  34   1      }
  35          #endif
  36          
  37          //========================================================================
  38          // 函数: UART2_ISR_Handler
  39          // 描述: UART2中断函数.
  40          // 参数: none.
  41          // 返回: none.
  42          // 版本: V1.0, 2020-09-23
  43          //========================================================================
  44          #ifdef UART2
  45          void UART2_ISR_Handler (void) interrupt UART2_VECTOR
  46          {
  47   1        if(RI2)
  48   1        {
C51 COMPILER V9.59.0.0   STC8G_H_UART_ISR                                                  02/10/2023 11:24:18 PAGE 2   

  49   2          CLR_RI2();
  50   2          #if 0
                  if(COM2.B_RX_OK == 0)
                  {
                    if(COM2.RX_Cnt >= COM_RX2_Lenth)  COM2.RX_Cnt = 0;
                    RX2_Buffer[COM2.RX_Cnt++] = S2BUF;
                    COM2.RX_TimeOut = TimeOutSet2;
                  }
                  #endif
  58   2        }
  59   1      
  60   1        if(TI2)
  61   1        {
  62   2          CLR_TI2();
  63   2      //    COM2.B_TX_busy = 0;
  64   2          
  65   2      //    if(COM2.TX_read != COM2.TX_write)
  66   2      //    {
  67   2      //      S2BUF = TX2_Buffer[COM2.TX_read];
  68   2      //      if(++COM2.TX_read >= COM_TX2_Lenth)   COM2.TX_read = 0;
  69   2      //    }
  70   2      //    else  COM2.B_TX_busy = 0;
  71   2        }
  72   1      }
  73          #endif
  74          
  75          //========================================================================
  76          // 函数: UART3_ISR_Handler
  77          // 描述: UART3中断函数.
  78          // 参数: none.
  79          // 返回: none.
  80          // 版本: V1.0, 2020-09-23
  81          //========================================================================
  82          #ifdef UART3
              void UART3_ISR_Handler (void) interrupt UART3_VECTOR
              {
                if(RI3)
                {
                  CLR_RI3();
                  if(COM3.B_RX_OK == 0)
                  {
                    if(COM3.RX_Cnt >= COM_RX3_Lenth)  COM3.RX_Cnt = 0;
                    RX3_Buffer[COM3.RX_Cnt++] = S3BUF;
                    COM3.RX_TimeOut = TimeOutSet3;
                  }
                }
              
                if(TI3)
                {
                  CLR_TI3();
                  COM3.B_TX_busy = 0;
                  
              //    if(COM3.TX_read != COM3.TX_write)
              //    {
              //      S3BUF = TX3_Buffer[COM3.TX_read];
              //      if(++COM3.TX_read >= COM_TX3_Lenth)   COM3.TX_read = 0;
              //    }
              //    else  COM3.B_TX_busy = 0;
                }
              }
              #endif
 110          
C51 COMPILER V9.59.0.0   STC8G_H_UART_ISR                                                  02/10/2023 11:24:18 PAGE 3   

 111          //========================================================================
 112          // 函数: UART4_ISR_Handler
 113          // 描述: UART4中断函数.
 114          // 参数: none.
 115          // 返回: none.
 116          // 版本: V1.0, 2020-09-23
 117          //========================================================================
 118          #ifdef UART4
              void UART4_ISR_Handler (void) interrupt UART4_VECTOR
              {
                if(RI4)
                {
                  CLR_RI4();
                  if(COM4.B_RX_OK == 0)
                  {
                    if(COM4.RX_Cnt >= COM_RX4_Lenth)  COM4.RX_Cnt = 0;
                    RX4_Buffer[COM4.RX_Cnt++] = S4BUF;
                    COM4.RX_TimeOut = TimeOutSet4;
                  }
                }
              
                if(TI4)
                {
                  CLR_TI4();
                  COM4.B_TX_busy = 0;
                  
              //    if(COM4.TX_read != COM4.TX_write)
              //    {
              //      S4BUF = TX4_Buffer[COM4.TX_read];
              //      if(++COM4.TX_read >= COM_TX4_Lenth)   COM4.TX_read = 0;
              //    }
              //    else  COM4.B_TX_busy = 0;
                }
              }
              #endif

C51 COMPILATION COMPLETE.  0 WARNING(S),  6 ERROR(S)
