<html>
<body>
<pre>
<h1>µVision Build Log</h1>
<h2>Tool Versions:</h2>
IDE-Version: ¦ÌVision V5.14.0.0
Copyright (C) 2015 ARM Ltd and ARM Germany GmbH. All rights reserved.
License Information: Z Administrator, z, LIC=VGXG8-3G4DU-Y8DFK-ZWRBI-IVFY4-8V1S4
 
Tool Versions:
Toolchain:       MDK-ARM Standard  Version: 5.14.0.0
Toolchain Path:  C:\Keil_ARM_v5\ARM\ARMCC\Bin
C Compiler:      Armcc.exe V5.05 update 1 (build 106)
Assembler:       Armasm.exe V5.05 update 1 (build 106)
Linker/Locator:  ArmLink.exe V5.05 update 1 (build 106)
Library Manager: ArmAr.exe V5.05 update 1 (build 106)
Hex Converter:   FromElf.exe V5.05 update 1 (build 106)
CPU DLL:         SARMCM3.DLL V5.14.0.0
Dialog DLL:      DARMCM1.DLL V1.12.0.0
Target DLL:      CMSIS_AGDI.dll V1.21.0.0
Dialog DLL:      TARMCM1.DLL V1.9.0.0
 
<h2>Project:</h2>
D:\zhuoMian\delayTimer\bat_voltage_monitoring\code\PY32F002A\PY32F0xx_Firmware_V1.1.2\Projects\PY32F002A-STK\Example\FLASH\FLASH_OptionByteWrite_RST\MDK-ARM\Project.uvprojx
Project File Date:  11/09/2022

<h2>Output:</h2>
Build target 'Project'
compiling system_py32f0xx.c...
assembling startup_py32f002xx.s...
compiling main.c...
compiling py32f0xx_hal_msp.c...
compiling py32f0xx_it.c...
compiling py32f002xx_Start_Kit.c...
compiling py32f0xx_hal.c...
compiling py32f0xx_hal_rcc.c...
compiling py32f0xx_hal_gpio.c...
compiling py32f0xx_hal_pwr.c...
compiling py32f0xx_hal_uart.c...
compiling py32f0xx_hal_cortex.c...
compiling py32f0xx_hal_flash.c...
linking...
Program Size: Code=2140 RO-data=264 RW-data=216 ZI-data=1048  
FromELF: creating hex file...
".\Output\FLASH_OptionByteWrite_RST.axf" - 0 Error(s), 0 Warning(s).

<h2>Software Packages used:</h2>

Package Vendor: ARM
                http://www.keil.com/pack/ARM.CMSIS.4.2.0.pack
                ARM::CMSIS:CORE:3.40.0
                CMSIS (Cortex Microcontroller Software Interface Standard)
   * Component: CORE Version: 3.40.0

<h2>Collection of Component include folders:</h2>
  D:\zhuoMian\delayTimer\bat_voltage_monitoring\code\PY32F002A\PY32F0xx_Firmware_V1.1.2\Projects\PY32F002A-STK\Example\FLASH\FLASH_OptionByteWrite_RST\MDK-ARM\RTE
  C:\Keil_ARM_v5\ARM\PACK\ARM\CMSIS\4.2.0\CMSIS\Include
  C:\Keil_ARM_v5\ARM\PACK\Puya\PY32F0xx_DFP\1.1.3

<h2>Collection of Component Files used:</h2>

   * Component: ARM::CMSIS:CORE:3.40.0
      Source file:   CMSIS\UserCodeTemplates\ARM\ITM_Retarget.c
</pre>
</body>
</html>
